<html>
<body>
<pre>
<h1>µVision Build Log</h1>
<h2>Tool Versions:</h2>
IDE-Version: µVision V5.29.0.0
Copyright (C) 2019 ARM Ltd and ARM Germany GmbH. All rights reserved.
License Information: DANG NGUYEN , DNTN corp, LIC=RC93N-Y8Z0V-WFII7-E9X7S-LW2ZT-L123V
 
Tool Versions:
Toolchain:       MDK-ARM Plus  Version: 5.29.0.0
Toolchain Path:  C:\Keil_v5\ARM\ARMCC\Bin
C Compiler:      Armcc.exe V5.06 update 6 (build 750)
Assembler:       Armasm.exe V5.06 update 6 (build 750)
Linker/Locator:  ArmLink.exe V5.06 update 6 (build 750)
Library Manager: ArmAr.exe V5.06 update 6 (build 750)
Hex Converter:   FromElf.exe V5.06 update 6 (build 750)
CPU DLL:         SARMCM3.DLL V5.29.0.0
Dialog DLL:      DCM.DLL V1.17.3.0
Target DLL:      STLink\ST-LINKIII-KEIL_SWO.dll V3.0.7.0
Dialog DLL:      TCM.DLL V1.36.5.0
 
<h2>Project:</h2>
C:\Users\NGUYEN DANG\Documents\robocon\code\R2\R2code\ROBOT_MR1\MDK-ARM\Project.uvprojx
Project File Date:  11/06/2025

<h2>Output:</h2>
*** Using Compiler 'V5.06 update 6 (build 750)', folder: 'C:\Keil_v5\ARM\ARMCC\Bin'
Build target 'Project'
compiling main.c...
..\LID_HMI.h(16): warning:  #223-D: function "strlen" declared implicitly
      int len = strlen(_buf1);
..\LID_HMI.h(17): warning:  #223-D: function "strcmp" declared implicitly
      if (strcmp(Buffer_HMI, _buf1) != 0) {	
..\LID_HMI.h(18): warning:  #223-D: function "strncpy" declared implicitly
          strncpy(Buffer_HMI, _buf1, sizeof(Buffer_HMI) - 1);  // Sao chép n?i dung m?i vào Buffer_HMI v?i gi?i h?n kích thu?c
..\LID_HMI.h(114): warning:  #223-D: function "strcat" declared implicitly
  strcat (ky_tu,ky_tu_1);
..\LID_HMI.h(97): warning:  #177-D: variable "k"  was declared but never referenced
  	char k=0xff,i;
..\LID_HMI.h(147): warning:  #223-D: function "strcat" declared implicitly
  strcat (ky_tu,ky_tu_1);
..\LID_HMI.h(132): warning:  #177-D: variable "k"  was declared but never referenced
  	char k=0xff,i;
..\LID_HMI.h(188): warning:  #223-D: function "strcat" declared implicitly
  strcat (ky_tu,ky_tu_1);
..\LID_HMI.h(171): warning:  #177-D: variable "k"  was declared but never referenced
  	char k=0xff,i;
..\doc_tay_game.h(345): warning:  #177-D: variable "CANH_A"  was declared but never referenced
  	   float CANH_A,CANH_B;
..\doc_tay_game.h(345): warning:  #177-D: variable "CANH_B"  was declared but never referenced
  	   float CANH_A,CANH_B;
..\config.h(681): warning:  #177-D: variable "NVIC_InitStructure"  was declared but never referenced
  	NVIC_InitTypeDef NVIC_InitStructure;
..\config.h(1638): warning:  #188-D: enumerated type mixed with another type
  											GPIO_WriteBit(GPIOC,GPIO_Pin_15,0);
..\config.h(1642): warning:  #188-D: enumerated type mixed with another type
  											GPIO_WriteBit(GPIOC,GPIO_Pin_15,1);
..\config.h(1680): warning:  #111-D: statement is unreachable
  										break;
..\config.h(1629): warning:  #177-D: variable "camera"  was declared but never referenced
  		char*camera="11111111111111111111110111111111";
..\config.h(1632): warning:  #550-D: variable "_chu_cac_bit"  was set but never used
  									char _chu_cac_bit[40];
..\config.h(1758): warning:  #177-D: variable "_k"  was declared but never referenced
  	{int _k,_i;
..\config.h(1758): warning:  #177-D: variable "_i"  was declared but never referenced
  	{int _k,_i;
..\config.h(1770): warning:  #1-D: last line of file ends without a newline
  }
..\4OmniControler.h(390): warning:  #1035-D: single-precision operand implicitly converted to double-precision
  			robotRotate(robotAngle, (abs(robotAngle - _robotIMUAngle) > 100? (robotAngle > _robotIMUAngle ? rotate: -rotate):(robotAngle - _robotIMUAngle)*0.005), 0);
..\DieuKhienCoCau.h(20): warning:  #260-D: explicit type is missing ("int" assumed)
  extern speed_temp;
..\DieuKhienCoCau.h(106): warning:  #1035-D: single-precision operand implicitly converted to double-precision
      float speed = MIN_SPEED + (MAX_SPEED - MIN_SPEED) * tanh(0.05 * distanceFromCenter);
..\DieuKhienCoCau.h(122): warning:  #140-D: too many arguments in function call
              robotRotateStop(0);
..\DieuKhienCoCau.h(170): warning:  #1035-D: single-precision operand implicitly converted to double-precision
      lucBanCam = GOC_MOC + ((received_distance - MOCCHUAN) / MOCCHUAN) * (GOC_MAX1 - GOC_MIN1) * GOC_ALPHA;
..\DieuKhienCoCau.h(158): warning:  #177-D: variable "gocBanCam"  was declared but never referenced
      float gocBanCam = 0;
..\DieuKhienCoCau.h(192): warning:  #177-D: variable "gocBan"  was declared but never referenced
      float gocBan = 0;
..\DieuKhienCoCau.h(327): warning:  #177-D: variable "bientromamxoayCouter"  was declared but never referenced
  	static unsigned int bientromamxoayCouter = 0, bientromamxoay_SUM = 0;
..\DieuKhienCoCau.h(327): warning:  #177-D: variable "bientromamxoay_SUM"  was declared but never referenced
  	static unsigned int bientromamxoayCouter = 0, bientromamxoay_SUM = 0;
..\DieuKhienCoCau.h(936): warning:  #1-D: last line of file ends without a newline
  //}
..\BasicFunction.h(54): warning:  #177-D: variable "td_x"  was declared but never referenced
  	int tocdo = 40, td_x = 5;
..\San_Xanh.h(14): warning:  #188-D: enumerated type mixed with another type
  					XI_LANH_HA_KEP;
..\San_Xanh.h(22): warning:  #188-D: enumerated type mixed with another type
  				XI_LANH_KEP_DONG;
..\San_Xanh.h(26): warning:  #188-D: enumerated type mixed with another type
  				XI_LANH_NANG_KEP;
..\San_Xanh.h(42): warning:  #188-D: enumerated type mixed with another type
  					XI_LANH_HA_KEP;
..\San_Xanh.h(51): warning:  #188-D: enumerated type mixed with another type
  					XI_LANH_KEP_DONG;
..\San_Xanh.h(54): warning:  #188-D: enumerated type mixed with another type
  					XI_LANH_NANG_KEP;
..\San_Xanh.h(69): warning:  #188-D: enumerated type mixed with another type
  					XI_LANH_HA_KEP;
..\San_Xanh.h(77): warning:  #188-D: enumerated type mixed with another type
  				XI_LANH_KEP_DONG;
..\San_Xanh.h(81): warning:  #188-D: enumerated type mixed with another type
  				XI_LANH_NANG_KEP;
..\San_Xanh.h(96): warning:  #188-D: enumerated type mixed with another type
  					XI_LANH_HA_KEP;
..\San_Xanh.h(104): warning:  #188-D: enumerated type mixed with another type
  				XI_LANH_KEP_DONG;
..\San_Xanh.h(108): warning:  #188-D: enumerated type mixed with another type
  				XI_LANH_NANG_KEP;
..\San_Xanh.h(305): warning:  #1-D: last line of file ends without a newline
  }
..\main.c(171): warning:  #188-D: enumerated type mixed with another type
  				XI_LANH_HA_KEP;
..\main.c(222): warning:  #1-D: last line of file ends without a newline
  }
..\main.c: 46 warnings, 0 errors
linking...
Program Size: Code=46960 RO-data=640 RW-data=948 ZI-data=12324  
FromELF: creating hex file...
".\Project\Project.axf" - 0 Error(s), 46 Warning(s).

<h2>Software Packages used:</h2>

Package Vendor: ARM
                http://www.keil.com/pack/ARM.CMSIS.5.6.0.pack
                ARM.CMSIS.5.6.0
                CMSIS (Cortex Microcontroller Software Interface Standard)
   * Component: CORE Version: 5.3.0

Package Vendor: Keil
                https://www.keil.com/pack/Keil.STM32F4xx_DFP.3.1.1.pack
                Keil.STM32F4xx_DFP.3.1.1
                STMicroelectronics STM32F4 Series Device Support

<h2>Collection of Component include folders:</h2>
  .\RTE\_Project
  C:\Users\NGUYEN DANG\AppData\Local\Arm\Packs\ARM\CMSIS\5.6.0\CMSIS\Core\Include

<h2>Collection of Component Files used:</h2>

   * Component: ARM::CMSIS:CORE:5.3.0
Build Time Elapsed:  00:00:02
</pre>
</body>
</html>
