Component: ARM Compiler 5.06 update 6 (build 750) Tool: armlink [4d35ed]

==============================================================================

Section Cross References

    stm32f4xx_it.o(.text) refers to stm32f4xx_usart.o(.text) for USART_GetITStatus
    stm32f4xx_it.o(.text) refers to stm32f4xx_dma.o(.text) for DMA_ClearITPendingBit
    stm32f4xx_it.o(.text) refers to main.o(.text) for ProcessReceivedData
    stm32f4xx_it.o(.text) refers to stm32f4xx_tim.o(.text) for TIM_ClearITPendingBit
    stm32f4xx_it.o(.text) refers to stm32f4xx_exti.o(.text) for EXTI_GetITStatus
    stm32f4xx_it.o(.text) refers to stm32f4xx_gpio.o(.text) for GPIO_ToggleBits
    stm32f4xx_it.o(.text) refers to main.o(.bss) for RX_USART1
    stm32f4xx_it.o(.text) refers to main.o(.data) for IMU
    main.o(.text) refers to strlen.o(.text) for strlen
    main.o(.text) refers to strcmp.o(.text) for strcmp
    main.o(.text) refers to strncpy.o(.text) for strncpy
    main.o(.text) refers to stm32f4xx_dma.o(.text) for DMA_Cmd
    main.o(.text) refers to stm32f4xx_usart.o(.text) for USART_SendData
    main.o(.text) refers to printf8.o(i.__0snprintf$8) for __2snprintf
    main.o(.text) refers to printf8.o(i.__0sprintf$8) for __2sprintf
    main.o(.text) refers to strcat.o(.text) for strcat
    main.o(.text) refers to stm32f4xx_tim.o(.text) for TIM_GetCounter
    main.o(.text) refers to main.o(.bss) for Buffer_HMI
    main.o(.text) refers to main.o(.data) for num_over_t3
    main.o(.text) refers to dflti.o(.text) for __aeabi_i2d
    main.o(.text) refers to ddiv.o(.text) for __aeabi_ddiv
    main.o(.text) refers to dfixi.o(.text) for __aeabi_d2iz
    main.o(.text) refers to stm32f4xx_rcc.o(.text) for RCC_AHB1PeriphClockCmd
    main.o(.text) refers to stm32f4xx_gpio.o(.text) for GPIO_Init
    main.o(.text) refers to misc.o(.text) for NVIC_PriorityGroupConfig
    main.o(.text) refers to stm32f4xx_adc.o(.text) for ADC_CommonInit
    main.o(.text) refers to stm32f4xx_syscfg.o(.text) for SYSCFG_EXTILineConfig
    main.o(.text) refers to stm32f4xx_exti.o(.text) for EXTI_Init
    main.o(.text) refers to fmod.o(i.__hardfp_fmod) for __hardfp_fmod
    main.o(.text) refers to dadd.o(.text) for __aeabi_dsub
    main.o(.text) refers to f2d.o(.text) for __aeabi_f2d
    main.o(.text) refers to fabs.o(i.__hardfp_fabs) for __hardfp_fabs
    main.o(.text) refers to tanhf.o(i.__hardfp_tanhf) for __hardfp_tanhf
    main.o(.text) refers to dmul.o(.text) for __aeabi_dmul
    main.o(.text) refers to d2f.o(.text) for __aeabi_d2f
    main.o(.text) refers to cos.o(i.__hardfp_cos) for __hardfp_cos
    main.o(.text) refers to sin.o(i.__hardfp_sin) for __hardfp_sin
    main.o(.text) refers to atan2f.o(i.__hardfp_atan2f) for __hardfp_atan2f
    main.o(.text) refers to pow.o(i.__hardfp_pow) for __hardfp_pow
    main.o(.text) refers to sqrt.o(i.__hardfp_sqrt) for __hardfp_sqrt
    main.o(.text) refers to tasks.o(.text) for vTaskDelay
    system_stm32f4xx.o(.text) refers to system_stm32f4xx.o(.data) for SystemCoreClock
    startup_stm32f4xx.o(RESET) refers to startup_stm32f4xx.o(STACK) for __initial_sp
    startup_stm32f4xx.o(RESET) refers to startup_stm32f4xx.o(.text) for Reset_Handler
    startup_stm32f4xx.o(RESET) refers to stm32f4xx_it.o(.text) for NMI_Handler
    startup_stm32f4xx.o(RESET) refers to port.o(.emb_text) for SVC_Handler
    startup_stm32f4xx.o(RESET) refers to port.o(.text) for SysTick_Handler
    startup_stm32f4xx.o(.text) refers to system_stm32f4xx.o(.text) for SystemInit
    startup_stm32f4xx.o(.text) refers to entry.o(.ARM.Collect$$$$00000000) for __main
    stm32f4xx_gpio.o(.text) refers to stm32f4xx_rcc.o(.text) for RCC_AHB1PeriphResetCmd
    stm32f4xx_rcc.o(.text) refers to stm32f4xx_rcc.o(.data) for APBAHBPrescTable
    stm32f4xx_adc.o(.text) refers to stm32f4xx_rcc.o(.text) for RCC_APB2PeriphResetCmd
    stm32f4xx_spi.o(.text) refers to stm32f4xx_rcc.o(.text) for RCC_APB2PeriphResetCmd
    stm32f4xx_tim.o(.text) refers to stm32f4xx_rcc.o(.text) for RCC_APB2PeriphResetCmd
    stm32f4xx_usart.o(.text) refers to stm32f4xx_rcc.o(.text) for RCC_APB2PeriphResetCmd
    stm32f4xx_syscfg.o(.text) refers to stm32f4xx_rcc.o(.text) for RCC_APB2PeriphResetCmd
    stm32f4xx_i2c.o(.text) refers to stm32f4xx_rcc.o(.text) for RCC_APB1PeriphResetCmd
    croutine.o(.text) refers to list.o(.text) for vListInitialise
    croutine.o(.text) refers to heap_2.o(.text) for pvPortMalloc
    croutine.o(.text) refers to port.o(.emb_text) for ulPortSetInterruptMask
    croutine.o(.text) refers to tasks.o(.text) for xTaskGetTickCount
    croutine.o(.text) refers to croutine.o(.bss) for pxReadyCoRoutineLists
    croutine.o(.text) refers to croutine.o(.data) for pxDelayedCoRoutineList
    queue.o(.text) refers to port.o(.emb_text) for ulPortSetInterruptMask
    queue.o(.text) refers to port.o(.text) for vPortEnterCritical
    queue.o(.text) refers to tasks.o(.text) for xTaskRemoveFromEventList
    queue.o(.text) refers to list.o(.text) for vListInitialise
[...]
    Bam_thanh_laser_trai                     0x08004d15   Thumb Code   164  main.o(.text)
    Bam_thanh_laser_trai_runangle            0x08004db9   Thumb Code    98  main.o(.text)
    Bam_thanh_laser_truoc                    0x08004e1b   Thumb Code   164  main.o(.text)
    Lay_KFS_Tu_Dong                          0x08004ebf   Thumb Code   216  main.o(.text)
    Bac_kfs                                  0x08004f97   Thumb Code    22  main.o(.text)
    Ve_home                                  0x08004fad   Thumb Code    74  main.o(.text)
    Cua_phai_trai                            0x08004ff7   Thumb Code   420  main.o(.text)
    robotGamePadControl                      0x0800519b   Thumb Code   756  main.o(.text)
    Home_wheel_0h_Out                        0x0800548f   Thumb Code   100  main.o(.text)
    Home_wheel_0h                            0x080054f3   Thumb Code    94  main.o(.text)
    Home_wheel_4h_Out                        0x08005551   Thumb Code    40  main.o(.text)
    Home_wheel_4h                            0x08005579   Thumb Code    96  main.o(.text)
    Home_wheel_8h_Out                        0x080055d9   Thumb Code    40  main.o(.text)
    Home_wheel_8h                            0x08005601   Thumb Code    96  main.o(.text)
    Angle_0h                                 0x08005661   Thumb Code   158  main.o(.text)
    Angle_4h                                 0x080056ff   Thumb Code   158  main.o(.text)
    Angle_8h                                 0x0800579d   Thumb Code   158  main.o(.text)
    Xuat_Phat_Lay_Gay_vtr1_Xanh              0x0800583b   Thumb Code   428  main.o(.text)
    Xuat_Phat_Lay_Gay_vtr2_Xanh              0x080059e7   Thumb Code   390  main.o(.text)
    leodoc                                   0x08005b6d   Thumb Code   612  main.o(.text)
    DatKFS_Xanh                              0x08005dd1   Thumb Code   446  main.o(.text)
    Cua_goc_xanh_1                           0x08005f8f   Thumb Code   470  main.o(.text)
    vtri1vs2xanh                             0x08006165   Thumb Code   390  main.o(.text)
    Trai_xanh                                0x080062eb   Thumb Code   698  main.o(.text)
    Phai_xanh                                0x080065a5   Thumb Code   534  main.o(.text)
    vtri11xanh                               0x080067bb   Thumb Code   788  main.o(.text)
    testxanh                                 0x08006acf   Thumb Code   548  main.o(.text)
    chaytudong_esp_now_san_xanh              0x08006cf3   Thumb Code   374  main.o(.text)
    can_tam_robot                            0x08006e69   Thumb Code   192  main.o(.text)
    Xuat_Phat_Lay_Gay_vtri1_Do               0x08006f29   Thumb Code   330  main.o(.text)
    Xuat_Phat_Lay_Gay_vtri2_Do               0x08007073   Thumb Code   454  main.o(.text)
    leodocdo                                 0x08007239   Thumb Code   552  main.o(.text)
    DatKFSDo                                 0x08007461   Thumb Code   442  main.o(.text)
    Cua_goc_do_1                             0x0800761b   Thumb Code   200  main.o(.text)
    Trai_do                                  0x080076e3   Thumb Code   580  main.o(.text)
    Phai_do                                  0x08007927   Thumb Code   652  main.o(.text)
    vtri1vs2do                               0x08007bb3   Thumb Code   376  main.o(.text)
    vtri11do                                 0x08007d2b   Thumb Code   784  main.o(.text)
    testdo                                   0x0800803b   Thumb Code   552  main.o(.text)
    chaytudong_esp_now_san1                  0x08008263   Thumb Code   380  main.o(.text)
    USART1_SendChar                          0x080083df   Thumb Code    28  main.o(.text)
    USART1_SendHex                           0x080083fb   Thumb Code    34  main.o(.text)
    main                                     0x08008863   Thumb Code    60  main.o(.text)
    SystemInit                               0x080089b5   Thumb Code    74  system_stm32f4xx.o(.text)
    SystemCoreClockUpdate                    0x080089ff   Thumb Code   174  system_stm32f4xx.o(.text)
    Reset_Handler                            0x08008ad9   Thumb Code     8  startup_stm32f4xx.o(.text)
    ADC_IRQHandler                           0x08008af3   Thumb Code     0  startup_stm32f4xx.o(.text)
    CAN1_RX0_IRQHandler                      0x08008af3   Thumb Code     0  startup_stm32f4xx.o(.text)
    CAN1_RX1_IRQHandler                      0x08008af3   Thumb Code     0  startup_stm32f4xx.o(.text)
    CAN1_SCE_IRQHandler                      0x08008af3   Thumb Code     0  startup_stm32f4xx.o(.text)
    CAN1_TX_IRQHandler                       0x08008af3   Thumb Code     0  startup_stm32f4xx.o(.text)
    CAN2_RX0_IRQHandler                      0x08008af3   Thumb Code     0  startup_stm32f4xx.o(.text)
    CAN2_RX1_IRQHandler                      0x08008af3   Thumb Code     0  startup_stm32f4xx.o(.text)
    CAN2_SCE_IRQHandler                      0x08008af3   Thumb Code     0  startup_stm32f4xx.o(.text)
    CAN2_TX_IRQHandler                       0x08008af3   Thumb Code     0  startup_stm32f4xx.o(.text)
    CRYP_IRQHandler                          0x08008af3   Thumb Code     0  startup_stm32f4xx.o(.text)
    DCMI_IRQHandler                          0x08008af3   Thumb Code     0  startup_stm32f4xx.o(.text)
    DMA1_Stream3_IRQHandler                  0x08008af3   Thumb Code     0  startup_stm32f4xx.o(.text)
    DMA1_Stream5_IRQHandler                  0x08008af3   Thumb Code     0  startup_stm32f4xx.o(.text)
    DMA2_Stream0_IRQHandler                  0x08008af3   Thumb Code     0  startup_stm32f4xx.o(.text)
    DMA2_Stream3_IRQHandler                  0x08008af3   Thumb Code     0  startup_stm32f4xx.o(.text)
    DMA2_Stream4_IRQHandler                  0x08008af3   Thumb Code     0  startup_stm32f4xx.o(.text)
    DMA2_Stream6_IRQHandler                  0x08008af3   Thumb Code     0  startup_stm32f4xx.o(.text)
    DMA2_Stream7_IRQHandler                  0x08008af3   Thumb Code     0  startup_stm32f4xx.o(.text)
    ETH_IRQHandler                           0x08008af3   Thumb Code     0  startup_stm32f4xx.o(.text)
    ETH_WKUP_IRQHandler                      0x08008af3   Thumb Code     0  startup_stm32f4xx.o(.text)
    EXTI0_IRQHandler                         0x08008af3   Thumb Code     0  startup_stm32f4xx.o(.text)
    EXTI15_10_IRQHandler                     0x08008af3   Thumb Code     0  startup_stm32f4xx.o(.text)
    EXTI1_IRQHandler                         0x08008af3   Thumb Code     0  startup_stm32f4xx.o(.text)
    EXTI4_IRQHandler                         0x08008af3   Thumb Code     0  startup_stm32f4xx.o(.text)
    EXTI9_5_IRQHandler                       0x08008af3   Thumb Code     0  startup_stm32f4xx.o(.text)
    FLASH_IRQHandler                         0x08008af3   Thumb Code     0  startup_stm32f4xx.o(.text)
    FPU_IRQHandler                           0x08008af3   Thumb Code     0  startup_stm32f4xx.o(.text)
    FSMC_IRQHandler                          0x08008af3   Thumb Code     0  startup_stm32f4xx.o(.text)
    HASH_RNG_IRQHandler                      0x08008af3   Thumb Code     0  startup_stm32f4xx.o(.text)
    I2C1_ER_IRQHandler                       0x08008af3   Thumb Code     0  startup_stm32f4xx.o(.text)
    I2C1_EV_IRQHandler                       0x08008af3   Thumb Code     0  startup_stm32f4xx.o(.text)
    I2C2_ER_IRQHandler                       0x08008af3   Thumb Code     0  startup_stm32f4xx.o(.text)
    I2C2_EV_IRQHandler                       0x08008af3   Thumb Code     0  startup_stm32f4xx.o(.text)
    I2C3_ER_IRQHandler                       0x08008af3   Thumb Code     0  startup_stm32f4xx.o(.text)
    I2C3_EV_IRQHandler                       0x08008af3   Thumb Code     0  startup_stm32f4xx.o(.text)
    OTG_FS_IRQHandler                        0x08008af3   Thumb Code     0  startup_stm32f4xx.o(.text)
    OTG_FS_WKUP_IRQHandler                   0x08008af3   Thumb Code     0  startup_stm32f4xx.o(.text)
    OTG_HS_EP1_IN_IRQHandler                 0x08008af3   Thumb Code     0  startup_stm32f4xx.o(.text)
    OTG_HS_EP1_OUT_IRQHandler                0x08008af3   Thumb Code     0  startup_stm32f4xx.o(.text)
    OTG_HS_IRQHandler                        0x08008af3   Thumb Code     0  startup_stm32f4xx.o(.text)
    OTG_HS_WKUP_IRQHandler                   0x08008af3   Thumb Code     0  startup_stm32f4xx.o(.text)
    PVD_IRQHandler                           0x08008af3   Thumb Code     0  startup_stm32f4xx.o(.text)
    RCC_IRQHandler                           0x08008af3   Thumb Code     0  startup_stm32f4xx.o(.text)
    RTC_Alarm_IRQHandler                     0x08008af3   Thumb Code     0  startup_stm32f4xx.o(.text)
    RTC_WKUP_IRQHandler                      0x08008af3   Thumb Code     0  startup_stm32f4xx.o(.text)
    SDIO_IRQHandler                          0x08008af3   Thumb Code     0  startup_stm32f4xx.o(.text)
    SPI2_IRQHandler                          0x08008af3   Thumb Code     0  startup_stm32f4xx.o(.text)
    TAMP_STAMP_IRQHandler                    0x08008af3   Thumb Code     0  startup_stm32f4xx.o(.text)
    TIM1_BRK_TIM9_IRQHandler                 0x08008af3   Thumb Code     0  startup_stm32f4xx.o(.text)
    TIM1_CC_IRQHandler                       0x08008af3   Thumb Code     0  startup_stm32f4xx.o(.text)
    TIM1_TRG_COM_TIM11_IRQHandler            0x08008af3   Thumb Code     0  startup_stm32f4xx.o(.text)
    TIM8_BRK_TIM12_IRQHandler                0x08008af3   Thumb Code     0  startup_stm32f4xx.o(.text)
    TIM8_CC_IRQHandler                       0x08008af3   Thumb Code     0  startup_stm32f4xx.o(.text)
    TIM8_TRG_COM_TIM14_IRQHandler            0x08008af3   Thumb Code     0  startup_stm32f4xx.o(.text)
    TIM8_UP_TIM13_IRQHandler                 0x08008af3   Thumb Code     0  startup_stm32f4xx.o(.text)
    UART4_IRQHandler                         0x08008af3   Thumb Code     0  startup_stm32f4xx.o(.text)
    UART5_IRQHandler                         0x08008af3   Thumb Code     0  startup_stm32f4xx.o(.text)
    USART2_IRQHandler                        0x08008af3   Thumb Code     0  startup_stm32f4xx.o(.text)
    USART3_IRQHandler                        0x08008af3   Thumb Code     0  startup_stm32f4xx.o(.text)
    USART6_IRQHandler                        0x08008af3   Thumb Code     0  startup_stm32f4xx.o(.text)
    WWDG_IRQHandler                          0x08008af3   Thumb Code     0  startup_stm32f4xx.o(.text)
    NVIC_PriorityGroupConfig                 0x08008afd   Thumb Code    10  misc.o(.text)
    NVIC_Init                                0x08008b07   Thumb Code   106  misc.o(.text)
    NVIC_SetVectorTable                      0x08008b71   Thumb Code    14  misc.o(.text)
    NVIC_SystemLPConfig                      0x08008b7f   Thumb Code    34  misc.o(.text)
    SysTick_CLKSourceConfig                  0x08008ba1   Thumb Code    40  misc.o(.text)
    GPIO_DeInit                              0x08008bdd   Thumb Code   220  stm32f4xx_gpio.o(.text)
    GPIO_Init                                0x08008cb9   Thumb Code   144  stm32f4xx_gpio.o(.text)
    GPIO_StructInit                          0x08008d49   Thumb Code    18  stm32f4xx_gpio.o(.text)
    GPIO_PinLockConfig                       0x08008d5b   Thumb Code    34  stm32f4xx_gpio.o(.text)
    GPIO_ReadInputDataBit                    0x08008d7d   Thumb Code    18  stm32f4xx_gpio.o(.text)
    GPIO_ReadInputData                       0x08008d8f   Thumb Code     8  stm32f4xx_gpio.o(.text)
    GPIO_ReadOutputDataBit                   0x08008d97   Thumb Code    18  stm32f4xx_gpio.o(.text)
    GPIO_ReadOutputData                      0x08008da9   Thumb Code     8  stm32f4xx_gpio.o(.text)
    GPIO_SetBits                             0x08008db1   Thumb Code     4  stm32f4xx_gpio.o(.text)
    GPIO_ResetBits                           0x08008db5   Thumb Code     4  stm32f4xx_gpio.o(.text)
    GPIO_WriteBit                            0x08008db9   Thumb Code    10  stm32f4xx_gpio.o(.text)
    GPIO_Write                               0x08008dc3   Thumb Code     4  stm32f4xx_gpio.o(.text)
    GPIO_ToggleBits                          0x08008dc7   Thumb Code     8  stm32f4xx_gpio.o(.text)
    GPIO_PinAFConfig                         0x08008dcf   Thumb Code    70  stm32f4xx_gpio.o(.text)
    RCC_DeInit                               0x08008e39   Thumb Code    60  stm32f4xx_rcc.o(.text)
    RCC_HSEConfig                            0x08008e75   Thumb Code    14  stm32f4xx_rcc.o(.text)
    RCC_GetFlagStatus                        0x08008e83   Thumb Code    60  stm32f4xx_rcc.o(.text)
    RCC_WaitForHSEStartUp                    0x08008ebf   Thumb Code    56  stm32f4xx_rcc.o(.text)
    RCC_AdjustHSICalibrationValue            0x08008ef7   Thumb Code    20  stm32f4xx_rcc.o(.text)
    RCC_HSICmd                               0x08008f0b   Thumb Code     6  stm32f4xx_rcc.o(.text)
    RCC_LSEConfig                            0x08008f11   Thumb Code    46  stm32f4xx_rcc.o(.text)
    RCC_LSICmd                               0x08008f3f   Thumb Code     6  stm32f4xx_rcc.o(.text)
    RCC_PLLConfig                            0x08008f45   Thumb Code    32  stm32f4xx_rcc.o(.text)
    RCC_PLLCmd                               0x08008f65   Thumb Code     6  stm32f4xx_rcc.o(.text)
    RCC_PLLI2SConfig                         0x08008f6b   Thumb Code    14  stm32f4xx_rcc.o(.text)
    RCC_PLLI2SCmd                            0x08008f79   Thumb Code     6  stm32f4xx_rcc.o(.text)
    RCC_ClockSecuritySystemCmd               0x08008f7f   Thumb Code     6  stm32f4xx_rcc.o(.text)
    RCC_MCO1Config                           0x08008f85   Thumb Code    28  stm32f4xx_rcc.o(.text)
    RCC_MCO2Config                           0x08008fa1   Thumb Code    28  stm32f4xx_rcc.o(.text)
    RCC_SYSCLKConfig                         0x08008fbd   Thumb Code    20  stm32f4xx_rcc.o(.text)
    RCC_GetSYSCLKSource                      0x08008fd1   Thumb Code    12  stm32f4xx_rcc.o(.text)
    RCC_HCLKConfig                           0x08008fdd   Thumb Code    20  stm32f4xx_rcc.o(.text)
    RCC_PCLK1Config                          0x08008ff1   Thumb Code    20  stm32f4xx_rcc.o(.text)
    RCC_PCLK2Config                          0x08009005   Thumb Code    22  stm32f4xx_rcc.o(.text)
    RCC_GetClocksFreq                        0x0800901b   Thumb Code   222  stm32f4xx_rcc.o(.text)
    RCC_RTCCLKConfig                         0x080090f9   Thumb Code    54  stm32f4xx_rcc.o(.text)
    RCC_RTCCLKCmd                            0x0800912f   Thumb Code     8  stm32f4xx_rcc.o(.text)
    RCC_BackupResetCmd                       0x08009137   Thumb Code     8  stm32f4xx_rcc.o(.text)
    RCC_I2SCLKConfig                         0x0800913f   Thumb Code     6  stm32f4xx_rcc.o(.text)
    RCC_AHB1PeriphClockCmd                   0x08009145   Thumb Code    34  stm32f4xx_rcc.o(.text)
    RCC_AHB2PeriphClockCmd                   0x08009167   Thumb Code    34  stm32f4xx_rcc.o(.text)
    RCC_AHB3PeriphClockCmd                   0x08009189   Thumb Code    34  stm32f4xx_rcc.o(.text)
    RCC_APB1PeriphClockCmd                   0x080091ab   Thumb Code    34  stm32f4xx_rcc.o(.text)
    RCC_APB2PeriphClockCmd                   0x080091cd   Thumb Code    34  stm32f4xx_rcc.o(.text)
    RCC_AHB1PeriphResetCmd                   0x080091ef   Thumb Code    34  stm32f4xx_rcc.o(.text)
    RCC_AHB2PeriphResetCmd                   0x08009211   Thumb Code    72  stm32f4xx_rcc.o(.text)
    RCC_AHB3PeriphResetCmd                   0x08009259   Thumb Code    34  stm32f4xx_rcc.o(.text)
    RCC_APB1PeriphResetCmd                   0x0800927b   Thumb Code    34  stm32f4xx_rcc.o(.text)
    RCC_APB2PeriphResetCmd                   0x0800929d   Thumb Code    34  stm32f4xx_rcc.o(.text)
    RCC_AHB1PeriphClockLPModeCmd             0x080092bf   Thumb Code    34  stm32f4xx_rcc.o(.text)
    RCC_AHB2PeriphClockLPModeCmd             0x080092e1   Thumb Code    34  stm32f4xx_rcc.o(.text)
    RCC_AHB3PeriphClockLPModeCmd             0x08009303   Thumb Code    34  stm32f4xx_rcc.o(.text)
    RCC_APB1PeriphClockLPModeCmd             0x08009325   Thumb Code    34  stm32f4xx_rcc.o(.text)
    RCC_APB2PeriphClockLPModeCmd             0x08009347   Thumb Code    34  stm32f4xx_rcc.o(.text)
    RCC_ITConfig                             0x08009369   Thumb Code    34  stm32f4xx_rcc.o(.text)
    RCC_ClearFlag                            0x0800938b   Thumb Code    18  stm32f4xx_rcc.o(.text)
    RCC_GetITStatus                          0x0800939d   Thumb Code    22  stm32f4xx_rcc.o(.text)
    RCC_ClearITPendingBit                    0x080093b3   Thumb Code     8  stm32f4xx_rcc.o(.text)
    ADC_DeInit                               0x080093c1   Thumb Code    22  stm32f4xx_adc.o(.text)
    ADC_Init                                 0x080093d7   Thumb Code    74  stm32f4xx_adc.o(.text)
    ADC_StructInit                           0x08009421   Thumb Code    20  stm32f4xx_adc.o(.text)
    ADC_CommonInit                           0x08009435   Thumb Code    34  stm32f4xx_adc.o(.text)
    ADC_CommonStructInit                     0x08009457   Thumb Code    12  stm32f4xx_adc.o(.text)
    ADC_Cmd                                  0x08009463   Thumb Code    22  stm32f4xx_adc.o(.text)
    ADC_AnalogWatchdogCmd                    0x08009479   Thumb Code    16  stm32f4xx_adc.o(.text)
    ADC_AnalogWatchdogThresholdsConfig       0x08009489   Thumb Code     6  stm32f4xx_adc.o(.text)
    ADC_AnalogWatchdogSingleChannelConfig    0x0800948f   Thumb Code    16  stm32f4xx_adc.o(.text)
    ADC_TempSensorVrefintCmd                 0x0800949f   Thumb Code    34  stm32f4xx_adc.o(.text)
    ADC_VBATCmd                              0x080094c1   Thumb Code    34  stm32f4xx_adc.o(.text)
    ADC_RegularChannelConfig                 0x080094e3   Thumb Code   184  stm32f4xx_adc.o(.text)
    ADC_SoftwareStartConv                    0x0800959b   Thumb Code    10  stm32f4xx_adc.o(.text)
    ADC_GetSoftwareStartConvStatus           0x080095a5   Thumb Code    20  stm32f4xx_adc.o(.text)
    ADC_EOCOnEachRegularChannelCmd           0x080095b9   Thumb Code    22  stm32f4xx_adc.o(.text)
    ADC_ContinuousModeCmd                    0x080095cf   Thumb Code    22  stm32f4xx_adc.o(.text)
    ADC_DiscModeChannelCountConfig           0x080095e5   Thumb Code    24  stm32f4xx_adc.o(.text)
    ADC_DiscModeCmd                          0x080095fd   Thumb Code    22  stm32f4xx_adc.o(.text)
    ADC_GetConversionValue                   0x08009613   Thumb Code     8  stm32f4xx_adc.o(.text)
    ADC_GetMultiModeConversionValue          0x0800961b   Thumb Code     8  stm32f4xx_adc.o(.text)
    ADC_DMACmd                               0x08009623   Thumb Code    22  stm32f4xx_adc.o(.text)
    ADC_DMARequestAfterLastTransferCmd       0x08009639   Thumb Code    22  stm32f4xx_adc.o(.text)
    ADC_MultiModeDMARequestAfterLastTransferCmd 0x0800964f   Thumb Code    34  stm32f4xx_adc.o(.text)
    ADC_InjectedChannelConfig                0x08009671   Thumb Code   130  stm32f4xx_adc.o(.text)
    ADC_InjectedSequencerLengthConfig        0x080096f3   Thumb Code    24  stm32f4xx_adc.o(.text)
    ADC_SetInjectedOffset                    0x0800970b   Thumb Code    20  stm32f4xx_adc.o(.text)
    ADC_ExternalTrigInjectedConvConfig       0x0800971f   Thumb Code    16  stm32f4xx_adc.o(.text)
    ADC_ExternalTrigInjectedConvEdgeConfig   0x0800972f   Thumb Code    16  stm32f4xx_adc.o(.text)
    ADC_SoftwareStartInjectedConv            0x0800973f   Thumb Code    10  stm32f4xx_adc.o(.text)
    ADC_GetSoftwareStartInjectedConvCmdStatus 0x08009749   Thumb Code    20  stm32f4xx_adc.o(.text)
    ADC_AutoInjectedConvCmd                  0x0800975d   Thumb Code    22  stm32f4xx_adc.o(.text)
    ADC_InjectedDiscModeCmd                  0x08009773   Thumb Code    22  stm32f4xx_adc.o(.text)
    ADC_GetInjectedConversionValue           0x08009789   Thumb Code    28  stm32f4xx_adc.o(.text)
    ADC_ITConfig                             0x080097a5   Thumb Code    56  stm32f4xx_adc.o(.text)
    ADC_GetFlagStatus                        0x080097dd   Thumb Code    18  stm32f4xx_adc.o(.text)
    ADC_ClearFlag                            0x080097ef   Thumb Code     6  stm32f4xx_adc.o(.text)
    ADC_GetITStatus                          0x080097f5   Thumb Code    38  stm32f4xx_adc.o(.text)
    ADC_ClearITPendingBit                    0x0800981b   Thumb Code    10  stm32f4xx_adc.o(.text)
    DMA_DeInit                               0x08009825   Thumb Code   324  stm32f4xx_dma.o(.text)
    DMA_Init                                 0x08009969   Thumb Code    82  stm32f4xx_dma.o(.text)
    DMA_StructInit                           0x080099bb   Thumb Code    34  stm32f4xx_dma.o(.text)
    DMA_Cmd                                  0x080099dd   Thumb Code    22  stm32f4xx_dma.o(.text)
    DMA_PeriphIncOffsetSizeConfig            0x080099f3   Thumb Code    22  stm32f4xx_dma.o(.text)
    DMA_FlowControllerConfig                 0x08009a09   Thumb Code    22  stm32f4xx_dma.o(.text)
    DMA_SetCurrDataCounter                   0x08009a1f   Thumb Code     4  stm32f4xx_dma.o(.text)
    DMA_GetCurrDataCounter                   0x08009a23   Thumb Code     8  stm32f4xx_dma.o(.text)
    DMA_DoubleBufferModeConfig               0x08009a2b   Thumb Code    24  stm32f4xx_dma.o(.text)
    DMA_DoubleBufferModeCmd                  0x08009a43   Thumb Code    22  stm32f4xx_dma.o(.text)
    DMA_MemoryTargetConfig                   0x08009a59   Thumb Code    10  stm32f4xx_dma.o(.text)
    DMA_GetCurrentMemoryTarget               0x08009a63   Thumb Code    20  stm32f4xx_dma.o(.text)
    DMA_GetCmdStatus                         0x08009a77   Thumb Code    20  stm32f4xx_dma.o(.text)
    DMA_GetFIFOStatus                        0x08009a8b   Thumb Code    12  stm32f4xx_dma.o(.text)
    DMA_GetFlagStatus                        0x08009a97   Thumb Code    56  stm32f4xx_dma.o(.text)
    DMA_ClearFlag                            0x08009acf   Thumb Code    40  stm32f4xx_dma.o(.text)
    DMA_ITConfig                             0x08009af7   Thumb Code    58  stm32f4xx_dma.o(.text)
    DMA_GetITStatus                          0x08009b31   Thumb Code    84  stm32f4xx_dma.o(.text)
    DMA_ClearITPendingBit                    0x08009b85   Thumb Code    40  stm32f4xx_dma.o(.text)
    EXTI_DeInit                              0x08009bcd   Thumb Code    28  stm32f4xx_exti.o(.text)
    EXTI_Init                                0x08009be9   Thumb Code   142  stm32f4xx_exti.o(.text)
    EXTI_StructInit                          0x08009c77   Thumb Code    16  stm32f4xx_exti.o(.text)
    EXTI_GenerateSWInterrupt                 0x08009c87   Thumb Code    16  stm32f4xx_exti.o(.text)
    EXTI_GetFlagStatus                       0x08009c97   Thumb Code    22  stm32f4xx_exti.o(.text)
    EXTI_ClearFlag                           0x08009cad   Thumb Code     8  stm32f4xx_exti.o(.text)
    EXTI_GetITStatus                         0x08009cb5   Thumb Code    34  stm32f4xx_exti.o(.text)
    EXTI_ClearITPendingBit                   0x08009cd7   Thumb Code     8  stm32f4xx_exti.o(.text)
    TIM_DeInit                               0x08009ce9   Thumb Code   346  stm32f4xx_tim.o(.text)
    TIM_TimeBaseInit                         0x08009e43   Thumb Code   104  stm32f4xx_tim.o(.text)
    TIM_TimeBaseStructInit                   0x08009eab   Thumb Code    18  stm32f4xx_tim.o(.text)
    TIM_PrescalerConfig                      0x08009ebd   Thumb Code     6  stm32f4xx_tim.o(.text)
    TIM_CounterModeConfig                    0x08009ec3   Thumb Code    18  stm32f4xx_tim.o(.text)
    TIM_SetCounter                           0x08009ed5   Thumb Code     4  stm32f4xx_tim.o(.text)
    TIM_SetAutoreload                        0x08009ed9   Thumb Code     4  stm32f4xx_tim.o(.text)
    TIM_GetCounter                           0x08009edd   Thumb Code     6  stm32f4xx_tim.o(.text)
    TIM_GetPrescaler                         0x08009ee3   Thumb Code     6  stm32f4xx_tim.o(.text)
    TIM_UpdateDisableConfig                  0x08009ee9   Thumb Code    24  stm32f4xx_tim.o(.text)
    TIM_UpdateRequestConfig                  0x08009f01   Thumb Code    24  stm32f4xx_tim.o(.text)
    TIM_ARRPreloadConfig                     0x08009f19   Thumb Code    24  stm32f4xx_tim.o(.text)
    TIM_SelectOnePulseMode                   0x08009f31   Thumb Code    18  stm32f4xx_tim.o(.text)
    TIM_SetClockDivision                     0x08009f43   Thumb Code    18  stm32f4xx_tim.o(.text)
    TIM_Cmd                                  0x08009f55   Thumb Code    24  stm32f4xx_tim.o(.text)
    TIM_OC1Init                              0x08009f6d   Thumb Code   114  stm32f4xx_tim.o(.text)
    TIM_OC2Init                              0x08009fdf   Thumb Code   154  stm32f4xx_tim.o(.text)
    TIM_OC3Init                              0x0800a079   Thumb Code   204  stm32f4xx_tim.o(.text)
    TIM_OC4Init                              0x0800a145   Thumb Code   112  stm32f4xx_tim.o(.text)
    TIM_OCStructInit                         0x0800a1b5   Thumb Code    20  stm32f4xx_tim.o(.text)
    TIM_SelectOCxM                           0x0800a1c9   Thumb Code    86  stm32f4xx_tim.o(.text)
    TIM_SetCompare1                          0x0800a21f   Thumb Code     4  stm32f4xx_tim.o(.text)
    TIM_SetCompare2                          0x0800a223   Thumb Code     4  stm32f4xx_tim.o(.text)
    TIM_SetCompare3                          0x0800a227   Thumb Code     4  stm32f4xx_tim.o(.text)
    TIM_SetCompare4                          0x0800a22b   Thumb Code     4  stm32f4xx_tim.o(.text)
    TIM_ForcedOC1Config                      0x0800a22f   Thumb Code    18  stm32f4xx_tim.o(.text)
    TIM_ForcedOC2Config                      0x0800a241   Thumb Code    26  stm32f4xx_tim.o(.text)
    TIM_ForcedOC3Config                      0x0800a25b   Thumb Code    18  stm32f4xx_tim.o(.text)
    TIM_ForcedOC4Config                      0x0800a26d   Thumb Code    26  stm32f4xx_tim.o(.text)
    TIM_OC1PreloadConfig                     0x0800a287   Thumb Code    18  stm32f4xx_tim.o(.text)
    TIM_OC2PreloadConfig                     0x0800a299   Thumb Code    26  stm32f4xx_tim.o(.text)
    TIM_OC3PreloadConfig                     0x0800a2b3   Thumb Code    18  stm32f4xx_tim.o(.text)
    TIM_OC4PreloadConfig                     0x0800a2c5   Thumb Code    26  stm32f4xx_tim.o(.text)
    TIM_OC1FastConfig                        0x0800a2df   Thumb Code    18  stm32f4xx_tim.o(.text)
    TIM_OC2FastConfig                        0x0800a2f1   Thumb Code    26  stm32f4xx_tim.o(.text)
    TIM_OC3FastConfig                        0x0800a30b   Thumb Code    18  stm32f4xx_tim.o(.text)
    TIM_OC4FastConfig                        0x0800a31d   Thumb Code    26  stm32f4xx_tim.o(.text)
    TIM_ClearOC1Ref                          0x0800a337   Thumb Code    18  stm32f4xx_tim.o(.text)
    TIM_ClearOC2Ref                          0x0800a349   Thumb Code    24  stm32f4xx_tim.o(.text)
    TIM_ClearOC3Ref                          0x0800a361   Thumb Code    18  stm32f4xx_tim.o(.text)
    TIM_ClearOC4Ref                          0x0800a373   Thumb Code    24  stm32f4xx_tim.o(.text)
    TIM_OC1PolarityConfig                    0x0800a38b   Thumb Code    18  stm32f4xx_tim.o(.text)
    TIM_OC1NPolarityConfig                   0x0800a39d   Thumb Code    18  stm32f4xx_tim.o(.text)
    TIM_OC2PolarityConfig                    0x0800a3af   Thumb Code    26  stm32f4xx_tim.o(.text)
    TIM_OC2NPolarityConfig                   0x0800a3c9   Thumb Code    26  stm32f4xx_tim.o(.text)
    TIM_OC3PolarityConfig                    0x0800a3e3   Thumb Code    26  stm32f4xx_tim.o(.text)
    TIM_OC3NPolarityConfig                   0x0800a3fd   Thumb Code    26  stm32f4xx_tim.o(.text)
    TIM_OC4PolarityConfig                    0x0800a417   Thumb Code    26  stm32f4xx_tim.o(.text)
    TIM_CCxCmd                               0x0800a431   Thumb Code    30  stm32f4xx_tim.o(.text)
    TIM_CCxNCmd                              0x0800a44f   Thumb Code    30  stm32f4xx_tim.o(.text)
    TIM_SetIC4Prescaler                      0x0800a46d   Thumb Code    26  stm32f4xx_tim.o(.text)
    TIM_SetIC3Prescaler                      0x0800a4d7   Thumb Code    18  stm32f4xx_tim.o(.text)
    TIM_SetIC2Prescaler                      0x0800a531   Thumb Code    26  stm32f4xx_tim.o(.text)
    TIM_SetIC1Prescaler                      0x0800a5a5   Thumb Code    18  stm32f4xx_tim.o(.text)
    TIM_ICInit                               0x0800a5f1   Thumb Code   110  stm32f4xx_tim.o(.text)
    TIM_ICStructInit                         0x0800a65f   Thumb Code    18  stm32f4xx_tim.o(.text)
    TIM_PWMIConfig                           0x0800a671   Thumb Code   124  stm32f4xx_tim.o(.text)
    TIM_GetCapture1                          0x0800a6ed   Thumb Code     6  stm32f4xx_tim.o(.text)
    TIM_GetCapture2                          0x0800a6f3   Thumb Code     6  stm32f4xx_tim.o(.text)
    TIM_GetCapture3                          0x0800a6f9   Thumb Code     6  stm32f4xx_tim.o(.text)
    TIM_GetCapture4                          0x0800a6ff   Thumb Code     6  stm32f4xx_tim.o(.text)
    TIM_BDTRConfig                           0x0800a705   Thumb Code    32  stm32f4xx_tim.o(.text)
    TIM_BDTRStructInit                       0x0800a725   Thumb Code    18  stm32f4xx_tim.o(.text)
    TIM_CtrlPWMOutputs                       0x0800a737   Thumb Code    30  stm32f4xx_tim.o(.text)
    TIM_SelectCOM                            0x0800a755   Thumb Code    24  stm32f4xx_tim.o(.text)
    TIM_CCPreloadControl                     0x0800a76d   Thumb Code    24  stm32f4xx_tim.o(.text)
    TIM_ITConfig                             0x0800a785   Thumb Code    18  stm32f4xx_tim.o(.text)
    TIM_GenerateEvent                        0x0800a797   Thumb Code     4  stm32f4xx_tim.o(.text)
    TIM_GetFlagStatus                        0x0800a79b   Thumb Code    18  stm32f4xx_tim.o(.text)
    TIM_ClearFlag                            0x0800a7ad   Thumb Code     6  stm32f4xx_tim.o(.text)
    TIM_GetITStatus                          0x0800a7b3   Thumb Code    34  stm32f4xx_tim.o(.text)
    TIM_ClearITPendingBit                    0x0800a7d5   Thumb Code     6  stm32f4xx_tim.o(.text)
    TIM_DMAConfig                            0x0800a7db   Thumb Code    10  stm32f4xx_tim.o(.text)
    TIM_DMACmd                               0x0800a7e5   Thumb Code    18  stm32f4xx_tim.o(.text)
    TIM_SelectCCDMA                          0x0800a7f7   Thumb Code    24  stm32f4xx_tim.o(.text)
    TIM_InternalClockConfig                  0x0800a80f   Thumb Code    12  stm32f4xx_tim.o(.text)
    TIM_SelectInputTrigger                   0x0800a81b   Thumb Code    18  stm32f4xx_tim.o(.text)
    TIM_ITRxExternalClockConfig              0x0800a82d   Thumb Code    24  stm32f4xx_tim.o(.text)
    TIM_TIxExternalClockConfig               0x0800a845   Thumb Code    62  stm32f4xx_tim.o(.text)
    TIM_ETRConfig                            0x0800a883   Thumb Code    28  stm32f4xx_tim.o(.text)
    TIM_ETRClockMode1Config                  0x0800a89f   Thumb Code    54  stm32f4xx_tim.o(.text)
    TIM_ETRClockMode2Config                  0x0800a8d5   Thumb Code    32  stm32f4xx_tim.o(.text)
    TIM_SelectOutputTrigger                  0x0800a8f5   Thumb Code    18  stm32f4xx_tim.o(.text)
    TIM_SelectSlaveMode                      0x0800a907   Thumb Code    18  stm32f4xx_tim.o(.text)
    TIM_SelectMasterSlaveMode                0x0800a919   Thumb Code    18  stm32f4xx_tim.o(.text)
    TIM_EncoderInterfaceConfig               0x0800a92b   Thumb Code    66  stm32f4xx_tim.o(.text)
    TIM_SelectHallSensor                     0x0800a96d   Thumb Code    24  stm32f4xx_tim.o(.text)
    TIM_RemapConfig                          0x0800a985   Thumb Code     6  stm32f4xx_tim.o(.text)
    USART_DeInit                             0x0800a98d   Thumb Code   156  stm32f4xx_usart.o(.text)
    USART_Init                               0x0800aa29   Thumb Code   204  stm32f4xx_usart.o(.text)
    USART_StructInit                         0x0800aaf5   Thumb Code    24  stm32f4xx_usart.o(.text)
    USART_ClockInit                          0x0800ab0d   Thumb Code    32  stm32f4xx_usart.o(.text)
    USART_ClockStructInit                    0x0800ab2d   Thumb Code    12  stm32f4xx_usart.o(.text)
    USART_Cmd                                0x0800ab39   Thumb Code    24  stm32f4xx_usart.o(.text)
    USART_SetPrescaler                       0x0800ab51   Thumb Code    16  stm32f4xx_usart.o(.text)
    USART_OverSampling8Cmd                   0x0800ab61   Thumb Code    22  stm32f4xx_usart.o(.text)
    USART_OneBitMethodCmd                    0x0800ab77   Thumb Code    24  stm32f4xx_usart.o(.text)
    USART_SendData                           0x0800ab8f   Thumb Code     8  stm32f4xx_usart.o(.text)
    USART_ReceiveData                        0x0800ab97   Thumb Code    10  stm32f4xx_usart.o(.text)
    USART_SetAddress                         0x0800aba1   Thumb Code    18  stm32f4xx_usart.o(.text)
    USART_ReceiverWakeUpCmd                  0x0800abb3   Thumb Code    24  stm32f4xx_usart.o(.text)
    USART_WakeUpConfig                       0x0800abcb   Thumb Code    18  stm32f4xx_usart.o(.text)
    USART_LINBreakDetectLengthConfig         0x0800abdd   Thumb Code    18  stm32f4xx_usart.o(.text)
    USART_LINCmd                             0x0800abef   Thumb Code    24  stm32f4xx_usart.o(.text)
    USART_SendBreak                          0x0800ac07   Thumb Code    10  stm32f4xx_usart.o(.text)
    USART_HalfDuplexCmd                      0x0800ac11   Thumb Code    24  stm32f4xx_usart.o(.text)
    USART_SetGuardTime                       0x0800ac29   Thumb Code    16  stm32f4xx_usart.o(.text)
    USART_SmartCardCmd                       0x0800ac39   Thumb Code    24  stm32f4xx_usart.o(.text)
    USART_SmartCardNACKCmd                   0x0800ac51   Thumb Code    24  stm32f4xx_usart.o(.text)
    USART_IrDAConfig                         0x0800ac69   Thumb Code    18  stm32f4xx_usart.o(.text)
    USART_IrDACmd                            0x0800ac7b   Thumb Code    24  stm32f4xx_usart.o(.text)
    USART_DMACmd                             0x0800ac93   Thumb Code    18  stm32f4xx_usart.o(.text)
    USART_ITConfig                           0x0800aca5   Thumb Code    74  stm32f4xx_usart.o(.text)
    USART_GetFlagStatus                      0x0800acef   Thumb Code    26  stm32f4xx_usart.o(.text)
    USART_ClearFlag                          0x0800ad09   Thumb Code    18  stm32f4xx_usart.o(.text)
    USART_GetITStatus                        0x0800ad1b   Thumb Code   110  stm32f4xx_usart.o(.text)
    USART_ClearITPendingBit                  0x0800ad89   Thumb Code    30  stm32f4xx_usart.o(.text)
    SYSCFG_DeInit                            0x0800ada9   Thumb Code    22  stm32f4xx_syscfg.o(.text)
    SYSCFG_MemoryRemapConfig                 0x0800adbf   Thumb Code     6  stm32f4xx_syscfg.o(.text)
    SYSCFG_EXTILineConfig                    0x0800adc5   Thumb Code    66  stm32f4xx_syscfg.o(.text)
    SYSCFG_ETH_MediaInterfaceConfig          0x0800ae07   Thumb Code     6  stm32f4xx_syscfg.o(.text)
    SYSCFG_CompensationCellCmd               0x0800ae0d   Thumb Code     6  stm32f4xx_syscfg.o(.text)
    SYSCFG_GetCompensationCellStatus         0x0800ae13   Thumb Code    22  stm32f4xx_syscfg.o(.text)
    vListInitialise                          0x0800ae35   Thumb Code    26  list.o(.text)
    vListInitialiseItem                      0x0800ae4f   Thumb Code     6  list.o(.text)
    vListInsertEnd                           0x0800ae55   Thumb Code    28  list.o(.text)
    vListInsert                              0x0800ae71   Thumb Code    52  list.o(.text)
    uxListRemove                             0x0800aea5   Thumb Code    40  list.o(.text)
    xQueueGenericReset                       0x0800aecd   Thumb Code   118  queue.o(.text)
    xQueueGenericCreate                      0x0800af43   Thumb Code    92  queue.o(.text)
    xQueueGenericSend                        0x0800b0a5   Thumb Code   238  queue.o(.text)
    xQueueCreateMutex                        0x0800b193   Thumb Code    86  queue.o(.text)
    xQueueGiveMutexRecursive                 0x0800b1e9   Thumb Code    56  queue.o(.text)
    xQueueGenericReceive                     0x0800b267   Thumb Code   314  queue.o(.text)
    xQueueTakeMutexRecursive                 0x0800b3a1   Thumb Code    64  queue.o(.text)
    xQueueCreateCountingSemaphore            0x0800b3e1   Thumb Code    36  queue.o(.text)
    xQueueGenericSendFromISR                 0x0800b405   Thumb Code   128  queue.o(.text)
    xQueueReceiveFromISR                     0x0800b485   Thumb Code   126  queue.o(.text)
    uxQueueMessagesWaiting                   0x0800b503   Thumb Code    28  queue.o(.text)
    uxQueueMessagesWaitingFromISR            0x0800b51f   Thumb Code    20  queue.o(.text)
    vQueueDelete                             0x0800b559   Thumb Code    34  queue.o(.text)
    ucQueueGetQueueNumber                    0x0800b57b   Thumb Code     8  queue.o(.text)
    vQueueSetQueueNumber                     0x0800b583   Thumb Code     6  queue.o(.text)
    ucQueueGetQueueType                      0x0800b589   Thumb Code     8  queue.o(.text)
    xQueueIsQueueEmptyFromISR                0x0800b591   Thumb Code    30  queue.o(.text)
    xQueueIsQueueFullFromISR                 0x0800b5af   Thumb Code    34  queue.o(.text)
    vQueueAddToRegistry                      0x0800b5d1   Thumb Code    38  queue.o(.text)
    vQueueWaitForMessageRestricted           0x0800b5f7   Thumb Code    56  queue.o(.text)
    xTimerGenericCommand                     0x0800b685   Thumb Code   100  timers.o(.text)
    xTimerCreateTimerTask                    0x0800b973   Thumb Code    58  timers.o(.text)
    xTimerCreate                             0x0800b9ad   Thumb Code    78  timers.o(.text)
    xTimerIsTimerActive                      0x0800b9fb   Thumb Code    30  timers.o(.text)
    pvTimerGetTimerID                        0x0800ba19   Thumb Code     8  timers.o(.text)
    pxPortInitialiseStack                    0x0800ba45   Thumb Code    32  port.o(.text)
    vPortSetupTimerInterrupt                 0x0800ba65   Thumb Code    26  port.o(.text)
    xPortStartScheduler                      0x0800ba7f   Thumb Code    58  port.o(.text)
    vPortEndScheduler                        0x0800bab9   Thumb Code     2  port.o(.text)
    vPortYieldFromISR                        0x0800babb   Thumb Code    12  port.o(.text)
    vPortEnterCritical                       0x0800bac7   Thumb Code    18  port.o(.text)
    vPortExitCritical                        0x0800bad9   Thumb Code    26  port.o(.text)
    SysTick_Handler                          0x0800baf3   Thumb Code    28  port.o(.text)
    pvPortMalloc                             0x0800bb21   Thumb Code   194  heap_2.o(.text)
    vPortFree                                0x0800bbe3   Thumb Code    56  heap_2.o(.text)
    xPortGetFreeHeapSize                     0x0800bc1b   Thumb Code     6  heap_2.o(.text)
    vPortInitialiseBlocks                    0x0800bc21   Thumb Code     2  heap_2.o(.text)
    xTaskGenericCreate                       0x0800bcff   Thumb Code   302  tasks.o(.text)
    vTaskDelete                              0x0800be2d   Thumb Code    94  tasks.o(.text)
    vTaskIncrementTick                       0x0800be8b   Thumb Code   254  tasks.o(.text)
    xTaskResumeAll                           0x0800bf89   Thumb Code   290  tasks.o(.text)
    vTaskSuspendAll                          0x0800c0e9   Thumb Code    12  tasks.o(.text)
    vTaskDelayUntil                          0x0800c0f5   Thumb Code   136  tasks.o(.text)
    vTaskDelay                               0x0800c17d   Thumb Code    48  tasks.o(.text)
    uxTaskPriorityGet                        0x0800c1ad   Thumb Code    30  tasks.o(.text)
    vTaskPrioritySet                         0x0800c1cb   Thumb Code   184  tasks.o(.text)
    vTaskSwitchContext                       0x0800c283   Thumb Code   108  tasks.o(.text)
    vTaskSuspend                             0x0800c2ef   Thumb Code   100  tasks.o(.text)
    xTaskIsTaskSuspended                     0x0800c353   Thumb Code    72  tasks.o(.text)
    vTaskResume                              0x0800c39b   Thumb Code   102  tasks.o(.text)
    xTaskResumeFromISR                       0x0800c401   Thumb Code   180  tasks.o(.text)
    vTaskStartScheduler                      0x0800c531   Thumb Code    74  tasks.o(.text)
    vTaskEndScheduler                        0x0800c57b   Thumb Code    18  tasks.o(.text)
    xTaskGetTickCount                        0x0800c58d   Thumb Code    18  tasks.o(.text)
    xTaskGetTickCountFromISR                 0x0800c59f   Thumb Code    22  tasks.o(.text)
    uxTaskGetNumberOfTasks                   0x0800c5b5   Thumb Code     6  tasks.o(.text)
    vTaskList                                0x0800c645   Thumb Code   182  tasks.o(.text)
    vTaskPlaceOnEventList                    0x0800c6fb   Thumb Code    70  tasks.o(.text)
    vTaskPlaceOnEventListRestricted          0x0800c741   Thumb Code    52  tasks.o(.text)
    xTaskRemoveFromEventList                 0x0800c775   Thumb Code   106  tasks.o(.text)
    vTaskSetTimeOutState                     0x0800c7df   Thumb Code    28  tasks.o(.text)
    xTaskCheckForTimeOut                     0x0800c7fb   Thumb Code   112  tasks.o(.text)
    vTaskMissedYield                         0x0800c86b   Thumb Code     8  tasks.o(.text)
    uxTaskGetTaskNumber                      0x0800c873   Thumb Code    14  tasks.o(.text)
    vTaskSetTaskNumber                       0x0800c881   Thumb Code     8  tasks.o(.text)
    xTaskGetCurrentTaskHandle                0x0800c889   Thumb Code     6  tasks.o(.text)
    xTaskGetSchedulerState                   0x0800c88f   Thumb Code    24  tasks.o(.text)
    vTaskPriorityInherit                     0x0800c8a7   Thumb Code   226  tasks.o(.text)
    vTaskPriorityDisinherit                  0x0800c989   Thumb Code    70  tasks.o(.text)
    __aeabi_memcpy                           0x0800c9dd   Thumb Code    36  memcpya.o(.text)
    __aeabi_memcpy4                          0x0800c9dd   Thumb Code     0  memcpya.o(.text)
    __aeabi_memcpy8                          0x0800c9dd   Thumb Code     0  memcpya.o(.text)
    __aeabi_memset                           0x0800ca01   Thumb Code    14  memseta.o(.text)
    __aeabi_memset4                          0x0800ca01   Thumb Code     0  memseta.o(.text)
    __aeabi_memset8                          0x0800ca01   Thumb Code     0  memseta.o(.text)
    __aeabi_memclr                           0x0800ca0f   Thumb Code     4  memseta.o(.text)
    __aeabi_memclr4                          0x0800ca0f   Thumb Code     0  memseta.o(.text)
    __aeabi_memclr8                          0x0800ca0f   Thumb Code     0  memseta.o(.text)
    _memset$wrapper                          0x0800ca13   Thumb Code    18  memseta.o(.text)
    strcat                                   0x0800ca25   Thumb Code    24  strcat.o(.text)
    strncpy                                  0x0800ca3d   Thumb Code    24  strncpy.o(.text)
    strlen                                   0x0800ca55   Thumb Code    14  strlen.o(.text)
    strcmp                                   0x0800ca63   Thumb Code    28  strcmp.o(.text)
    __aeabi_dadd                             0x0800ca7f   Thumb Code   322  dadd.o(.text)
    __aeabi_dsub                             0x0800cbc1   Thumb Code     6  dadd.o(.text)
    __aeabi_drsub                            0x0800cbc7   Thumb Code     6  dadd.o(.text)
    __aeabi_dmul                             0x0800cbcd   Thumb Code   228  dmul.o(.text)
    __aeabi_ddiv                             0x0800ccb1   Thumb Code   222  ddiv.o(.text)
    __aeabi_i2d                              0x0800cd8f   Thumb Code    34  dflti.o(.text)
    __aeabi_d2iz                             0x0800cdb1   Thumb Code    62  dfixi.o(.text)
    __aeabi_f2d                              0x0800cdef   Thumb Code    38  f2d.o(.text)
    __aeabi_d2f                              0x0800ce15   Thumb Code    56  d2f.o(.text)
    __aeabi_uldivmod                         0x0800ce4d   Thumb Code    98  uldiv.o(.text)
    __aeabi_llsl                             0x0800ceaf   Thumb Code    30  llshl.o(.text)
    _ll_shift_l                              0x0800ceaf   Thumb Code     0  llshl.o(.text)
    __aeabi_llsr                             0x0800cecd   Thumb Code    32  llushr.o(.text)
    _ll_ushift_r                             0x0800cecd   Thumb Code     0  llushr.o(.text)
    __aeabi_lasr                             0x0800ceed   Thumb Code    36  llsshr.o(.text)
    _ll_sshift_r                             0x0800ceed   Thumb Code     0  llsshr.o(.text)
    __I$use$fp                               0x0800cf11   Thumb Code     0  iusefp.o(.text)
    _float_round                             0x0800cf11   Thumb Code    18  fepilogue.o(.text)
    _float_epilogue                          0x0800cf23   Thumb Code    92  fepilogue.o(.text)
    _double_round                            0x0800cf7f   Thumb Code    30  depilogue.o(.text)
    _double_epilogue                         0x0800cf9d   Thumb Code   156  depilogue.o(.text)
    __ARM_scalbn                             0x0800d039   Thumb Code    46  dscalb.o(.text)
    scalbn                                   0x0800d039   Thumb Code     0  dscalb.o(.text)
    _dsqrt                                   0x0800d067   Thumb Code   162  dsqrt.o(.text)
    _drem                                    0x0800d109   Thumb Code   134  drem.o(.text)
    __aeabi_cdrcmple                         0x0800d191   Thumb Code    48  cdrcmple.o(.text)
    __scatterload                            0x0800d1c1   Thumb Code    28  init.o(.text)
    __scatterload_rt2                        0x0800d1c1   Thumb Code     0  init.o(.text)
    __aeabi_ui2d                             0x0800d1e5   Thumb Code    26  dfltui.o(.text)
    __decompress                             0x0800d1ff   Thumb Code     0  __dczerorl2.o(.text)
    __decompress1                            0x0800d1ff   Thumb Code    86  __dczerorl2.o(.text)
    __0snprintf$8                            0x0800d255   Thumb Code    44  printf8.o(i.__0snprintf$8)
    __1snprintf$8                            0x0800d255   Thumb Code     0  printf8.o(i.__0snprintf$8)
    __2snprintf                              0x0800d255   Thumb Code     0  printf8.o(i.__0snprintf$8)
    __0sprintf$8                             0x0800d285   Thumb Code    34  printf8.o(i.__0sprintf$8)
    __1sprintf$8                             0x0800d285   Thumb Code     0  printf8.o(i.__0sprintf$8)
    __2sprintf                               0x0800d285   Thumb Code     0  printf8.o(i.__0sprintf$8)
    __ARM_fpclassify                         0x0800d2ad   Thumb Code    48  fpclassify.o(i.__ARM_fpclassify)
    __ARM_fpclassifyf                        0x0800d2dd   Thumb Code    38  fpclassifyf.o(i.__ARM_fpclassifyf)
    __hardfp_atan2f                          0x0800d305   Thumb Code   502  atan2f.o(i.__hardfp_atan2f)
    __hardfp_cos                             0x0800d559   Thumb Code   180  cos.o(i.__hardfp_cos)
    __hardfp_expf                            0x0800d621   Thumb Code   426  expf.o(i.__hardfp_expf)
    __mathlib_expf                           0x0800d621   Thumb Code     0  expf.o(i.__hardfp_expf)
    __hardfp_fabs                            0x0800d809   Thumb Code    20  fabs.o(i.__hardfp_fabs)
    __hardfp_fmod                            0x0800d81d   Thumb Code   254  fmod.o(i.__hardfp_fmod)
    __hardfp_pow                             0x0800d921   Thumb Code  3072  pow.o(i.__hardfp_pow)
    __hardfp_sin                             0x0800e571   Thumb Code   180  sin.o(i.__hardfp_sin)
    __hardfp_sqrt                            0x0800e639   Thumb Code   122  sqrt.o(i.__hardfp_sqrt)
    __hardfp_tanhf                           0x0800e6b5   Thumb Code   208  tanhf.o(i.__hardfp_tanhf)
    __ieee754_rem_pio2                       0x0800e799   Thumb Code   938  rred.o(i.__ieee754_rem_pio2)
    __kernel_cos                             0x0800ebd1   Thumb Code   322  cos_i.o(i.__kernel_cos)
    __kernel_poly                            0x0800ed41   Thumb Code   248  poly.o(i.__kernel_poly)
    __kernel_sin                             0x0800ee39   Thumb Code   280  sin_i.o(i.__kernel_sin)
    __mathlib_dbl_divzero                    0x0800ef69   Thumb Code    28  dunder.o(i.__mathlib_dbl_divzero)
    __mathlib_dbl_infnan                     0x0800ef99   Thumb Code    20  dunder.o(i.__mathlib_dbl_infnan)
    __mathlib_dbl_infnan2                    0x0800efad   Thumb Code    20  dunder.o(i.__mathlib_dbl_infnan2)
    __mathlib_dbl_invalid                    0x0800efc1   Thumb Code    24  dunder.o(i.__mathlib_dbl_invalid)
    __mathlib_dbl_overflow                   0x0800efe1   Thumb Code    24  dunder.o(i.__mathlib_dbl_overflow)
    __mathlib_dbl_underflow                  0x0800f001   Thumb Code    24  dunder.o(i.__mathlib_dbl_underflow)
    __mathlib_flt_infnan                     0x0800f021   Thumb Code     6  funder.o(i.__mathlib_flt_infnan)
    __mathlib_flt_infnan2                    0x0800f027   Thumb Code     6  funder.o(i.__mathlib_flt_infnan2)
    __mathlib_flt_overflow                   0x0800f02d   Thumb Code    10  funder.o(i.__mathlib_flt_overflow)
    __mathlib_flt_underflow                  0x0800f03d   Thumb Code    10  funder.o(i.__mathlib_flt_underflow)
    __scatterload_copy                       0x0800f04d   Thumb Code    14  handlers.o(i.__scatterload_copy)
    __scatterload_null                       0x0800f05b   Thumb Code     2  handlers.o(i.__scatterload_null)
    __scatterload_zeroinit                   0x0800f05d   Thumb Code    14  handlers.o(i.__scatterload_zeroinit)
    __set_errno                              0x0800f06d   Thumb Code     6  errno.o(i.__set_errno)
    fabs                                     0x0800f4fb   Thumb Code    24  fabs.o(i.fabs)
    sqrt                                     0x0800f513   Thumb Code   110  sqrt.o(i.sqrt)
    __mathlib_zero                           0x0800f668   Data           8  qnan.o(.constdata)
    Region$$Table$$Base                      0x0800f760   Number         0  anon$$obj.o(Region$$Table)
    Region$$Table$$Limit                     0x0800f780   Number         0  anon$$obj.o(Region$$Table)
    bien_hmi                                 0x20000000   Data           4  main.o(.data)
    lazeTruocValue                           0x20000004   Data           4  main.o(.data)
    DATA_SPEED                               0x20000008   Data          70  main.o(.data)
    bienBuTruRR                              0x20000050   Data           4  main.o(.data)
    bienBuTruRL                              0x20000054   Data           4  main.o(.data)
    bienBuTruFR                              0x20000058   Data           4  main.o(.data)
    bienBuTruFL                              0x2000005c   Data           4  main.o(.data)
    bitVeHome                                0x20000060   Data           4  main.o(.data)
    sieu_am                                  0x20000064   Data           4  main.o(.data)
    num_over_t1                              0x20000068   Data           4  main.o(.data)
    num_over_t2                              0x2000006c   Data           4  main.o(.data)
    num_over_t3                              0x20000070   Data           4  main.o(.data)
    num_over_t5                              0x20000074   Data           4  main.o(.data)
    num_over_t9                              0x20000078   Data           4  main.o(.data)
    CCR2_Val                                 0x2000007c   Data           4  main.o(.data)
    HMI_LOOP                                 0x20000080   Data           4  main.o(.data)
    num_over_t4                              0x20000084   Data           4  main.o(.data)
    num_over_t8                              0x20000088   Data           4  main.o(.data)
    IMU                                      0x2000008c   Data           2  main.o(.data)
    IMUxoay                                  0x2000008e   Data           2  main.o(.data)
    data_tx_gyro                             0x20000090   Data           1  main.o(.data)
    en_gyro                                  0x20000091   Data           1  main.o(.data)
    dataTxGyro                               0x20000092   Data           1  main.o(.data)
    enGyro                                   0x20000093   Data           1  main.o(.data)
    CB_DO_LINE                               0x20000094   Data           1  main.o(.data)
    Home                                     0x20000095   Data           1  main.o(.data)
    lazeSauValue                             0x20000098   Data           4  main.o(.data)
    lazeTraiValue                            0x2000009c   Data           4  main.o(.data)
    lazePhaiValue                            0x200000a0   Data           4  main.o(.data)
    BienTroNongBanValue                      0x200000a4   Data           4  main.o(.data)
    bientronangluaValue                      0x200000a8   Data           4  main.o(.data)
    BienTroTaykfsValue                       0x200000ac   Data           4  main.o(.data)
    BienTroXoayValue                         0x200000b0   Data           4  main.o(.data)
    BienTroNangValue                         0x200000b4   Data           4  main.o(.data)
    _robotDirFL                              0x200000b8   Data           4  main.o(.data)
    _robotDirFR                              0x200000bc   Data           4  main.o(.data)
    _robotDirRL                              0x200000c0   Data           4  main.o(.data)
    _robotDirRR                              0x200000c4   Data           4  main.o(.data)
    degree_F                                 0x200000c8   Data           4  main.o(.data)
    Vi_tri                                   0x200000cc   Data           4  main.o(.data)
    coVong                                   0x200000d0   Data           4  main.o(.data)
    Vitri_tru                                0x200000d4   Data           4  main.o(.data)
    g0                                       0x200000d8   Data           4  main.o(.data)
    g1                                       0x200000dc   Data           4  main.o(.data)
    g2                                       0x200000e0   Data           4  main.o(.data)
    g3                                       0x200000e4   Data           4  main.o(.data)
    g4                                       0x200000e8   Data           4  main.o(.data)
    g5                                       0x200000ec   Data           4  main.o(.data)
    g6                                       0x200000f0   Data           4  main.o(.data)
    bit_khoa_ham_thay_tuan                   0x200000f4   Data           4  main.o(.data)
    dang_Ban                                 0x200000f8   Data           4  main.o(.data)
    robotIsRun_cc                            0x200000fc   Data           4  main.o(.data)
    vi_tri_bong                              0x20000100   Data           4  main.o(.data)
    vi_tri_ma_xoay                           0x20000104   Data           4  main.o(.data)
    sang_phai                                0x20000108   Data           4  main.o(.data)
    sang_trai                                0x2000010c   Data           4  main.o(.data)
    di_xuong                                 0x20000110   Data           4  main.o(.data)
    di_len                                   0x20000114   Data           4  main.o(.data)
    target_BT_Xoay                           0x20000118   Data           4  main.o(.data)
    Min_BT_Xoay                              0x2000011c   Data           4  main.o(.data)
    Max_BT_Xoay                              0x20000120   Data           4  main.o(.data)
    taget_BT_Nong_Ban                        0x20000124   Data           4  main.o(.data)
    Min_BT_Nong_Ban                          0x20000128   Data           4  main.o(.data)
    Max_BT_Nong_Ban                          0x2000012c   Data           4  main.o(.data)
    goc_ban                                  0x20000130   Data           4  main.o(.data)
    target_Nang_Ha                           0x20000134   Data           4  main.o(.data)
    Min_Nang_Ha                              0x20000138   Data           4  main.o(.data)
    Max_Nang_Ha                              0x2000013c   Data           4  main.o(.data)
    Min_BT_Nang_Lua                          0x20000144   Data           4  main.o(.data)
    Max_BT_Nang_Bong                         0x20000148   Data           4  main.o(.data)
    taget_BT_Nang_Bong                       0x2000014c   Data           4  main.o(.data)
    Min_BT_Nang_Bong                         0x20000150   Data           4  main.o(.data)
    BT_Nang_Tha_Bong                         0x20000154   Data           4  main.o(.data)
    BT_Bat_Bong_giua                         0x20000158   Data           4  main.o(.data)
    BT_Bat_Bong_sau                          0x2000015c   Data           4  main.o(.data)
    CB_line_trai                             0x20000160   Data           1  main.o(.data)
    CB_line_phai                             0x20000161   Data           1  main.o(.data)
    Nho_trai_truoc                           0x20000162   Data           1  main.o(.data)
    Nho_trai_sau                             0x20000163   Data           1  main.o(.data)
    Nho_phai_truoc                           0x20000164   Data           1  main.o(.data)
    Nho_phai_sau                             0x20000165   Data           1  main.o(.data)
    Do_Xanh                                  0x20000166   Data           1  main.o(.data)
    RX_UART4                                 0x20000167   Data           8  main.o(.data)
    id_rb                                    0x2000016f   Data           1  main.o(.data)
    state_rb                                 0x20000170   Data           1  main.o(.data)
    move                                     0x20000171   Data           1  main.o(.data)
    action                                   0x20000172   Data           1  main.o(.data)
    id_block                                 0x20000173   Data           1  main.o(.data)
    count_data_uart4                         0x20000174   Data           4  main.o(.data)
    head                                     0x20000178   Data           2  main.o(.data)
    tail                                     0x2000017a   Data           2  main.o(.data)
    take_data_block                          0x2000017c   Data           1  main.o(.data)
    has_active_block                         0x2000017d   Data           1  main.o(.data)
    do_lech_px                               0x20000180   Data           4  main.o(.data)
    RX_USART6                                0x20000184   Data           8  main.o(.data)
    id_rb_2                                  0x2000018c   Data           1  main.o(.data)
    state_rb_2                               0x2000018d   Data           1  main.o(.data)
    move_2                                   0x2000018e   Data           1  main.o(.data)
    action_2                                 0x2000018f   Data           1  main.o(.data)
    id_block_2                               0x20000190   Data           1  main.o(.data)
    do_lech_px_2                             0x20000191   Data           1  main.o(.data)
    error_show                               0x20000194   Data           4  main.o(.data)
    momen                                    0x20000198   Data           4  main.o(.data)
    robotLimitSpeed                          0x2000019c   Data           4  main.o(.data)
    f05                                      0x200001a0   Data           4  main.o(.data)
    f1                                       0x200001a4   Data           4  main.o(.data)
    f2                                       0x200001a8   Data           4  main.o(.data)
    f4                                       0x200001ac   Data           4  main.o(.data)
    f5                                       0x200001b0   Data           4  main.o(.data)
    f6                                       0x200001b4   Data           4  main.o(.data)
    f10                                      0x200001b8   Data           4  main.o(.data)
    f20                                      0x200001bc   Data           4  main.o(.data)
    f30                                      0x200001c0   Data           4  main.o(.data)
    f45                                      0x200001c4   Data           4  main.o(.data)
    f60                                      0x200001c8   Data           4  main.o(.data)
    f120                                     0x200001cc   Data           4  main.o(.data)
    i100                                     0x200001d0   Data           4  main.o(.data)
    khoangCachGocFix                         0x200001d4   Data           4  main.o(.data)
    motorLock                                0x200001d8   Data           4  main.o(.data)
    motorLockRepeat                          0x200001dc   Data           4  main.o(.data)
    radian                                   0x200001e0   Data           4  main.o(.data)
    pi                                       0x200001e4   Data           4  main.o(.data)
    _robotChange                             0x200001e8   Data           4  main.o(.data)
    _robotRotatePoint                        0x200001ec   Data           4  main.o(.data)
    _robotCurrentSpeed                       0x200001f0   Data           4  main.o(.data)
    _robotRunSpeed                           0x200001f4   Data           4  main.o(.data)
    _robotMaxSpeed                           0x200001f8   Data           4  main.o(.data)
    _robotAccStop                            0x200001fc   Data           4  main.o(.data)
    _robotCounter                            0x20000200   Data           4  main.o(.data)
    _robotAngle                              0x20000204   Data           4  main.o(.data)
    _robotRunAngle                           0x20000208   Data           4  main.o(.data)
    _robotRotateAngle                        0x2000020c   Data           4  main.o(.data)
    _robotIMUInit                            0x20000210   Data           4  main.o(.data)
    _robotRotate                             0x20000214   Data           4  main.o(.data)
    _robotCurve                              0x20000218   Data           4  main.o(.data)
    _robotAngleCounterFix                    0x2000021c   Data           4  main.o(.data)
    _robotAngleToFix                         0x20000220   Data           4  main.o(.data)
    _robotIMUAngle                           0x20000224   Data           4  main.o(.data)
    _IMUAngle_Before                         0x20000228   Data           4  main.o(.data)
    _robotDelayGiamToc                       0x2000022c   Data           4  main.o(.data)
    _robotRun0h                              0x20000230   Data           4  main.o(.data)
    _robotRun4h                              0x20000234   Data           4  main.o(.data)
    _robotRun8h                              0x20000238   Data           4  main.o(.data)
    _robotDir0h                              0x2000023c   Data           4  main.o(.data)
    _robotDir4h                              0x20000240   Data           4  main.o(.data)
    _robotDir8h                              0x20000244   Data           4  main.o(.data)
    _robotRotate0h                           0x20000248   Data           4  main.o(.data)
    _robotRotate4h                           0x2000024c   Data           4  main.o(.data)
    _robotRotate8h                           0x20000250   Data           4  main.o(.data)
    vu_gocXoay                               0x20000254   Data           4  main.o(.data)
    vu_v                                     0x20000258   Data           4  main.o(.data)
    vu_omega                                 0x2000025c   Data           4  main.o(.data)
    _0h_Wheel_Angle                          0x20000260   Data           4  main.o(.data)
    _4h_Wheel_Angle                          0x20000264   Data           4  main.o(.data)
    _8h_Wheel_Angle                          0x20000268   Data           4  main.o(.data)
    _0h_Wheel_Angle_dir                      0x2000026c   Data           4  main.o(.data)
    _4h_Wheel_Angle_dir                      0x20000270   Data           4  main.o(.data)
    _8h_Wheel_Angle_dir                      0x20000274   Data           4  main.o(.data)
    dir                                      0x20000278   Data           4  main.o(.data)
    Vx                                       0x2000027c   Data           4  main.o(.data)
    Vy                                       0x20000280   Data           4  main.o(.data)
    A                                        0x20000284   Data           4  main.o(.data)
    B                                        0x20000288   Data           4  main.o(.data)
    C                                        0x2000028c   Data           4  main.o(.data)
    D                                        0x20000290   Data           4  main.o(.data)
    WL                                       0x20000294   Data           4  main.o(.data)
    WW                                       0x20000298   Data           4  main.o(.data)
    _Omega                                   0x2000029c   Data           4  main.o(.data)
    Robot_Width                              0x200002a0   Data           4  main.o(.data)
    Robot_Lenght                             0x200002a4   Data           4  main.o(.data)
    Vy10                                     0x200002a8   Data           4  main.o(.data)
    Vx10                                     0x200002ac   Data           4  main.o(.data)
    ABCD                                     0x200002b0   Data           4  main.o(.data)
    _lockRobot                               0x200002b4   Data           4  main.o(.data)
    demVui                                   0x200002b8   Data           4  main.o(.data)
    _robotY                                  0x200002bc   Data           4  main.o(.data)
    _robotX                                  0x200002c0   Data           4  main.o(.data)
    xl_truot_lua                             0x200002c4   Data           1  main.o(.data)
    xl_kep_lua_tren                          0x200002c5   Data           1  main.o(.data)
    xl_kep_lua_duoi                          0x200002c6   Data           1  main.o(.data)
    xl_nang_lua                              0x200002c7   Data           1  main.o(.data)
    gt_kep_bong                              0x200002c8   Data           1  main.o(.data)
    vi_tri                                   0x200002cc   Data           4  main.o(.data)
    Cbcc                                     0x200002d0   Data           4  main.o(.data)
    Cbnv                                     0x200002d4   Data           4  main.o(.data)
    Cbnn                                     0x200002d8   Data           4  main.o(.data)
    vt_xl_nang_lua                           0x200002dc   Data           4  main.o(.data)
    On_Off_Ban                               0x200002e0   Data           1  main.o(.data)
    Act                                      0x200002e1   Data           1  main.o(.data)
    xl_ban_bong                              0x200002e4   Data           4  main.o(.data)
    Nang_vong_max                            0x200002e8   Data           4  main.o(.data)
    Nang_vong_min                            0x200002ec   Data           4  main.o(.data)
    i                                        0x200002f0   Data           4  main.o(.data)
    Nang_goc_max                             0x200002f4   Data           4  main.o(.data)
    Nang_goc_min                             0x200002f8   Data           4  main.o(.data)
    touchpad_press                           0x200002fc   Data           4  main.o(.data)
    laybong                                  0x20000300   Data           4  main.o(.data)
    en_tru                                   0x20000304   Data           4  main.o(.data)
    max_speed                                0x20000308   Data           4  main.o(.data)
    speed_tay_lua                            0x2000030c   Data           4  main.o(.data)
    speed_xoay                               0x20000310   Data           4  main.o(.data)
    imuNow                                   0x20000314   Data           4  main.o(.data)
    xl_kepbong_state                         0x20000318   Data           4  main.o(.data)
    xl_nangkep_state                         0x2000031c   Data           4  main.o(.data)
    ban_bong_state                           0x20000320   Data           4  main.o(.data)
    state_nang                               0x20000324   Data           4  main.o(.data)
    state_ha                                 0x20000328   Data           4  main.o(.data)
    Min_nang                                 0x2000032c   Data           4  main.o(.data)
    Max_nang                                 0x20000330   Data           4  main.o(.data)
    target_nang                              0x20000334   Data           4  main.o(.data)
    Min_taykfs                               0x20000338   Data           4  main.o(.data)
    Max_taykfs                               0x2000033c   Data           4  main.o(.data)
    target_taykfs                            0x20000340   Data           4  main.o(.data)
    speed_nang                               0x20000344   Data           4  main.o(.data)
    speed_tayday                             0x20000348   Data           4  main.o(.data)
    speed_taykfs                             0x2000034c   Data           4  main.o(.data)
    force_F                                  0x20000350   Data           4  main.o(.data)
    final_force                              0x20000354   Data           4  main.o(.data)
    result                                   0x20000358   Data           4  main.o(.data)
    Day                                      0x2000035c   Data           1  main.o(.data)
    Kep                                      0x2000035d   Data           1  main.o(.data)
    Xoay                                     0x2000035e   Data           1  main.o(.data)
    hut_nha_kfs                              0x2000035f   Data           1  main.o(.data)
    SS_RL                                    0x20000360   Data           1  main.o(.data)
    SS_RR                                    0x20000361   Data           1  main.o(.data)
    SS_FR                                    0x20000362   Data           1  main.o(.data)
    SS_FL                                    0x20000363   Data           1  main.o(.data)
    speed_temp                               0x20000364   Data           4  main.o(.data)
    speed                                    0x20000368   Data           4  main.o(.data)
    Home_Encoder_0h                          0x2000036c   Data           4  main.o(.data)
    Home_Encoder_4h                          0x20000370   Data           4  main.o(.data)
    Home_Encoder_8h                          0x20000374   Data           4  main.o(.data)
    current_0h_Angle                         0x20000378   Data           4  main.o(.data)
    current_4h_Angle                         0x2000037c   Data           4  main.o(.data)
    current_8h_Angle                         0x20000380   Data           4  main.o(.data)
    Man_ra_vao                               0x20000384   Data           4  main.o(.data)
    Man_nang_ha                              0x20000388   Data           4  main.o(.data)
    SystemCoreClock                          0x200003d4   Data           4  system_stm32f4xx.o(.data)
    AHBPrescTable                            0x200003d8   Data          16  system_stm32f4xx.o(.data)
    pxCurrentTCB                             0x20000424   Data           4  tasks.o(.data)
    buf                                      0x20000464   Data         150  main.o(.bss)
    ky_tu                                    0x200004fa   Data          40  main.o(.bss)
    ky_tu_1                                  0x20000522   Data          40  main.o(.bss)
    ky_tu_2                                  0x2000054a   Data          40  main.o(.bss)
    ky_tu_3                                  0x20000572   Data          40  main.o(.bss)
    Buffer_HMI                               0x2000059a   Data         150  main.o(.bss)
    _ADC1_Value                              0x20000630   Data          16  main.o(.bss)
    RX_USART1                                0x20000640   Data          15  main.o(.bss)
    RX_USART2                                0x2000064f   Data          15  main.o(.bss)
    DATA_COLOR                               0x2000065e   Data          20  main.o(.bss)
    MANG_GAME                                0x20000672   Data          10  main.o(.bss)
    GP_BTN                                   0x2000067c   Data          15  main.o(.bss)
    packet_queue                             0x2000068b   Data         250  main.o(.bss)
    xQueueRegistry                           0x20000788   Data          64  queue.o(.bss)
    __initial_sp                             0x200034e0   Data           0  startup_stm32f4xx.o(STACK)



==============================================================================

Memory Map of the image

  Image Entry point : 0x08000189

  Load Region LR_IROM1 (Base: 0x08000000, Size: 0x0000fbe4, Max: 0x00080000, ABSOLUTE, COMPRESSED[0x0000f890])

    Execution Region ER_IROM1 (Exec base: 0x08000000, Load base: 0x08000000, Size: 0x0000f780, Max: 0x00080000, ABSOLUTE)

    Exec Addr    Load Addr    Size         Type   Attr      Idx    E Section Name        Object

    0x08000000   0x08000000   0x00000188   Data   RO          304    RESET               startup_stm32f4xx.o
    0x08000188   0x08000188   0x00000000   Code   RO          717  * .ARM.Collect$$$$00000000  mc_w.l(entry.o)
    0x08000188   0x08000188   0x00000004   Code   RO         1072    .ARM.Collect$$$$00000001  mc_w.l(entry2.o)
    0x0800018c   0x0800018c   0x00000004   Code   RO         1075    .ARM.Collect$$$$00000004  mc_w.l(entry5.o)
    0x08000190   0x08000190   0x00000000   Code   RO         1077    .ARM.Collect$$$$00000008  mc_w.l(entry7b.o)
    0x08000190   0x08000190   0x00000000   Code   RO         1079    .ARM.Collect$$$$0000000A  mc_w.l(entry8b.o)
    0x08000190   0x08000190   0x00000008   Code   RO         1080    .ARM.Collect$$$$0000000B  mc_w.l(entry9a.o)
    0x08000198   0x08000198   0x00000000   Code   RO         1082    .ARM.Collect$$$$0000000D  mc_w.l(entry10a.o)
    0x08000198   0x08000198   0x00000000   Code   RO         1084    .ARM.Collect$$$$0000000F  mc_w.l(entry11a.o)
    0x08000198   0x08000198   0x00000004   Code   RO         1073    .ARM.Collect$$$$00002712  mc_w.l(entry2.o)
    0x0800019c   0x0800019c   0x000000a8   Code   RO          570    .emb_text           port.o
    0x08000244   0x08000244   0x00000350   Code   RO            2    .text               stm32f4xx_it.o
    0x08000594   0x08000594   0x00008344   Code   RO          139    .text               main.o
    0x080088d8   0x080088d8   0x00000200   Code   RO          281    .text               system_stm32f4xx.o
    0x08008ad8   0x08008ad8   0x00000024   Code   RO          305    .text               startup_stm32f4xx.o
    0x08008afc   0x08008afc   0x000000e0   Code   RO          310    .text               misc.o
    0x08008bdc   0x08008bdc   0x0000025c   Code   RO          326    .text               stm32f4xx_gpio.o
    0x08008e38   0x08008e38   0x00000588   Code   RO          342    .text               stm32f4xx_rcc.o
    0x080093c0   0x080093c0   0x00000464   Code   RO          360    .text               stm32f4xx_adc.o
    0x08009824   0x08009824   0x000003a8   Code   RO          376    .text               stm32f4xx_dma.o
    0x08009bcc   0x08009bcc   0x0000011c   Code   RO          392    .text               stm32f4xx_exti.o
    0x08009ce8   0x08009ce8   0x00000ca2   Code   RO          424    .text               stm32f4xx_tim.o
    0x0800a98a   0x0800a98a   0x00000002   PAD
    0x0800a98c   0x0800a98c   0x0000041a   Code   RO          440    .text               stm32f4xx_usart.o
    0x0800ada6   0x0800ada6   0x00000002   PAD
    0x0800ada8   0x0800ada8   0x0000008c   Code   RO          456    .text               stm32f4xx_syscfg.o
    0x0800ae34   0x0800ae34   0x00000098   Code   RO          513    .text               list.o
    0x0800aecc   0x0800aecc   0x00000768   Code   RO          531    .text               queue.o
    0x0800b634   0x0800b634   0x00000410   Code   RO          549    .text               timers.o
    0x0800ba44   0x0800ba44   0x000000dc   Code   RO          571    .text               port.o
    0x0800bb20   0x0800bb20   0x00000118   Code   RO          588    .text               heap_2.o
    0x0800bc38   0x0800bc38   0x00000da4   Code   RO          603    .text               tasks.o
    0x0800c9dc   0x0800c9dc   0x00000024   Code   RO          720    .text               mc_w.l(memcpya.o)
    0x0800ca00   0x0800ca00   0x00000024   Code   RO          722    .text               mc_w.l(memseta.o)
    0x0800ca24   0x0800ca24   0x00000018   Code   RO          724    .text               mc_w.l(strcat.o)
    0x0800ca3c   0x0800ca3c   0x00000018   Code   RO          726    .text               mc_w.l(strncpy.o)
    0x0800ca54   0x0800ca54   0x0000000e   Code   RO          728    .text               mc_w.l(strlen.o)
    0x0800ca62   0x0800ca62   0x0000001c   Code   RO          730    .text               mc_w.l(strcmp.o)
    0x0800ca7e   0x0800ca7e   0x0000014e   Code   RO          995    .text               mf_w.l(dadd.o)
    0x0800cbcc   0x0800cbcc   0x000000e4   Code   RO          997    .text               mf_w.l(dmul.o)
    0x0800ccb0   0x0800ccb0   0x000000de   Code   RO          999    .text               mf_w.l(ddiv.o)
    0x0800cd8e   0x0800cd8e   0x00000022   Code   RO         1001    .text               mf_w.l(dflti.o)
    0x0800cdb0   0x0800cdb0   0x0000003e   Code   RO         1003    .text               mf_w.l(dfixi.o)
    0x0800cdee   0x0800cdee   0x00000026   Code   RO         1005    .text               mf_w.l(f2d.o)
    0x0800ce14   0x0800ce14   0x00000038   Code   RO         1007    .text               mf_w.l(d2f.o)
    0x0800ce4c   0x0800ce4c   0x00000062   Code   RO         1091    .text               mc_w.l(uldiv.o)
    0x0800ceae   0x0800ceae   0x0000001e   Code   RO         1093    .text               mc_w.l(llshl.o)
    0x0800cecc   0x0800cecc   0x00000020   Code   RO         1095    .text               mc_w.l(llushr.o)
    0x0800ceec   0x0800ceec   0x00000024   Code   RO         1097    .text               mc_w.l(llsshr.o)
    0x0800cf10   0x0800cf10   0x00000000   Code   RO         1106    .text               mc_w.l(iusefp.o)
    0x0800cf10   0x0800cf10   0x0000006e   Code   RO         1107    .text               mf_w.l(fepilogue.o)
    0x0800cf7e   0x0800cf7e   0x000000ba   Code   RO         1109    .text               mf_w.l(depilogue.o)
    0x0800d038   0x0800d038   0x0000002e   Code   RO         1113    .text               mf_w.l(dscalb.o)
    0x0800d066   0x0800d066   0x000000a2   Code   RO         1115    .text               mf_w.l(dsqrt.o)
    0x0800d108   0x0800d108   0x00000086   Code   RO         1117    .text               mf_w.l(drem.o)
    0x0800d18e   0x0800d18e   0x00000002   PAD
    0x0800d190   0x0800d190   0x00000030   Code   RO         1123    .text               mf_w.l(cdrcmple.o)
    0x0800d1c0   0x0800d1c0   0x00000024   Code   RO         1125    .text               mc_w.l(init.o)
    0x0800d1e4   0x0800d1e4   0x0000001a   Code   RO         1129    .text               mf_w.l(dfltui.o)
    0x0800d1fe   0x0800d1fe   0x00000056   Code   RO         1141    .text               mc_w.l(__dczerorl2.o)
    0x0800d254   0x0800d254   0x00000030   Code   RO          942    i.__0snprintf$8     mc_w.l(printf8.o)
    0x0800d284   0x0800d284   0x00000028   Code   RO          943    i.__0sprintf$8      mc_w.l(printf8.o)
    0x0800d2ac   0x0800d2ac   0x00000030   Code   RO         1040    i.__ARM_fpclassify  m_wm.l(fpclassify.o)
    0x0800d2dc   0x0800d2dc   0x00000026   Code   RO         1042    i.__ARM_fpclassifyf  m_wm.l(fpclassifyf.o)
    0x0800d302   0x0800d302   0x00000002   PAD
    0x0800d304   0x0800d304   0x00000250   Code   RO          625    i.__hardfp_atan2f   m_wm.l(atan2f.o)
    0x0800d554   0x0800d554   0x00000004   PAD
    0x0800d558   0x0800d558   0x000000c8   Code   RO          637    i.__hardfp_cos      m_wm.l(cos.o)
    0x0800d620   0x0800d620   0x000001e8   Code   RO         1026    i.__hardfp_expf     m_wm.l(expf.o)
    0x0800d808   0x0800d808   0x00000014   Code   RO          649    i.__hardfp_fabs     m_wm.l(fabs.o)
    0x0800d81c   0x0800d81c   0x00000104   Code   RO          655    i.__hardfp_fmod     m_wm.l(fmod.o)
    0x0800d920   0x0800d920   0x00000c50   Code   RO          667    i.__hardfp_pow      m_wm.l(pow.o)
    0x0800e570   0x0800e570   0x000000c8   Code   RO          681    i.__hardfp_sin      m_wm.l(sin.o)
    0x0800e638   0x0800e638   0x0000007a   Code   RO          693    i.__hardfp_sqrt     m_wm.l(sqrt.o)
    0x0800e6b2   0x0800e6b2   0x00000002   PAD
    0x0800e6b4   0x0800e6b4   0x000000e4   Code   RO          705    i.__hardfp_tanhf    m_wm.l(tanhf.o)
    0x0800e798   0x0800e798   0x00000438   Code   RO         1061    i.__ieee754_rem_pio2  m_wm.l(rred.o)
    0x0800ebd0   0x0800ebd0   0x00000170   Code   RO         1009    i.__kernel_cos      m_wm.l(cos_i.o)
    0x0800ed40   0x0800ed40   0x000000f8   Code   RO         1058    i.__kernel_poly     m_wm.l(poly.o)
    0x0800ee38   0x0800ee38   0x00000130   Code   RO         1066    i.__kernel_sin      m_wm.l(sin_i.o)
    0x0800ef68   0x0800ef68   0x00000030   Code   RO         1012    i.__mathlib_dbl_divzero  m_wm.l(dunder.o)
    0x0800ef98   0x0800ef98   0x00000014   Code   RO         1013    i.__mathlib_dbl_infnan  m_wm.l(dunder.o)
    0x0800efac   0x0800efac   0x00000014   Code   RO         1014    i.__mathlib_dbl_infnan2  m_wm.l(dunder.o)
    0x0800efc0   0x0800efc0   0x00000020   Code   RO         1015    i.__mathlib_dbl_invalid  m_wm.l(dunder.o)
    0x0800efe0   0x0800efe0   0x00000020   Code   RO         1016    i.__mathlib_dbl_overflow  m_wm.l(dunder.o)
    0x0800f000   0x0800f000   0x00000020   Code   RO         1018    i.__mathlib_dbl_underflow  m_wm.l(dunder.o)
    0x0800f020   0x0800f020   0x00000006   Code   RO         1045    i.__mathlib_flt_infnan  m_wm.l(funder.o)
    0x0800f026   0x0800f026   0x00000006   Code   RO         1046    i.__mathlib_flt_infnan2  m_wm.l(funder.o)
    0x0800f02c   0x0800f02c   0x00000010   Code   RO         1048    i.__mathlib_flt_overflow  m_wm.l(funder.o)
    0x0800f03c   0x0800f03c   0x00000010   Code   RO         1050    i.__mathlib_flt_underflow  m_wm.l(funder.o)
    0x0800f04c   0x0800f04c   0x0000000e   Code   RO         1135    i.__scatterload_copy  mc_w.l(handlers.o)
    0x0800f05a   0x0800f05a   0x00000002   Code   RO         1136    i.__scatterload_null  mc_w.l(handlers.o)
    0x0800f05c   0x0800f05c   0x0000000e   Code   RO         1137    i.__scatterload_zeroinit  mc_w.l(handlers.o)
    0x0800f06a   0x0800f06a   0x00000002   PAD
    0x0800f06c   0x0800f06c   0x0000000c   Code   RO         1101    i.__set_errno       mc_w.l(errno.o)
    0x0800f078   0x0800f078   0x00000410   Code   RO          948    i._printf_core      mc_w.l(printf8.o)
    0x0800f488   0x0800f488   0x00000024   Code   RO          949    i._printf_post_padding  mc_w.l(printf8.o)
    0x0800f4ac   0x0800f4ac   0x0000002e   Code   RO          950    i._printf_pre_padding  mc_w.l(printf8.o)
    0x0800f4da   0x0800f4da   0x00000016   Code   RO          951    i._snputc           mc_w.l(printf8.o)
    0x0800f4f0   0x0800f4f0   0x0000000a   Code   RO          952    i._sputc            mc_w.l(printf8.o)
    0x0800f4fa   0x0800f4fa   0x00000018   Code   RO          651    i.fabs              m_wm.l(fabs.o)
    0x0800f512   0x0800f512   0x0000006e   Code   RO          695    i.sqrt              m_wm.l(sqrt.o)
    0x0800f580   0x0800f580   0x00000088   Data   RO          670    .constdata          m_wm.l(pow.o)
    0x0800f608   0x0800f608   0x00000030   Data   RO         1010    .constdata          m_wm.l(cos_i.o)
    0x0800f638   0x0800f638   0x00000030   Data   RO         1029    .constdata          m_wm.l(expf.o)
    0x0800f668   0x0800f668   0x00000008   Data   RO         1060    .constdata          m_wm.l(qnan.o)
    0x0800f670   0x0800f670   0x000000c8   Data   RO         1063    .constdata          m_wm.l(rred.o)
    0x0800f738   0x0800f738   0x00000028   Data   RO         1067    .constdata          m_wm.l(sin_i.o)
    0x0800f760   0x0800f760   0x00000020   Data   RO         1133    Region$$Table       anon$$obj.o


    Execution Region RW_IRAM1 (Exec base: 0x20000000, Load base: 0x0800f780, Size: 0x000034e0, Max: 0x00020000, ABSOLUTE, COMPRESSED[0x00000110])

    Exec Addr    Load Addr    Size         Type   Attr      Idx    E Section Name        Object

    0x20000000   COMPRESSED   0x000003d4   Data   RW          141    .data               main.o
    0x200003d4   COMPRESSED   0x00000014   Data   RW          282    .data               system_stm32f4xx.o
    0x200003e8   COMPRESSED   0x00000010   Data   RW          343    .data               stm32f4xx_rcc.o
    0x200003f8   COMPRESSED   0x00000010   Data   RW          551    .data               timers.o
    0x20000408   COMPRESSED   0x00000004   Data   RW          572    .data               port.o
    0x2000040c   COMPRESSED   0x00000018   Data   RW          590    .data               heap_2.o
    0x20000424   COMPRESSED   0x0000003c   Data   RW          605    .data               tasks.o
    0x20000460   COMPRESSED   0x00000004   Data   RW         1102    .data               mc_w.l(errno.o)
    0x20000464        -       0x00000321   Zero   RW          140    .bss                main.o
    0x20000785   COMPRESSED   0x00000003   PAD
    0x20000788        -       0x00000040   Zero   RW          532    .bss                queue.o
    0x200007c8        -       0x00000028   Zero   RW          550    .bss                timers.o
    0x200007f0        -       0x00002800   Zero   RW          589    .bss                heap_2.o
    0x20002ff0        -       0x000000f0   Zero   RW          604    .bss                tasks.o
    0x200030e0        -       0x00000400   Zero   RW          302    STACK               startup_stm32f4xx.o


==============================================================================

Image component sizes


      Code (inc. data)   RO Data    RW Data    ZI Data      Debug   Object Name

       280         22          0         24      10240       3756   heap_2.o
       152          0          0          0          0       3558   list.o
     33604       2702          0        980        801     345665   main.o
       224         20          0          0          0       2013   misc.o
       388         34          0          4          0       3094   port.o
      1896          6          0          0         64      11016   queue.o
        36          8        392          0       1024        940   startup_stm32f4xx.o
      1124         24          0          0          0      10882   stm32f4xx_adc.o
       936         32          0          0          0       6589   stm32f4xx_dma.o
       284         10          0          0          0       2515   stm32f4xx_exti.o
       604         36          0          0          0       4317   stm32f4xx_gpio.o
       848        126          0          0          0     292459   stm32f4xx_it.o
      1416         48          0         16          0      11283   stm32f4xx_rcc.o
       140         12          0          0          0       1759   stm32f4xx_syscfg.o
      3234         60          0          0          0      23204   stm32f4xx_tim.o
      1050         26          0          0          0       8052   stm32f4xx_usart.o
       512         44          0         20          0       1879   system_stm32f4xx.o
      3492        256          0         60        240      16065   tasks.o
      1040         36          0         16         40      10492   timers.o

    ----------------------------------------------------------------------
     51264       3502        424       1120      12412     759538   Object Totals
         0          0         32          0          0          0   (incl. Generated)
         4          0          0          0          3          0   (incl. Padding)

    ----------------------------------------------------------------------

      Code (inc. data)   RO Data    RW Data    ZI Data      Debug   Library Member Name

       592         90          0          0          0        184   atan2f.o
       200         20          0          0          0        164   cos.o
       368         46         48          0          0        200   cos_i.o
       184         44          0          0          0        744   dunder.o
       488         62         48          0          0        236   expf.o
        44          0          0          0          0        248   fabs.o
       260          6          0          0          0        144   fmod.o
        48          0          0          0          0        124   fpclassify.o
        38          0          0          0          0        116   fpclassifyf.o
        44         12          0          0          0        464   funder.o
       248          0          0          0          0        152   poly.o
      3152        296        136          0          0        352   pow.o
         0          0          8          0          0          0   qnan.o
      1080        142        200          0          0        188   rred.o
       200         20          0          0          0        164   sin.o
       304         24         40          0          0        208   sin_i.o
       232          0          0          0          0        296   sqrt.o
       228         20          0          0          0        152   tanhf.o
        86          0          0          0          0          0   __dczerorl2.o
         0          0          0          0          0          0   entry.o
         0          0          0          0          0          0   entry10a.o
         0          0          0          0          0          0   entry11a.o
         8          4          0          0          0          0   entry2.o
         4          0          0          0          0          0   entry5.o
         0          0          0          0          0          0   entry7b.o
         0          0          0          0          0          0   entry8b.o
         8          4          0          0          0          0   entry9a.o
        12          6          0          4          0         68   errno.o
        30          0          0          0          0          0   handlers.o
        36          8          0          0          0         68   init.o
         0          0          0          0          0          0   iusefp.o
        30          0          0          0          0         68   llshl.o
        36          0          0          0          0         68   llsshr.o
        32          0          0          0          0         68   llushr.o
        36          0          0          0          0         68   memcpya.o
        36          0          0          0          0        108   memseta.o
      1242         54          0          0          0        572   printf8.o
        24          0          0          0          0         68   strcat.o
        28          0          0          0          0         76   strcmp.o
        14          0          0          0          0         68   strlen.o
        24          0          0          0          0         76   strncpy.o
        98          0          0          0          0         92   uldiv.o
        48          0          0          0          0         68   cdrcmple.o
        56          0          0          0          0         88   d2f.o
       334          0          0          0          0        148   dadd.o
       222          0          0          0          0        100   ddiv.o
       186          0          0          0          0        176   depilogue.o
        62          0          0          0          0         80   dfixi.o
        34          0          0          0          0         76   dflti.o
        26          0          0          0          0         76   dfltui.o
       228          0          0          0          0         96   dmul.o
       134          0          0          0          0         96   drem.o
        46          0          0          0          0         80   dscalb.o
       162          0          0          0          0        100   dsqrt.o
        38          0          0          0          0         68   f2d.o
       110          0          0          0          0        168   fepilogue.o

    ----------------------------------------------------------------------
     11192        862        480          4          0       7024   Library Totals
        12          4          0          0          0          0   (incl. Padding)

    ----------------------------------------------------------------------

      Code (inc. data)   RO Data    RW Data    ZI Data      Debug   Library Name

      7710        782        480          0          0       4136   m_wm.l
      1784         76          0          4          0       1468   mc_w.l
      1686          0          0          0          0       1420   mf_w.l

    ----------------------------------------------------------------------
     11192        862        480          4          0       7024   Library Totals

    ----------------------------------------------------------------------

==============================================================================


      Code (inc. data)   RO Data    RW Data    ZI Data      Debug   

     62456       4364        904       1124      12412     757086   Grand Totals
     62456       4364        904        272      12412     757086   ELF Image Totals (compressed)
     62456       4364        904        272          0          0   ROM Totals

==============================================================================

    Total RO  Size (Code + RO Data)                63360 (  61.88kB)
    Total RW  Size (RW Data + ZI Data)             13536 (  13.22kB)
    Total ROM Size (Code + RO Data + RW Data)      63632 (  62.14kB)

==============================================================================

