<html>
<body>
<pre>
<h1>µVision Build Log</h1>
<h2>Tool Versions:</h2>
IDE-Version: µVision V5.29.0.0
Copyright (C) 2019 ARM Ltd and ARM Germany GmbH. All rights reserved.
License Information: han1 bao1, nvidia1, LIC=RC93N-YKQZN-45XT5-GN4QU-F28WE-F9LH0
 
Tool Versions:
Toolchain:       MDK-ARM Plus  Version: 5.29.0.0
Toolchain Path:  C:\Keil_v5\ARM\ARMCC\Bin
C Compiler:      Armcc.exe V5.06 update 6 (build 750)
Assembler:       Armasm.exe V5.06 update 6 (build 750)
Linker/Locator:  ArmLink.exe V5.06 update 6 (build 750)
Library Manager: ArmAr.exe V5.06 update 6 (build 750)
Hex Converter:   FromElf.exe V5.06 update 6 (build 750)
CPU DLL:         SARMCM3.DLL V5.29.0.0
Dialog DLL:      DCM.DLL V1.17.3.0
Target DLL:      STLink\ST-LINKIII-KEIL_SWO.dll V3.0.7.0
Dialog DLL:      TCM.DLL V1.36.5.0
 
<h2>Project:</h2>
C:\AI_folder\ROBOCON_2026\R1\R1\ROBOT_MR1\MDK-ARM\Project.uvprojx
Project File Date:  02/08/2026

<h2>Output:</h2>
*** Using Compiler 'V5.06 update 6 (build 750)', folder: 'C:\Keil_v5\ARM\ARMCC\Bin'
Build target 'Project'
compiling main.c...
..\LID_HMI.h(16): warning:  #223-D: function "strlen" declared implicitly
      int len = strlen(_buf1);
..\LID_HMI.h(17): warning:  #223-D: function "strcmp" declared implicitly
      if (strcmp(Buffer_HMI, _buf1) != 0) {	
..\LID_HMI.h(18): warning:  #223-D: function "strncpy" declared implicitly
          strncpy(Buffer_HMI, _buf1, sizeof(Buffer_HMI) - 1);  // Sao chép n?i dung m?i vào Buffer_HMI v?i gi?i h?n kích thu?c
..\LID_HMI.h(114): warning:  #223-D: function "strcat" declared implicitly
  strcat (ky_tu,ky_tu_1);
..\LID_HMI.h(97): warning:  #177-D: variable "k"  was declared but never referenced
  	char k=0xff,i;
..\LID_HMI.h(147): warning:  #223-D: function "strcat" declared implicitly
  strcat (ky_tu,ky_tu_1);
..\LID_HMI.h(132): warning:  #177-D: variable "k"  was declared but never referenced
  	char k=0xff,i;
..\LID_HMI.h(188): warning:  #223-D: function "strcat" declared implicitly
  strcat (ky_tu,ky_tu_1);
..\LID_HMI.h(171): warning:  #177-D: variable "k"  was declared but never referenced
  	char k=0xff,i;
..\doc_tay_game.h(346): warning:  #177-D: variable "CANH_A"  was declared but never referenced
  	   float CANH_A,CANH_B;
..\doc_tay_game.h(346): warning:  #177-D: variable "CANH_B"  was declared but never referenced
  	   float CANH_A,CANH_B;
..\config.h(753): warning:  #177-D: variable "NVIC_InitStructure"  was declared but never referenced
  	NVIC_InitTypeDef NVIC_InitStructure;
..\config.h(1859): warning:  #188-D: enumerated type mixed with another type
  											GPIO_WriteBit(GPIOC,GPIO_Pin_15,0);
..\config.h(1863): warning:  #188-D: enumerated type mixed with another type
  											GPIO_WriteBit(GPIOC,GPIO_Pin_15,1);
..\config.h(1982): warning:  #111-D: statement is unreachable
  										break;
..\config.h(1850): warning:  #177-D: variable "camera"  was declared but never referenced
  		char*camera="11111111111111111111110111111111";
..\config.h(1853): warning:  #550-D: variable "_chu_cac_bit"  was set but never used
  									char _chu_cac_bit[40];
..\config.h(1989): warning:  #177-D: variable "_k"  was declared but never referenced
  	{int _k,_i;
..\config.h(1989): warning:  #177-D: variable "_i"  was declared but never referenced
  	{int _k,_i;
..\config.h(2001): warning:  #1-D: last line of file ends without a newline
  }
..\3SwerveWheel_HanBao.h(112): warning:  #177-D: variable "gd"  was declared but never referenced
      int goc_den, goc_doi, gd;
..\3SwerveWheel_HanBao.h(375): warning:  #177-D: variable "R"  was declared but never referenced
  		float R,V0hx, V0hy, V4hx, V4hy, V8hx, V8hy;
..\3SwerveWheel_HanBao.h(491): warning:  #1035-D: single-precision operand implicitly converted to double-precision
  	absRotate = rotate* 0.5;
..\3SwerveWheel_HanBao.h(635): warning:  #1035-D: single-precision operand implicitly converted to double-precision
  			robotRotate(robotAngle, (absF(robotAngle - _robotIMUAngle) > 50? (robotAngle > _robotIMUAngle ? rotate: -rotate):(robotAngle - _robotIMUAngle)*0.0005), 0);
..\DieuKhienCoCau.h(22): warning:  #260-D: explicit type is missing ("int" assumed)
  extern speed_temp;
..\DieuKhienCoCau.h(124): warning:  #177-D: variable "bientronangluaCouter"  was declared but never referenced
  	static unsigned int bientronangluaCouter = 0, bientronanglua_SUM = 0;
..\DieuKhienCoCau.h(124): warning:  #177-D: variable "bientronanglua_SUM"  was declared but never referenced
  	static unsigned int bientronangluaCouter = 0, bientronanglua_SUM = 0;
..\DieuKhienCoCau.h(127): warning:  #177-D: variable "bientrotaydayCouter"  was declared but never referenced
  	static unsigned int bientrotaydayCouter = 0, bientrotayday_SUM = 0;
..\DieuKhienCoCau.h(127): warning:  #177-D: variable "bientrotayday_SUM"  was declared but never referenced
  	static unsigned int bientrotaydayCouter = 0, bientrotayday_SUM = 0;
..\DieuKhienCoCau.h(277): warning:  #188-D: enumerated type mixed with another type
  			if(Day == 0)	XI_LANH_TAY_VAO;
..\DieuKhienCoCau.h(278): warning:  #188-D: enumerated type mixed with another type
  			else					XI_LANH_TAY_RA;
..\DieuKhienCoCau.h(292): warning:  #188-D: enumerated type mixed with another type
  			if(Kep == 0)	XI_LANH_KEP_DONG;
..\DieuKhienCoCau.h(293): warning:  #188-D: enumerated type mixed with another type
  			else					XI_LANH_KEP_MO;
..\DieuKhienCoCau.h(308): warning:  #188-D: enumerated type mixed with another type
  			if(Xoay == 0)	XI_LANH_TAY_XUONG;
..\DieuKhienCoCau.h(309): warning:  #188-D: enumerated type mixed with another type
  			else					XI_LANH_TAY_LEN;
..\DieuKhienCoCau.h(336): warning:  #188-D: enumerated type mixed with another type
  	XI_LANH_TAY_LEN;
..\DieuKhienCoCau.h(337): warning:  #188-D: enumerated type mixed with another type
  	XI_LANH_KEP_MO;
..\DieuKhienCoCau.h(339): warning:  #188-D: enumerated type mixed with another type
  	XI_LANH_TAY_RA;
..\DieuKhienCoCau.h(341): warning:  #188-D: enumerated type mixed with another type
  	XI_LANH_KEP_DONG;
..\DieuKhienCoCau.h(343): warning:  #188-D: enumerated type mixed with another type
  	XI_LANH_TAY_VAO;
..\DieuKhienCoCau.h(525): warning:  #188-D: enumerated type mixed with another type
  	XI_LANH_KEP_DONG;
..\DieuKhienCoCau.h(526): warning:  #188-D: enumerated type mixed with another type
  	XI_LANH_TAY_XUONG;
..\DieuKhienCoCau.h(527): warning:  #188-D: enumerated type mixed with another type
  	XI_LANH_TAY_VAO;
..\BasicFunction.h(55): warning:  #177-D: variable "td_x"  was declared but never referenced
  	int tocdo = 20, td_x = 5;
..\San_Xanh.h(19): warning:  #188-D: enumerated type mixed with another type
  		XI_LANH_TAY_LEN;
..\San_Xanh.h(20): warning:  #188-D: enumerated type mixed with another type
  		XI_LANH_KEP_MO;
..\San_Xanh.h(50): warning:  #188-D: enumerated type mixed with another type
  	XI_LANH_TAY_RA;
..\San_Xanh.h(52): warning:  #188-D: enumerated type mixed with another type
  	XI_LANH_KEP_DONG;
..\San_Xanh.h(60): warning:  #188-D: enumerated type mixed with another type
  	XI_LANH_TAY_VAO;	
..\San_Xanh.h(70): warning:  #188-D: enumerated type mixed with another type
  			if(lazeTraiValue < 165)	XI_LANH_TAY_XUONG;
..\San_Xanh.h(757): warning:  #1-D: last line of file ends without a newline
  }
..\San_Do.h(19): warning:  #188-D: enumerated type mixed with another type
  		XI_LANH_TAY_LEN;
..\San_Do.h(20): warning:  #188-D: enumerated type mixed with another type
  		XI_LANH_KEP_MO;
..\San_Do.h(51): warning:  #188-D: enumerated type mixed with another type
  	XI_LANH_TAY_RA;
..\San_Do.h(53): warning:  #188-D: enumerated type mixed with another type
  	XI_LANH_KEP_DONG;
..\San_Do.h(61): warning:  #188-D: enumerated type mixed with another type
  	XI_LANH_TAY_VAO;	
..\San_Do.h(71): warning:  #188-D: enumerated type mixed with another type
  			if(lazeTraiValue < 165)	XI_LANH_TAY_XUONG;
..\San_Do.h(732): warning:  #1-D: last line of file ends without a newline
  }
..\main.c(226): warning:  #1-D: last line of file ends without a newline
  }
..\main.c: 59 warnings, 0 errors
linking...
Program Size: Code=61648 RO-data=904 RW-data=1108 ZI-data=12420  
FromELF: creating hex file...
".\Project\Project.axf" - 0 Error(s), 59 Warning(s).

<h2>Software Packages used:</h2>

Package Vendor: ARM
                https://www.keil.com/pack/ARM.CMSIS.6.1.0.pack
                ARM.CMSIS.6.1.0
                CMSIS (Common Microcontroller Software Interface Standard)
   * Component: CORE Version: 6.1.0

Package Vendor: Keil
                https://www.keil.com/pack/Keil.STM32F4xx_DFP.3.1.1.pack
                Keil.STM32F4xx_DFP.3.1.1
                STMicroelectronics STM32F4 Series Device Support

<h2>Collection of Component include folders:</h2>
  .\RTE\_Project
  C:\Users\DELL\AppData\Local\Arm\Packs\ARM\CMSIS\6.1.0\CMSIS\Core\Include

<h2>Collection of Component Files used:</h2>

   * Component: ARM::CMSIS:CORE:6.1.0
Build Time Elapsed:  00:00:01
</pre>
</body>
</html>
