Component: ARM Compiler 5.06 update 6 (build 750) Tool: armlink [4d35ed]

==============================================================================

Section Cross References

    stm32f4xx_it.o(.text) refers to stm32f4xx_usart.o(.text) for USART_GetITStatus
    stm32f4xx_it.o(.text) refers to stm32f4xx_dma.o(.text) for DMA_ClearITPendingBit
    stm32f4xx_it.o(.text) refers to main.o(.text) for ProcessReceivedData
    stm32f4xx_it.o(.text) refers to stm32f4xx_tim.o(.text) for TIM_ClearITPendingBit
    stm32f4xx_it.o(.text) refers to stm32f4xx_exti.o(.text) for EXTI_GetITStatus
    stm32f4xx_it.o(.text) refers to stm32f4xx_gpio.o(.text) for GPIO_ToggleBits
    stm32f4xx_it.o(.text) refers to main.o(.bss) for RX_USART1
    stm32f4xx_it.o(.text) refers to main.o(.data) for IMU
    main.o(.text) refers to strlen.o(.text) for strlen
    main.o(.text) refers to strcmp.o(.text) for strcmp
    main.o(.text) refers to strncpy.o(.text) for strncpy
    main.o(.text) refers to stm32f4xx_dma.o(.text) for DMA_Cmd
    main.o(.text) refers to stm32f4xx_usart.o(.text) for USART_SendData
    main.o(.text) refers to printf8.o(i.__0snprintf$8) for __2snprintf
    main.o(.text) refers to printf8.o(i.__0sprintf$8) for __2sprintf
    main.o(.text) refers to strcat.o(.text) for strcat
    main.o(.text) refers to main.o(.bss) for Buffer_HMI
    main.o(.text) refers to f2d.o(.text) for __aeabi_f2d
    main.o(.text) refers to atan2.o(i.__hardfp_atan2) for __hardfp_atan2
    main.o(.text) refers to dmul.o(.text) for __aeabi_dmul
    main.o(.text) refers to dfixi.o(.text) for __aeabi_d2iz
    main.o(.text) refers to stm32f4xx_tim.o(.text) for TIM_GetCounter
    main.o(.text) refers to stm32f4xx_rcc.o(.text) for RCC_AHB1PeriphClockCmd
    main.o(.text) refers to stm32f4xx_gpio.o(.text) for GPIO_Init
    main.o(.text) refers to misc.o(.text) for NVIC_PriorityGroupConfig
    main.o(.text) refers to main.o(.data) for HUONG_GAME_CT
    main.o(.text) refers to stm32f4xx_adc.o(.text) for ADC_CommonInit
    main.o(.text) refers to tasks.o(.text) for vTaskDelay
    main.o(.text) refers to stm32f4xx_syscfg.o(.text) for SYSCFG_EXTILineConfig
    main.o(.text) refers to stm32f4xx_exti.o(.text) for EXTI_Init
    main.o(.text) refers to dflti.o(.text) for __aeabi_i2d
    main.o(.text) refers to dadd.o(.text) for __aeabi_dsub
    main.o(.text) refers to ddiv.o(.text) for __aeabi_ddiv
    main.o(.text) refers to d2f.o(.text) for __aeabi_d2f
    main.o(.text) refers to sinf.o(i.__hardfp_sinf) for __hardfp_sinf
    main.o(.text) refers to cosf.o(i.__hardfp_cosf) for __hardfp_cosf
    main.o(.text) refers to cdrcmple.o(.text) for __aeabi_cdrcmple
    main.o(.text) refers to powf.o(i.__hardfp_powf) for __hardfp_powf
    system_stm32f4xx.o(.text) refers to system_stm32f4xx.o(.data) for SystemCoreClock
    startup_stm32f4xx.o(RESET) refers to startup_stm32f4xx.o(STACK) for __initial_sp
    startup_stm32f4xx.o(RESET) refers to startup_stm32f4xx.o(.text) for Reset_Handler
    startup_stm32f4xx.o(RESET) refers to stm32f4xx_it.o(.text) for NMI_Handler
    startup_stm32f4xx.o(RESET) refers to port.o(.emb_text) for SVC_Handler
    startup_stm32f4xx.o(RESET) refers to port.o(.text) for SysTick_Handler
    startup_stm32f4xx.o(.text) refers to system_stm32f4xx.o(.text) for SystemInit
    startup_stm32f4xx.o(.text) refers to entry.o(.ARM.Collect$$$$00000000) for __main
    stm32f4xx_gpio.o(.text) refers to stm32f4xx_rcc.o(.text) for RCC_AHB1PeriphResetCmd
    stm32f4xx_rcc.o(.text) refers to stm32f4xx_rcc.o(.data) for APBAHBPrescTable
    stm32f4xx_adc.o(.text) refers to stm32f4xx_rcc.o(.text) for RCC_APB2PeriphResetCmd
    stm32f4xx_spi.o(.text) refers to stm32f4xx_rcc.o(.text) for RCC_APB2PeriphResetCmd
    stm32f4xx_tim.o(.text) refers to stm32f4xx_rcc.o(.text) for RCC_APB2PeriphResetCmd
    stm32f4xx_usart.o(.text) refers to stm32f4xx_rcc.o(.text) for RCC_APB2PeriphResetCmd
    stm32f4xx_syscfg.o(.text) refers to stm32f4xx_rcc.o(.text) for RCC_APB2PeriphResetCmd
    stm32f4xx_i2c.o(.text) refers to stm32f4xx_rcc.o(.text) for RCC_APB1PeriphResetCmd
    croutine.o(.text) refers to list.o(.text) for vListInitialise
    croutine.o(.text) refers to heap_2.o(.text) for pvPortMalloc
    croutine.o(.text) refers to port.o(.emb_text) for ulPortSetInterruptMask
    croutine.o(.text) refers to tasks.o(.text) for xTaskGetTickCount
    croutine.o(.text) refers to croutine.o(.bss) for pxReadyCoRoutineLists
    croutine.o(.text) refers to croutine.o(.data) for pxDelayedCoRoutineList
    queue.o(.text) refers to port.o(.emb_text) for ulPortSetInterruptMask
    queue.o(.text) refers to port.o(.text) for vPortEnterCritical
    queue.o(.text) refers to tasks.o(.text) for xTaskRemoveFromEventList
    queue.o(.text) refers to list.o(.text) for vListInitialise
    queue.o(.text) refers to heap_2.o(.text) for pvPortMalloc
    queue.o(.text) refers to memcpya.o(.text) for __aeabi_memcpy
    queue.o(.text) refers to queue.o(.bss) for xQueueRegistry
[...]
    I2C3_ER_IRQHandler                       0x08027fe7   Thumb Code     0  startup_stm32f4xx.o(.text)
    I2C3_EV_IRQHandler                       0x08027fe7   Thumb Code     0  startup_stm32f4xx.o(.text)
    OTG_FS_IRQHandler                        0x08027fe7   Thumb Code     0  startup_stm32f4xx.o(.text)
    OTG_FS_WKUP_IRQHandler                   0x08027fe7   Thumb Code     0  startup_stm32f4xx.o(.text)
    OTG_HS_EP1_IN_IRQHandler                 0x08027fe7   Thumb Code     0  startup_stm32f4xx.o(.text)
    OTG_HS_EP1_OUT_IRQHandler                0x08027fe7   Thumb Code     0  startup_stm32f4xx.o(.text)
    OTG_HS_IRQHandler                        0x08027fe7   Thumb Code     0  startup_stm32f4xx.o(.text)
    OTG_HS_WKUP_IRQHandler                   0x08027fe7   Thumb Code     0  startup_stm32f4xx.o(.text)
    PVD_IRQHandler                           0x08027fe7   Thumb Code     0  startup_stm32f4xx.o(.text)
    RCC_IRQHandler                           0x08027fe7   Thumb Code     0  startup_stm32f4xx.o(.text)
    RTC_Alarm_IRQHandler                     0x08027fe7   Thumb Code     0  startup_stm32f4xx.o(.text)
    RTC_WKUP_IRQHandler                      0x08027fe7   Thumb Code     0  startup_stm32f4xx.o(.text)
    SDIO_IRQHandler                          0x08027fe7   Thumb Code     0  startup_stm32f4xx.o(.text)
    SPI2_IRQHandler                          0x08027fe7   Thumb Code     0  startup_stm32f4xx.o(.text)
    TAMP_STAMP_IRQHandler                    0x08027fe7   Thumb Code     0  startup_stm32f4xx.o(.text)
    TIM1_BRK_TIM9_IRQHandler                 0x08027fe7   Thumb Code     0  startup_stm32f4xx.o(.text)
    TIM1_CC_IRQHandler                       0x08027fe7   Thumb Code     0  startup_stm32f4xx.o(.text)
    TIM8_BRK_TIM12_IRQHandler                0x08027fe7   Thumb Code     0  startup_stm32f4xx.o(.text)
    TIM8_CC_IRQHandler                       0x08027fe7   Thumb Code     0  startup_stm32f4xx.o(.text)
    TIM8_TRG_COM_TIM14_IRQHandler            0x08027fe7   Thumb Code     0  startup_stm32f4xx.o(.text)
    TIM8_UP_TIM13_IRQHandler                 0x08027fe7   Thumb Code     0  startup_stm32f4xx.o(.text)
    UART4_IRQHandler                         0x08027fe7   Thumb Code     0  startup_stm32f4xx.o(.text)
    UART5_IRQHandler                         0x08027fe7   Thumb Code     0  startup_stm32f4xx.o(.text)
    USART2_IRQHandler                        0x08027fe7   Thumb Code     0  startup_stm32f4xx.o(.text)
    USART3_IRQHandler                        0x08027fe7   Thumb Code     0  startup_stm32f4xx.o(.text)
    USART6_IRQHandler                        0x08027fe7   Thumb Code     0  startup_stm32f4xx.o(.text)
    WWDG_IRQHandler                          0x08027fe7   Thumb Code     0  startup_stm32f4xx.o(.text)
    NVIC_PriorityGroupConfig                 0x08027ff1   Thumb Code    10  misc.o(.text)
    NVIC_Init                                0x08027ffb   Thumb Code   106  misc.o(.text)
    NVIC_SetVectorTable                      0x08028065   Thumb Code    14  misc.o(.text)
    NVIC_SystemLPConfig                      0x08028073   Thumb Code    34  misc.o(.text)
    SysTick_CLKSourceConfig                  0x08028095   Thumb Code    40  misc.o(.text)
    GPIO_DeInit                              0x080280d1   Thumb Code   220  stm32f4xx_gpio.o(.text)
    GPIO_Init                                0x080281ad   Thumb Code   144  stm32f4xx_gpio.o(.text)
    GPIO_StructInit                          0x0802823d   Thumb Code    18  stm32f4xx_gpio.o(.text)
    GPIO_PinLockConfig                       0x0802824f   Thumb Code    34  stm32f4xx_gpio.o(.text)
    GPIO_ReadInputDataBit                    0x08028271   Thumb Code    18  stm32f4xx_gpio.o(.text)
    GPIO_ReadInputData                       0x08028283   Thumb Code     8  stm32f4xx_gpio.o(.text)
    GPIO_ReadOutputDataBit                   0x0802828b   Thumb Code    18  stm32f4xx_gpio.o(.text)
    GPIO_ReadOutputData                      0x0802829d   Thumb Code     8  stm32f4xx_gpio.o(.text)
    GPIO_SetBits                             0x080282a5   Thumb Code     4  stm32f4xx_gpio.o(.text)
    GPIO_ResetBits                           0x080282a9   Thumb Code     4  stm32f4xx_gpio.o(.text)
    GPIO_WriteBit                            0x080282ad   Thumb Code    10  stm32f4xx_gpio.o(.text)
    GPIO_Write                               0x080282b7   Thumb Code     4  stm32f4xx_gpio.o(.text)
    GPIO_ToggleBits                          0x080282bb   Thumb Code     8  stm32f4xx_gpio.o(.text)
    GPIO_PinAFConfig                         0x080282c3   Thumb Code    70  stm32f4xx_gpio.o(.text)
    RCC_DeInit                               0x0802832d   Thumb Code    60  stm32f4xx_rcc.o(.text)
    RCC_HSEConfig                            0x08028369   Thumb Code    14  stm32f4xx_rcc.o(.text)
    RCC_GetFlagStatus                        0x08028377   Thumb Code    60  stm32f4xx_rcc.o(.text)
    RCC_WaitForHSEStartUp                    0x080283b3   Thumb Code    56  stm32f4xx_rcc.o(.text)
    RCC_AdjustHSICalibrationValue            0x080283eb   Thumb Code    20  stm32f4xx_rcc.o(.text)
    RCC_HSICmd                               0x080283ff   Thumb Code     6  stm32f4xx_rcc.o(.text)
    RCC_LSEConfig                            0x08028405   Thumb Code    46  stm32f4xx_rcc.o(.text)
    RCC_LSICmd                               0x08028433   Thumb Code     6  stm32f4xx_rcc.o(.text)
    RCC_PLLConfig                            0x08028439   Thumb Code    32  stm32f4xx_rcc.o(.text)
    RCC_PLLCmd                               0x08028459   Thumb Code     6  stm32f4xx_rcc.o(.text)
    RCC_PLLI2SConfig                         0x0802845f   Thumb Code    14  stm32f4xx_rcc.o(.text)
    RCC_PLLI2SCmd                            0x0802846d   Thumb Code     6  stm32f4xx_rcc.o(.text)
    RCC_ClockSecuritySystemCmd               0x08028473   Thumb Code     6  stm32f4xx_rcc.o(.text)
    RCC_MCO1Config                           0x08028479   Thumb Code    28  stm32f4xx_rcc.o(.text)
    RCC_MCO2Config                           0x08028495   Thumb Code    28  stm32f4xx_rcc.o(.text)
    RCC_SYSCLKConfig                         0x080284b1   Thumb Code    20  stm32f4xx_rcc.o(.text)
    RCC_GetSYSCLKSource                      0x080284c5   Thumb Code    12  stm32f4xx_rcc.o(.text)
    RCC_HCLKConfig                           0x080284d1   Thumb Code    20  stm32f4xx_rcc.o(.text)
    RCC_PCLK1Config                          0x080284e5   Thumb Code    20  stm32f4xx_rcc.o(.text)
    RCC_PCLK2Config                          0x080284f9   Thumb Code    22  stm32f4xx_rcc.o(.text)
    RCC_GetClocksFreq                        0x0802850f   Thumb Code   222  stm32f4xx_rcc.o(.text)
    RCC_RTCCLKConfig                         0x080285ed   Thumb Code    54  stm32f4xx_rcc.o(.text)
    RCC_RTCCLKCmd                            0x08028623   Thumb Code     8  stm32f4xx_rcc.o(.text)
    RCC_BackupResetCmd                       0x0802862b   Thumb Code     8  stm32f4xx_rcc.o(.text)
    RCC_I2SCLKConfig                         0x08028633   Thumb Code     6  stm32f4xx_rcc.o(.text)
    RCC_AHB1PeriphClockCmd                   0x08028639   Thumb Code    34  stm32f4xx_rcc.o(.text)
    RCC_AHB2PeriphClockCmd                   0x0802865b   Thumb Code    34  stm32f4xx_rcc.o(.text)
    RCC_AHB3PeriphClockCmd                   0x0802867d   Thumb Code    34  stm32f4xx_rcc.o(.text)
    RCC_APB1PeriphClockCmd                   0x0802869f   Thumb Code    34  stm32f4xx_rcc.o(.text)
    RCC_APB2PeriphClockCmd                   0x080286c1   Thumb Code    34  stm32f4xx_rcc.o(.text)
    RCC_AHB1PeriphResetCmd                   0x080286e3   Thumb Code    34  stm32f4xx_rcc.o(.text)
    RCC_AHB2PeriphResetCmd                   0x08028705   Thumb Code    72  stm32f4xx_rcc.o(.text)
    RCC_AHB3PeriphResetCmd                   0x0802874d   Thumb Code    34  stm32f4xx_rcc.o(.text)
    RCC_APB1PeriphResetCmd                   0x0802876f   Thumb Code    34  stm32f4xx_rcc.o(.text)
    RCC_APB2PeriphResetCmd                   0x08028791   Thumb Code    34  stm32f4xx_rcc.o(.text)
    RCC_AHB1PeriphClockLPModeCmd             0x080287b3   Thumb Code    34  stm32f4xx_rcc.o(.text)
    RCC_AHB2PeriphClockLPModeCmd             0x080287d5   Thumb Code    34  stm32f4xx_rcc.o(.text)
    RCC_AHB3PeriphClockLPModeCmd             0x080287f7   Thumb Code    34  stm32f4xx_rcc.o(.text)
    RCC_APB1PeriphClockLPModeCmd             0x08028819   Thumb Code    34  stm32f4xx_rcc.o(.text)
    RCC_APB2PeriphClockLPModeCmd             0x0802883b   Thumb Code    34  stm32f4xx_rcc.o(.text)
    RCC_ITConfig                             0x0802885d   Thumb Code    34  stm32f4xx_rcc.o(.text)
    RCC_ClearFlag                            0x0802887f   Thumb Code    18  stm32f4xx_rcc.o(.text)
    RCC_GetITStatus                          0x08028891   Thumb Code    22  stm32f4xx_rcc.o(.text)
    RCC_ClearITPendingBit                    0x080288a7   Thumb Code     8  stm32f4xx_rcc.o(.text)
    ADC_DeInit                               0x080288b5   Thumb Code    22  stm32f4xx_adc.o(.text)
    ADC_Init                                 0x080288cb   Thumb Code    74  stm32f4xx_adc.o(.text)
    ADC_StructInit                           0x08028915   Thumb Code    20  stm32f4xx_adc.o(.text)
    ADC_CommonInit                           0x08028929   Thumb Code    34  stm32f4xx_adc.o(.text)
    ADC_CommonStructInit                     0x0802894b   Thumb Code    12  stm32f4xx_adc.o(.text)
    ADC_Cmd                                  0x08028957   Thumb Code    22  stm32f4xx_adc.o(.text)
    ADC_AnalogWatchdogCmd                    0x0802896d   Thumb Code    16  stm32f4xx_adc.o(.text)
    ADC_AnalogWatchdogThresholdsConfig       0x0802897d   Thumb Code     6  stm32f4xx_adc.o(.text)
    ADC_AnalogWatchdogSingleChannelConfig    0x08028983   Thumb Code    16  stm32f4xx_adc.o(.text)
    ADC_TempSensorVrefintCmd                 0x08028993   Thumb Code    34  stm32f4xx_adc.o(.text)
    ADC_VBATCmd                              0x080289b5   Thumb Code    34  stm32f4xx_adc.o(.text)
    ADC_RegularChannelConfig                 0x080289d7   Thumb Code   184  stm32f4xx_adc.o(.text)
    ADC_SoftwareStartConv                    0x08028a8f   Thumb Code    10  stm32f4xx_adc.o(.text)
    ADC_GetSoftwareStartConvStatus           0x08028a99   Thumb Code    20  stm32f4xx_adc.o(.text)
    ADC_EOCOnEachRegularChannelCmd           0x08028aad   Thumb Code    22  stm32f4xx_adc.o(.text)
    ADC_ContinuousModeCmd                    0x08028ac3   Thumb Code    22  stm32f4xx_adc.o(.text)
    ADC_DiscModeChannelCountConfig           0x08028ad9   Thumb Code    24  stm32f4xx_adc.o(.text)
    ADC_DiscModeCmd                          0x08028af1   Thumb Code    22  stm32f4xx_adc.o(.text)
    ADC_GetConversionValue                   0x08028b07   Thumb Code     8  stm32f4xx_adc.o(.text)
    ADC_GetMultiModeConversionValue          0x08028b0f   Thumb Code     8  stm32f4xx_adc.o(.text)
    ADC_DMACmd                               0x08028b17   Thumb Code    22  stm32f4xx_adc.o(.text)
    ADC_DMARequestAfterLastTransferCmd       0x08028b2d   Thumb Code    22  stm32f4xx_adc.o(.text)
    ADC_MultiModeDMARequestAfterLastTransferCmd 0x08028b43   Thumb Code    34  stm32f4xx_adc.o(.text)
    ADC_InjectedChannelConfig                0x08028b65   Thumb Code   130  stm32f4xx_adc.o(.text)
    ADC_InjectedSequencerLengthConfig        0x08028be7   Thumb Code    24  stm32f4xx_adc.o(.text)
    ADC_SetInjectedOffset                    0x08028bff   Thumb Code    20  stm32f4xx_adc.o(.text)
    ADC_ExternalTrigInjectedConvConfig       0x08028c13   Thumb Code    16  stm32f4xx_adc.o(.text)
    ADC_ExternalTrigInjectedConvEdgeConfig   0x08028c23   Thumb Code    16  stm32f4xx_adc.o(.text)
    ADC_SoftwareStartInjectedConv            0x08028c33   Thumb Code    10  stm32f4xx_adc.o(.text)
    ADC_GetSoftwareStartInjectedConvCmdStatus 0x08028c3d   Thumb Code    20  stm32f4xx_adc.o(.text)
    ADC_AutoInjectedConvCmd                  0x08028c51   Thumb Code    22  stm32f4xx_adc.o(.text)
    ADC_InjectedDiscModeCmd                  0x08028c67   Thumb Code    22  stm32f4xx_adc.o(.text)
    ADC_GetInjectedConversionValue           0x08028c7d   Thumb Code    28  stm32f4xx_adc.o(.text)
    ADC_ITConfig                             0x08028c99   Thumb Code    56  stm32f4xx_adc.o(.text)
    ADC_GetFlagStatus                        0x08028cd1   Thumb Code    18  stm32f4xx_adc.o(.text)
    ADC_ClearFlag                            0x08028ce3   Thumb Code     6  stm32f4xx_adc.o(.text)
    ADC_GetITStatus                          0x08028ce9   Thumb Code    38  stm32f4xx_adc.o(.text)
    ADC_ClearITPendingBit                    0x08028d0f   Thumb Code    10  stm32f4xx_adc.o(.text)
    DMA_DeInit                               0x08028d19   Thumb Code   324  stm32f4xx_dma.o(.text)
    DMA_Init                                 0x08028e5d   Thumb Code    82  stm32f4xx_dma.o(.text)
    DMA_StructInit                           0x08028eaf   Thumb Code    34  stm32f4xx_dma.o(.text)
    DMA_Cmd                                  0x08028ed1   Thumb Code    22  stm32f4xx_dma.o(.text)
    DMA_PeriphIncOffsetSizeConfig            0x08028ee7   Thumb Code    22  stm32f4xx_dma.o(.text)
    DMA_FlowControllerConfig                 0x08028efd   Thumb Code    22  stm32f4xx_dma.o(.text)
    DMA_SetCurrDataCounter                   0x08028f13   Thumb Code     4  stm32f4xx_dma.o(.text)
    DMA_GetCurrDataCounter                   0x08028f17   Thumb Code     8  stm32f4xx_dma.o(.text)
    DMA_DoubleBufferModeConfig               0x08028f1f   Thumb Code    24  stm32f4xx_dma.o(.text)
    DMA_DoubleBufferModeCmd                  0x08028f37   Thumb Code    22  stm32f4xx_dma.o(.text)
    DMA_MemoryTargetConfig                   0x08028f4d   Thumb Code    10  stm32f4xx_dma.o(.text)
    DMA_GetCurrentMemoryTarget               0x08028f57   Thumb Code    20  stm32f4xx_dma.o(.text)
    DMA_GetCmdStatus                         0x08028f6b   Thumb Code    20  stm32f4xx_dma.o(.text)
    DMA_GetFIFOStatus                        0x08028f7f   Thumb Code    12  stm32f4xx_dma.o(.text)
    DMA_GetFlagStatus                        0x08028f8b   Thumb Code    56  stm32f4xx_dma.o(.text)
    DMA_ClearFlag                            0x08028fc3   Thumb Code    40  stm32f4xx_dma.o(.text)
    DMA_ITConfig                             0x08028feb   Thumb Code    58  stm32f4xx_dma.o(.text)
    DMA_GetITStatus                          0x08029025   Thumb Code    84  stm32f4xx_dma.o(.text)
    DMA_ClearITPendingBit                    0x08029079   Thumb Code    40  stm32f4xx_dma.o(.text)
    EXTI_DeInit                              0x080290c1   Thumb Code    28  stm32f4xx_exti.o(.text)
    EXTI_Init                                0x080290dd   Thumb Code   142  stm32f4xx_exti.o(.text)
    EXTI_StructInit                          0x0802916b   Thumb Code    16  stm32f4xx_exti.o(.text)
    EXTI_GenerateSWInterrupt                 0x0802917b   Thumb Code    16  stm32f4xx_exti.o(.text)
    EXTI_GetFlagStatus                       0x0802918b   Thumb Code    22  stm32f4xx_exti.o(.text)
    EXTI_ClearFlag                           0x080291a1   Thumb Code     8  stm32f4xx_exti.o(.text)
    EXTI_GetITStatus                         0x080291a9   Thumb Code    34  stm32f4xx_exti.o(.text)
    EXTI_ClearITPendingBit                   0x080291cb   Thumb Code     8  stm32f4xx_exti.o(.text)
    TIM_DeInit                               0x080291dd   Thumb Code   346  stm32f4xx_tim.o(.text)
    TIM_TimeBaseInit                         0x08029337   Thumb Code   104  stm32f4xx_tim.o(.text)
    TIM_TimeBaseStructInit                   0x0802939f   Thumb Code    18  stm32f4xx_tim.o(.text)
    TIM_PrescalerConfig                      0x080293b1   Thumb Code     6  stm32f4xx_tim.o(.text)
    TIM_CounterModeConfig                    0x080293b7   Thumb Code    18  stm32f4xx_tim.o(.text)
    TIM_SetCounter                           0x080293c9   Thumb Code     4  stm32f4xx_tim.o(.text)
    TIM_SetAutoreload                        0x080293cd   Thumb Code     4  stm32f4xx_tim.o(.text)
    TIM_GetCounter                           0x080293d1   Thumb Code     6  stm32f4xx_tim.o(.text)
    TIM_GetPrescaler                         0x080293d7   Thumb Code     6  stm32f4xx_tim.o(.text)
    TIM_UpdateDisableConfig                  0x080293dd   Thumb Code    24  stm32f4xx_tim.o(.text)
    TIM_UpdateRequestConfig                  0x080293f5   Thumb Code    24  stm32f4xx_tim.o(.text)
    TIM_ARRPreloadConfig                     0x0802940d   Thumb Code    24  stm32f4xx_tim.o(.text)
    TIM_SelectOnePulseMode                   0x08029425   Thumb Code    18  stm32f4xx_tim.o(.text)
    TIM_SetClockDivision                     0x08029437   Thumb Code    18  stm32f4xx_tim.o(.text)
    TIM_Cmd                                  0x08029449   Thumb Code    24  stm32f4xx_tim.o(.text)
    TIM_OC1Init                              0x08029461   Thumb Code   114  stm32f4xx_tim.o(.text)
    TIM_OC2Init                              0x080294d3   Thumb Code   154  stm32f4xx_tim.o(.text)
    TIM_OC3Init                              0x0802956d   Thumb Code   204  stm32f4xx_tim.o(.text)
    TIM_OC4Init                              0x08029639   Thumb Code   112  stm32f4xx_tim.o(.text)
    TIM_OCStructInit                         0x080296a9   Thumb Code    20  stm32f4xx_tim.o(.text)
    TIM_SelectOCxM                           0x080296bd   Thumb Code    86  stm32f4xx_tim.o(.text)
    TIM_SetCompare1                          0x08029713   Thumb Code     4  stm32f4xx_tim.o(.text)
    TIM_SetCompare2                          0x08029717   Thumb Code     4  stm32f4xx_tim.o(.text)
    TIM_SetCompare3                          0x0802971b   Thumb Code     4  stm32f4xx_tim.o(.text)
    TIM_SetCompare4                          0x0802971f   Thumb Code     4  stm32f4xx_tim.o(.text)
    TIM_ForcedOC1Config                      0x08029723   Thumb Code    18  stm32f4xx_tim.o(.text)
    TIM_ForcedOC2Config                      0x08029735   Thumb Code    26  stm32f4xx_tim.o(.text)
    TIM_ForcedOC3Config                      0x0802974f   Thumb Code    18  stm32f4xx_tim.o(.text)
    TIM_ForcedOC4Config                      0x08029761   Thumb Code    26  stm32f4xx_tim.o(.text)
    TIM_OC1PreloadConfig                     0x0802977b   Thumb Code    18  stm32f4xx_tim.o(.text)
    TIM_OC2PreloadConfig                     0x0802978d   Thumb Code    26  stm32f4xx_tim.o(.text)
    TIM_OC3PreloadConfig                     0x080297a7   Thumb Code    18  stm32f4xx_tim.o(.text)
    TIM_OC4PreloadConfig                     0x080297b9   Thumb Code    26  stm32f4xx_tim.o(.text)
    TIM_OC1FastConfig                        0x080297d3   Thumb Code    18  stm32f4xx_tim.o(.text)
    TIM_OC2FastConfig                        0x080297e5   Thumb Code    26  stm32f4xx_tim.o(.text)
    TIM_OC3FastConfig                        0x080297ff   Thumb Code    18  stm32f4xx_tim.o(.text)
    TIM_OC4FastConfig                        0x08029811   Thumb Code    26  stm32f4xx_tim.o(.text)
    TIM_ClearOC1Ref                          0x0802982b   Thumb Code    18  stm32f4xx_tim.o(.text)
    TIM_ClearOC2Ref                          0x0802983d   Thumb Code    24  stm32f4xx_tim.o(.text)
    TIM_ClearOC3Ref                          0x08029855   Thumb Code    18  stm32f4xx_tim.o(.text)
    TIM_ClearOC4Ref                          0x08029867   Thumb Code    24  stm32f4xx_tim.o(.text)
    TIM_OC1PolarityConfig                    0x0802987f   Thumb Code    18  stm32f4xx_tim.o(.text)
    TIM_OC1NPolarityConfig                   0x08029891   Thumb Code    18  stm32f4xx_tim.o(.text)
    TIM_OC2PolarityConfig                    0x080298a3   Thumb Code    26  stm32f4xx_tim.o(.text)
    TIM_OC2NPolarityConfig                   0x080298bd   Thumb Code    26  stm32f4xx_tim.o(.text)
    TIM_OC3PolarityConfig                    0x080298d7   Thumb Code    26  stm32f4xx_tim.o(.text)
    TIM_OC3NPolarityConfig                   0x080298f1   Thumb Code    26  stm32f4xx_tim.o(.text)
    TIM_OC4PolarityConfig                    0x0802990b   Thumb Code    26  stm32f4xx_tim.o(.text)
    TIM_CCxCmd                               0x08029925   Thumb Code    30  stm32f4xx_tim.o(.text)
    TIM_CCxNCmd                              0x08029943   Thumb Code    30  stm32f4xx_tim.o(.text)
    TIM_SetIC4Prescaler                      0x08029961   Thumb Code    26  stm32f4xx_tim.o(.text)
    TIM_SetIC3Prescaler                      0x080299cb   Thumb Code    18  stm32f4xx_tim.o(.text)
    TIM_SetIC2Prescaler                      0x08029a25   Thumb Code    26  stm32f4xx_tim.o(.text)
    TIM_SetIC1Prescaler                      0x08029a99   Thumb Code    18  stm32f4xx_tim.o(.text)
    TIM_ICInit                               0x08029ae5   Thumb Code   110  stm32f4xx_tim.o(.text)
    TIM_ICStructInit                         0x08029b53   Thumb Code    18  stm32f4xx_tim.o(.text)
    TIM_PWMIConfig                           0x08029b65   Thumb Code   124  stm32f4xx_tim.o(.text)
    TIM_GetCapture1                          0x08029be1   Thumb Code     6  stm32f4xx_tim.o(.text)
    TIM_GetCapture2                          0x08029be7   Thumb Code     6  stm32f4xx_tim.o(.text)
    TIM_GetCapture3                          0x08029bed   Thumb Code     6  stm32f4xx_tim.o(.text)
    TIM_GetCapture4                          0x08029bf3   Thumb Code     6  stm32f4xx_tim.o(.text)
    TIM_BDTRConfig                           0x08029bf9   Thumb Code    32  stm32f4xx_tim.o(.text)
    TIM_BDTRStructInit                       0x08029c19   Thumb Code    18  stm32f4xx_tim.o(.text)
    TIM_CtrlPWMOutputs                       0x08029c2b   Thumb Code    30  stm32f4xx_tim.o(.text)
    TIM_SelectCOM                            0x08029c49   Thumb Code    24  stm32f4xx_tim.o(.text)
    TIM_CCPreloadControl                     0x08029c61   Thumb Code    24  stm32f4xx_tim.o(.text)
    TIM_ITConfig                             0x08029c79   Thumb Code    18  stm32f4xx_tim.o(.text)
    TIM_GenerateEvent                        0x08029c8b   Thumb Code     4  stm32f4xx_tim.o(.text)
    TIM_GetFlagStatus                        0x08029c8f   Thumb Code    18  stm32f4xx_tim.o(.text)
    TIM_ClearFlag                            0x08029ca1   Thumb Code     6  stm32f4xx_tim.o(.text)
    TIM_GetITStatus                          0x08029ca7   Thumb Code    34  stm32f4xx_tim.o(.text)
    TIM_ClearITPendingBit                    0x08029cc9   Thumb Code     6  stm32f4xx_tim.o(.text)
    TIM_DMAConfig                            0x08029ccf   Thumb Code    10  stm32f4xx_tim.o(.text)
    TIM_DMACmd                               0x08029cd9   Thumb Code    18  stm32f4xx_tim.o(.text)
    TIM_SelectCCDMA                          0x08029ceb   Thumb Code    24  stm32f4xx_tim.o(.text)
    TIM_InternalClockConfig                  0x08029d03   Thumb Code    12  stm32f4xx_tim.o(.text)
    TIM_SelectInputTrigger                   0x08029d0f   Thumb Code    18  stm32f4xx_tim.o(.text)
    TIM_ITRxExternalClockConfig              0x08029d21   Thumb Code    24  stm32f4xx_tim.o(.text)
    TIM_TIxExternalClockConfig               0x08029d39   Thumb Code    62  stm32f4xx_tim.o(.text)
    TIM_ETRConfig                            0x08029d77   Thumb Code    28  stm32f4xx_tim.o(.text)
    TIM_ETRClockMode1Config                  0x08029d93   Thumb Code    54  stm32f4xx_tim.o(.text)
    TIM_ETRClockMode2Config                  0x08029dc9   Thumb Code    32  stm32f4xx_tim.o(.text)
    TIM_SelectOutputTrigger                  0x08029de9   Thumb Code    18  stm32f4xx_tim.o(.text)
    TIM_SelectSlaveMode                      0x08029dfb   Thumb Code    18  stm32f4xx_tim.o(.text)
    TIM_SelectMasterSlaveMode                0x08029e0d   Thumb Code    18  stm32f4xx_tim.o(.text)
    TIM_EncoderInterfaceConfig               0x08029e1f   Thumb Code    66  stm32f4xx_tim.o(.text)
    TIM_SelectHallSensor                     0x08029e61   Thumb Code    24  stm32f4xx_tim.o(.text)
    TIM_RemapConfig                          0x08029e79   Thumb Code     6  stm32f4xx_tim.o(.text)
    USART_DeInit                             0x08029e81   Thumb Code   156  stm32f4xx_usart.o(.text)
    USART_Init                               0x08029f1d   Thumb Code   204  stm32f4xx_usart.o(.text)
    USART_StructInit                         0x08029fe9   Thumb Code    24  stm32f4xx_usart.o(.text)
    USART_ClockInit                          0x0802a001   Thumb Code    32  stm32f4xx_usart.o(.text)
    USART_ClockStructInit                    0x0802a021   Thumb Code    12  stm32f4xx_usart.o(.text)
    USART_Cmd                                0x0802a02d   Thumb Code    24  stm32f4xx_usart.o(.text)
    USART_SetPrescaler                       0x0802a045   Thumb Code    16  stm32f4xx_usart.o(.text)
    USART_OverSampling8Cmd                   0x0802a055   Thumb Code    22  stm32f4xx_usart.o(.text)
    USART_OneBitMethodCmd                    0x0802a06b   Thumb Code    24  stm32f4xx_usart.o(.text)
    USART_SendData                           0x0802a083   Thumb Code     8  stm32f4xx_usart.o(.text)
    USART_ReceiveData                        0x0802a08b   Thumb Code    10  stm32f4xx_usart.o(.text)
    USART_SetAddress                         0x0802a095   Thumb Code    18  stm32f4xx_usart.o(.text)
    USART_ReceiverWakeUpCmd                  0x0802a0a7   Thumb Code    24  stm32f4xx_usart.o(.text)
    USART_WakeUpConfig                       0x0802a0bf   Thumb Code    18  stm32f4xx_usart.o(.text)
    USART_LINBreakDetectLengthConfig         0x0802a0d1   Thumb Code    18  stm32f4xx_usart.o(.text)
    USART_LINCmd                             0x0802a0e3   Thumb Code    24  stm32f4xx_usart.o(.text)
    USART_SendBreak                          0x0802a0fb   Thumb Code    10  stm32f4xx_usart.o(.text)
    USART_HalfDuplexCmd                      0x0802a105   Thumb Code    24  stm32f4xx_usart.o(.text)
    USART_SetGuardTime                       0x0802a11d   Thumb Code    16  stm32f4xx_usart.o(.text)
    USART_SmartCardCmd                       0x0802a12d   Thumb Code    24  stm32f4xx_usart.o(.text)
    USART_SmartCardNACKCmd                   0x0802a145   Thumb Code    24  stm32f4xx_usart.o(.text)
    USART_IrDAConfig                         0x0802a15d   Thumb Code    18  stm32f4xx_usart.o(.text)
    USART_IrDACmd                            0x0802a16f   Thumb Code    24  stm32f4xx_usart.o(.text)
    USART_DMACmd                             0x0802a187   Thumb Code    18  stm32f4xx_usart.o(.text)
    USART_ITConfig                           0x0802a199   Thumb Code    74  stm32f4xx_usart.o(.text)
    USART_GetFlagStatus                      0x0802a1e3   Thumb Code    26  stm32f4xx_usart.o(.text)
    USART_ClearFlag                          0x0802a1fd   Thumb Code    18  stm32f4xx_usart.o(.text)
    USART_GetITStatus                        0x0802a20f   Thumb Code   110  stm32f4xx_usart.o(.text)
    USART_ClearITPendingBit                  0x0802a27d   Thumb Code    30  stm32f4xx_usart.o(.text)
    SYSCFG_DeInit                            0x0802a29d   Thumb Code    22  stm32f4xx_syscfg.o(.text)
    SYSCFG_MemoryRemapConfig                 0x0802a2b3   Thumb Code     6  stm32f4xx_syscfg.o(.text)
    SYSCFG_EXTILineConfig                    0x0802a2b9   Thumb Code    66  stm32f4xx_syscfg.o(.text)
    SYSCFG_ETH_MediaInterfaceConfig          0x0802a2fb   Thumb Code     6  stm32f4xx_syscfg.o(.text)
    SYSCFG_CompensationCellCmd               0x0802a301   Thumb Code     6  stm32f4xx_syscfg.o(.text)
    SYSCFG_GetCompensationCellStatus         0x0802a307   Thumb Code    22  stm32f4xx_syscfg.o(.text)
    vListInitialise                          0x0802a329   Thumb Code    26  list.o(.text)
    vListInitialiseItem                      0x0802a343   Thumb Code     6  list.o(.text)
    vListInsertEnd                           0x0802a349   Thumb Code    28  list.o(.text)
    vListInsert                              0x0802a365   Thumb Code    52  list.o(.text)
    uxListRemove                             0x0802a399   Thumb Code    40  list.o(.text)
    xQueueGenericReset                       0x0802a3c1   Thumb Code   118  queue.o(.text)
    xQueueGenericCreate                      0x0802a437   Thumb Code    92  queue.o(.text)
    xQueueGenericSend                        0x0802a599   Thumb Code   238  queue.o(.text)
    xQueueCreateMutex                        0x0802a687   Thumb Code    86  queue.o(.text)
    xQueueGiveMutexRecursive                 0x0802a6dd   Thumb Code    56  queue.o(.text)
    xQueueGenericReceive                     0x0802a75b   Thumb Code   314  queue.o(.text)
    xQueueTakeMutexRecursive                 0x0802a895   Thumb Code    64  queue.o(.text)
    xQueueCreateCountingSemaphore            0x0802a8d5   Thumb Code    36  queue.o(.text)
    xQueueGenericSendFromISR                 0x0802a8f9   Thumb Code   128  queue.o(.text)
    xQueueReceiveFromISR                     0x0802a979   Thumb Code   126  queue.o(.text)
    uxQueueMessagesWaiting                   0x0802a9f7   Thumb Code    28  queue.o(.text)
    uxQueueMessagesWaitingFromISR            0x0802aa13   Thumb Code    20  queue.o(.text)
    vQueueDelete                             0x0802aa4d   Thumb Code    34  queue.o(.text)
    ucQueueGetQueueNumber                    0x0802aa6f   Thumb Code     8  queue.o(.text)
    vQueueSetQueueNumber                     0x0802aa77   Thumb Code     6  queue.o(.text)
    ucQueueGetQueueType                      0x0802aa7d   Thumb Code     8  queue.o(.text)
    xQueueIsQueueEmptyFromISR                0x0802aa85   Thumb Code    30  queue.o(.text)
    xQueueIsQueueFullFromISR                 0x0802aaa3   Thumb Code    34  queue.o(.text)
    vQueueAddToRegistry                      0x0802aac5   Thumb Code    38  queue.o(.text)
    vQueueWaitForMessageRestricted           0x0802aaeb   Thumb Code    56  queue.o(.text)
    xTimerGenericCommand                     0x0802ab79   Thumb Code   100  timers.o(.text)
    xTimerCreateTimerTask                    0x0802ae67   Thumb Code    58  timers.o(.text)
    xTimerCreate                             0x0802aea1   Thumb Code    78  timers.o(.text)
    xTimerIsTimerActive                      0x0802aeef   Thumb Code    30  timers.o(.text)
    pvTimerGetTimerID                        0x0802af0d   Thumb Code     8  timers.o(.text)
    pxPortInitialiseStack                    0x0802af39   Thumb Code    32  port.o(.text)
    vPortSetupTimerInterrupt                 0x0802af59   Thumb Code    26  port.o(.text)
    xPortStartScheduler                      0x0802af73   Thumb Code    58  port.o(.text)
    vPortEndScheduler                        0x0802afad   Thumb Code     2  port.o(.text)
    vPortYieldFromISR                        0x0802afaf   Thumb Code    12  port.o(.text)
    vPortEnterCritical                       0x0802afbb   Thumb Code    18  port.o(.text)
    vPortExitCritical                        0x0802afcd   Thumb Code    26  port.o(.text)
    SysTick_Handler                          0x0802afe7   Thumb Code    28  port.o(.text)
    pvPortMalloc                             0x0802b015   Thumb Code   194  heap_2.o(.text)
    vPortFree                                0x0802b0d7   Thumb Code    56  heap_2.o(.text)
    xPortGetFreeHeapSize                     0x0802b10f   Thumb Code     6  heap_2.o(.text)
    vPortInitialiseBlocks                    0x0802b115   Thumb Code     2  heap_2.o(.text)
    xTaskGenericCreate                       0x0802b1f3   Thumb Code   302  tasks.o(.text)
    vTaskDelete                              0x0802b321   Thumb Code    94  tasks.o(.text)
    vTaskIncrementTick                       0x0802b37f   Thumb Code   254  tasks.o(.text)
    xTaskResumeAll                           0x0802b47d   Thumb Code   290  tasks.o(.text)
    vTaskSuspendAll                          0x0802b5dd   Thumb Code    12  tasks.o(.text)
    vTaskDelayUntil                          0x0802b5e9   Thumb Code   136  tasks.o(.text)
    vTaskDelay                               0x0802b671   Thumb Code    48  tasks.o(.text)
    uxTaskPriorityGet                        0x0802b6a1   Thumb Code    30  tasks.o(.text)
    vTaskPrioritySet                         0x0802b6bf   Thumb Code   184  tasks.o(.text)
    vTaskSwitchContext                       0x0802b777   Thumb Code   108  tasks.o(.text)
    vTaskSuspend                             0x0802b7e3   Thumb Code   100  tasks.o(.text)
    xTaskIsTaskSuspended                     0x0802b847   Thumb Code    72  tasks.o(.text)
    vTaskResume                              0x0802b88f   Thumb Code   102  tasks.o(.text)
    xTaskResumeFromISR                       0x0802b8f5   Thumb Code   180  tasks.o(.text)
    vTaskStartScheduler                      0x0802ba25   Thumb Code    74  tasks.o(.text)
    vTaskEndScheduler                        0x0802ba6f   Thumb Code    18  tasks.o(.text)
    xTaskGetTickCount                        0x0802ba81   Thumb Code    18  tasks.o(.text)
    xTaskGetTickCountFromISR                 0x0802ba93   Thumb Code    22  tasks.o(.text)
    uxTaskGetNumberOfTasks                   0x0802baa9   Thumb Code     6  tasks.o(.text)
    vTaskList                                0x0802bb39   Thumb Code   182  tasks.o(.text)
    vTaskPlaceOnEventList                    0x0802bbef   Thumb Code    70  tasks.o(.text)
    vTaskPlaceOnEventListRestricted          0x0802bc35   Thumb Code    52  tasks.o(.text)
    xTaskRemoveFromEventList                 0x0802bc69   Thumb Code   106  tasks.o(.text)
    vTaskSetTimeOutState                     0x0802bcd3   Thumb Code    28  tasks.o(.text)
    xTaskCheckForTimeOut                     0x0802bcef   Thumb Code   112  tasks.o(.text)
    vTaskMissedYield                         0x0802bd5f   Thumb Code     8  tasks.o(.text)
    uxTaskGetTaskNumber                      0x0802bd67   Thumb Code    14  tasks.o(.text)
    vTaskSetTaskNumber                       0x0802bd75   Thumb Code     8  tasks.o(.text)
    xTaskGetCurrentTaskHandle                0x0802bd7d   Thumb Code     6  tasks.o(.text)
    xTaskGetSchedulerState                   0x0802bd83   Thumb Code    24  tasks.o(.text)
    vTaskPriorityInherit                     0x0802bd9b   Thumb Code   226  tasks.o(.text)
    vTaskPriorityDisinherit                  0x0802be7d   Thumb Code    70  tasks.o(.text)
    __aeabi_memcpy                           0x0802bed1   Thumb Code    36  memcpya.o(.text)
    __aeabi_memcpy4                          0x0802bed1   Thumb Code     0  memcpya.o(.text)
    __aeabi_memcpy8                          0x0802bed1   Thumb Code     0  memcpya.o(.text)
    __aeabi_memset                           0x0802bef5   Thumb Code    14  memseta.o(.text)
    __aeabi_memset4                          0x0802bef5   Thumb Code     0  memseta.o(.text)
    __aeabi_memset8                          0x0802bef5   Thumb Code     0  memseta.o(.text)
    __aeabi_memclr                           0x0802bf03   Thumb Code     4  memseta.o(.text)
    __aeabi_memclr4                          0x0802bf03   Thumb Code     0  memseta.o(.text)
    __aeabi_memclr8                          0x0802bf03   Thumb Code     0  memseta.o(.text)
    _memset$wrapper                          0x0802bf07   Thumb Code    18  memseta.o(.text)
    strcat                                   0x0802bf19   Thumb Code    24  strcat.o(.text)
    strncpy                                  0x0802bf31   Thumb Code    24  strncpy.o(.text)
    strlen                                   0x0802bf49   Thumb Code    14  strlen.o(.text)
    strcmp                                   0x0802bf57   Thumb Code    28  strcmp.o(.text)
    __aeabi_dadd                             0x0802bf73   Thumb Code   322  dadd.o(.text)
    __aeabi_dsub                             0x0802c0b5   Thumb Code     6  dadd.o(.text)
    __aeabi_drsub                            0x0802c0bb   Thumb Code     6  dadd.o(.text)
    __aeabi_dmul                             0x0802c0c1   Thumb Code   228  dmul.o(.text)
    __aeabi_ddiv                             0x0802c1a5   Thumb Code   222  ddiv.o(.text)
    __aeabi_i2d                              0x0802c283   Thumb Code    34  dflti.o(.text)
    __aeabi_d2iz                             0x0802c2a5   Thumb Code    62  dfixi.o(.text)
    __aeabi_f2d                              0x0802c2e3   Thumb Code    38  f2d.o(.text)
    __aeabi_cdrcmple                         0x0802c309   Thumb Code    48  cdrcmple.o(.text)
    __aeabi_d2f                              0x0802c339   Thumb Code    56  d2f.o(.text)
    __aeabi_uldivmod                         0x0802c371   Thumb Code    98  uldiv.o(.text)
    __aeabi_llsl                             0x0802c3d3   Thumb Code    30  llshl.o(.text)
    _ll_shift_l                              0x0802c3d3   Thumb Code     0  llshl.o(.text)
    __aeabi_llsr                             0x0802c3f1   Thumb Code    32  llushr.o(.text)
    _ll_ushift_r                             0x0802c3f1   Thumb Code     0  llushr.o(.text)
    __aeabi_lasr                             0x0802c411   Thumb Code    36  llsshr.o(.text)
    _ll_sshift_r                             0x0802c411   Thumb Code     0  llsshr.o(.text)
    __I$use$fp                               0x0802c435   Thumb Code     0  iusefp.o(.text)
    _float_round                             0x0802c435   Thumb Code    18  fepilogue.o(.text)
    _float_epilogue                          0x0802c447   Thumb Code    92  fepilogue.o(.text)
    _double_round                            0x0802c4a3   Thumb Code    30  depilogue.o(.text)
    _double_epilogue                         0x0802c4c1   Thumb Code   156  depilogue.o(.text)
    __fp_status                              0x0802c55d   Thumb Code     4  fpstat.o(.text)
    __ieee_status                            0x0802c55d   Thumb Code     0  fpstat.o(.text)
    __scatterload                            0x0802c561   Thumb Code    28  init.o(.text)
    __scatterload_rt2                        0x0802c561   Thumb Code     0  init.o(.text)
    __decompress                             0x0802c585   Thumb Code     0  __dczerorl2.o(.text)
    __decompress1                            0x0802c585   Thumb Code    86  __dczerorl2.o(.text)
    __0snprintf$8                            0x0802c5dd   Thumb Code    44  printf8.o(i.__0snprintf$8)
    __1snprintf$8                            0x0802c5dd   Thumb Code     0  printf8.o(i.__0snprintf$8)
    __2snprintf                              0x0802c5dd   Thumb Code     0  printf8.o(i.__0snprintf$8)
    __0sprintf$8                             0x0802c60d   Thumb Code    34  printf8.o(i.__0sprintf$8)
    __1sprintf$8                             0x0802c60d   Thumb Code     0  printf8.o(i.__0sprintf$8)
    __2sprintf                               0x0802c60d   Thumb Code     0  printf8.o(i.__0sprintf$8)
    __ARM_fpclassify                         0x0802c635   Thumb Code    48  fpclassify.o(i.__ARM_fpclassify)
    __ARM_fpclassifyf                        0x0802c665   Thumb Code    38  fpclassifyf.o(i.__ARM_fpclassifyf)
    __hardfp_atan                            0x0802c691   Thumb Code   622  atan.o(i.__hardfp_atan)
    __hardfp_atan2                           0x0802c969   Thumb Code   432  atan2.o(i.__hardfp_atan2)
    __hardfp_cosf                            0x0802cb59   Thumb Code   280  cosf.o(i.__hardfp_cosf)
    __hardfp_powf                            0x0802cca9   Thumb Code  1606  powf.o(i.__hardfp_powf)
    __mathlib_powf                           0x0802cca9   Thumb Code     0  powf.o(i.__hardfp_powf)
    __hardfp_sinf                            0x0802d30d   Thumb Code   344  sinf.o(i.__hardfp_sinf)
    __kernel_poly                            0x0802d49d   Thumb Code   248  poly.o(i.__kernel_poly)
    __mathlib_dbl_infnan                     0x0802d595   Thumb Code    20  dunder.o(i.__mathlib_dbl_infnan)
    __mathlib_dbl_infnan2                    0x0802d5a9   Thumb Code    20  dunder.o(i.__mathlib_dbl_infnan2)
    __mathlib_dbl_underflow                  0x0802d5c1   Thumb Code    24  dunder.o(i.__mathlib_dbl_underflow)
    __mathlib_flt_divzero                    0x0802d5e1   Thumb Code    14  funder.o(i.__mathlib_flt_divzero)
    __mathlib_flt_infnan                     0x0802d5f5   Thumb Code     6  funder.o(i.__mathlib_flt_infnan)
    __mathlib_flt_infnan2                    0x0802d5fb   Thumb Code     6  funder.o(i.__mathlib_flt_infnan2)
    __mathlib_flt_invalid                    0x0802d601   Thumb Code    10  funder.o(i.__mathlib_flt_invalid)
    __mathlib_flt_overflow                   0x0802d611   Thumb Code    10  funder.o(i.__mathlib_flt_overflow)
    __mathlib_flt_underflow                  0x0802d621   Thumb Code    10  funder.o(i.__mathlib_flt_underflow)
    __mathlib_rredf2                         0x0802d631   Thumb Code   316  rredf.o(i.__mathlib_rredf2)
    __scatterload_copy                       0x0802d785   Thumb Code    14  handlers.o(i.__scatterload_copy)
    __scatterload_null                       0x0802d793   Thumb Code     2  handlers.o(i.__scatterload_null)
    __scatterload_zeroinit                   0x0802d795   Thumb Code    14  handlers.o(i.__scatterload_zeroinit)
    __set_errno                              0x0802d7a5   Thumb Code     6  errno.o(i.__set_errno)
    atan                                     0x0802dc33   Thumb Code    16  atan.o(i.atan)
    fabs                                     0x0802dc43   Thumb Code    24  fabs.o(i.fabs)
    __mathlib_zero                           0x0802de38   Data           8  qnan.o(.constdata)
    Region$$Table$$Base                      0x0802de60   Number         0  anon$$obj.o(Region$$Table)
    Region$$Table$$Limit                     0x0802de80   Number         0  anon$$obj.o(Region$$Table)
    bien_hmi                                 0x20000000   Data           4  main.o(.data)
    DATA_SPEED                               0x20000004   Data          80  main.o(.data)
    bienBuTruRR                              0x20000054   Data           4  main.o(.data)
    bienBuTruRL                              0x20000058   Data           4  main.o(.data)
    bienBuTruFR                              0x2000005c   Data           4  main.o(.data)
    bienBuTruFL                              0x20000060   Data           4  main.o(.data)
    bitVeHome                                0x20000064   Data           4  main.o(.data)
    sieu_am                                  0x20000068   Data           4  main.o(.data)
    num_over_t1                              0x2000006c   Data           4  main.o(.data)
    num_over_t2                              0x20000070   Data           4  main.o(.data)
    num_over_t3                              0x20000074   Data           4  main.o(.data)
    num_over_t5                              0x20000078   Data           4  main.o(.data)
    num_over_t9                              0x2000007c   Data           4  main.o(.data)
    CCR2_Val                                 0x20000080   Data           4  main.o(.data)
    HMI_LOOP                                 0x20000084   Data           4  main.o(.data)
    num_over_t4                              0x20000088   Data           4  main.o(.data)
    IMU                                      0x2000008c   Data           2  main.o(.data)
    IMUxoay                                  0x2000008e   Data           2  main.o(.data)
    data_tx_gyro                             0x20000090   Data           1  main.o(.data)
    en_gyro                                  0x20000091   Data           1  main.o(.data)
    dataTxGyro                               0x20000092   Data           1  main.o(.data)
    enGyro                                   0x20000093   Data           1  main.o(.data)
    CB_DO_LINE                               0x20000094   Data           1  main.o(.data)
    Home                                     0x20000095   Data           1  main.o(.data)
    lazeSauValue                             0x20000098   Data           4  main.o(.data)
    lazeTruocValue                           0x2000009c   Data           4  main.o(.data)
    lazeTraiValue                            0x200000a0   Data           4  main.o(.data)
    lazePhaiValue                            0x200000a4   Data           4  main.o(.data)
    quangTroValue                            0x200000a8   Data           4  main.o(.data)
    lazeTruocNhoValue                        0x200000ac   Data           4  main.o(.data)
    bientroxoaytayValue                      0x200000b0   Data           4  main.o(.data)
    bientronangtayValue                      0x200000b4   Data           4  main.o(.data)
    bientrochantruocValue                    0x200000b8   Data           4  main.o(.data)
    bientrochansauValue                      0x200000bc   Data           4  main.o(.data)
    bientrodaytay1Value                      0x200000c0   Data           4  main.o(.data)
    bientrodaytay2Value                      0x200000c4   Data           4  main.o(.data)
    HUONG_GAME                               0x200000c8   Data           4  main.o(.data)
    HUONG_GAME_CT                            0x200000cc   Data           4  main.o(.data)
    _robotDirFL                              0x200000d0   Data           4  main.o(.data)
    _robotDirFR                              0x200000d4   Data           4  main.o(.data)
    _robotDirRL                              0x200000d8   Data           4  main.o(.data)
    _robotDirRR                              0x200000dc   Data           4  main.o(.data)
    da_lay_vk                                0x200000e0   Data           4  main.o(.data)
    degree_F                                 0x200000e4   Data           4  main.o(.data)
    TinHieu_ChuanBi_GapThang                 0x200000e8   Data           4  main.o(.data)
    TinHieu_ChuanBi_GapTrai                  0x200000ec   Data           4  main.o(.data)
    TinHieu_ChuanBi_GapPhai                  0x200000f0   Data           4  main.o(.data)
    TinHieu_QuaTrai                          0x200000f4   Data           4  main.o(.data)
    TinHieu_QuaPhai                          0x200000f8   Data           4  main.o(.data)
    bai_db                                   0x200000fc   Data           4  main.o(.data)
    coVong                                   0x20000100   Data           4  main.o(.data)
    Vitri_tru                                0x20000104   Data           4  main.o(.data)
    g0                                       0x20000108   Data           4  main.o(.data)
    g1                                       0x2000010c   Data           4  main.o(.data)
    g2                                       0x20000110   Data           4  main.o(.data)
    g3                                       0x20000114   Data           4  main.o(.data)
    g4                                       0x20000118   Data           4  main.o(.data)
    g5                                       0x2000011c   Data           4  main.o(.data)
    g6                                       0x20000120   Data           4  main.o(.data)
    bit_khoa_ham_thay_tuan                   0x20000124   Data           4  main.o(.data)
    dang_Ban                                 0x20000128   Data           4  main.o(.data)
    robotIsRun_cc                            0x2000012c   Data           4  main.o(.data)
    vi_tri_bong                              0x20000130   Data           4  main.o(.data)
    vi_tri_ma_xoay                           0x20000134   Data           4  main.o(.data)
    sang_phai                                0x20000138   Data           4  main.o(.data)
    sang_trai                                0x2000013c   Data           4  main.o(.data)
    di_xuong                                 0x20000140   Data           4  main.o(.data)
    di_len                                   0x20000144   Data           4  main.o(.data)
    target_BT_Xoay                           0x20000148   Data           4  main.o(.data)
    Min_BT_Xoay                              0x2000014c   Data           4  main.o(.data)
    Max_BT_Xoay                              0x20000150   Data           4  main.o(.data)
    taget_BT_Nong_Ban                        0x20000154   Data           4  main.o(.data)
    Min_BT_Nong_Ban                          0x20000158   Data           4  main.o(.data)
    Max_BT_Nong_Ban                          0x2000015c   Data           4  main.o(.data)
    goc_ban                                  0x20000160   Data           4  main.o(.data)
    cho_phep_chay                            0x20000164   Data           4  main.o(.data)
    vi_tri_dat_hop_1_2                       0x20000168   Data           4  main.o(.data)
    vi_tri_dat_hop_3_4                       0x2000016c   Data           4  main.o(.data)
    tin_hieu_dat_hop_3_4                     0x20000170   Data           4  main.o(.data)
    tin_hieu_dat_hop_1_2                     0x20000174   Data           4  main.o(.data)
    vi_tri_tay_3_dat_hop                     0x20000178   Data           4  main.o(.data)
    vi_tri_tay_4_dat_hop                     0x2000017c   Data           4  main.o(.data)
    vi_tri_tay_43                            0x20000180   Data           4  main.o(.data)
    vi_tri_tay_12                            0x20000184   Data           4  main.o(.data)
    vi_tri_tay_4_phai_tren                   0x20000188   Data           4  main.o(.data)
    vi_tri_tay_1_phai_tren                   0x2000018c   Data           4  main.o(.data)
    vi_tri_tay_2_phai_tren                   0x20000190   Data           4  main.o(.data)
    vi_tri_tay_3_phai_tren                   0x20000194   Data           4  main.o(.data)
    vi_tri_tay_4_trai_tren                   0x20000198   Data           4  main.o(.data)
    vi_tri_tay_1_trai_tren                   0x2000019c   Data           4  main.o(.data)
    vi_tri_tay_2_trai_tren                   0x200001a0   Data           4  main.o(.data)
    vi_tri_tay_3_trai_tren                   0x200001a4   Data           4  main.o(.data)
    vitri_tay41_laser_trai_GapQua            0x200001a8   Data           4  main.o(.data)
    vitri_tay23_laser_trai_GapQua            0x200001ac   Data           4  main.o(.data)
    vitri_tay23_phai_laser_GapQua            0x200001b0   Data           4  main.o(.data)
    vitri_tay1home                           0x200001b4   Data           4  main.o(.data)
    vitri_tay2home                           0x200001b8   Data           4  main.o(.data)
    vi_tri_gap_ngang_43                      0x200001bc   Data           4  main.o(.data)
    kiem_tra_loi                             0x200001c0   Data           4  main.o(.data)
    tay_se_dung_tiep_theo                    0x200001c4   Data           4  main.o(.data)
    vi_tri_cua_rung_xanh_1_lazer_phai_tay_41 0x200001c8   Data           4  main.o(.data)
    vi_tri_cua_rung_xanh_1_lazer_phai_tay_23 0x200001cc   Data           4  main.o(.data)
    vi_tri_cua_rung_xanh_2_lazer_phai_tay_41 0x200001d0   Data           4  main.o(.data)
    vi_tri_cua_rung_xanh_2_lazer_phai_tay_23 0x200001d4   Data           4  main.o(.data)
    vi_tri_cua_rung_xanh_3_lazer_trai_tay_41 0x200001d8   Data           4  main.o(.data)
    vi_tri_cua_rung_xanh_3_lazer_phai_tay_23 0x200001dc   Data           4  main.o(.data)
    vi_tri_cua_rung_xanh_3_lazer_phai_tay_41 0x200001e0   Data           4  main.o(.data)
    vi_tri_cua_rung_do_3_lazer_phai_tay_41   0x200001e4   Data           4  main.o(.data)
    vi_tri_cua_rung_do_3_lazer_phai_tay_23   0x200001e8   Data           4  main.o(.data)
    vi_tri_cua_rung_do_2_lazer_phai_tay_41   0x200001ec   Data           4  main.o(.data)
    vi_tri_cua_rung_do_2_lazer_phai_tay_23   0x200001f0   Data           4  main.o(.data)
    vi_tri_cua_rung_do_1_lazer_phai_tay_41   0x200001f4   Data           4  main.o(.data)
    vi_tri_cua_rung_do_1_lazer_phai_tay_23   0x200001f8   Data           4  main.o(.data)
    vi_tri_cua_rung_do_1_lazer_trai_tay_41   0x200001fc   Data           4  main.o(.data)
    vi_tri_cua_rung_do_1_lazer_trai_tay_23   0x20000200   Data           4  main.o(.data)
    vi_tri_dat_hop_1_tay41_xanh              0x20000204   Data           4  main.o(.data)
    vi_tri_dat_hop_2_tay41_xanh              0x20000208   Data           4  main.o(.data)
    vi_tri_dat_hop_3_tay41_xanh              0x2000020c   Data           4  main.o(.data)
    vi_tri_dat_hop_1_tay23_xanh              0x20000210   Data           4  main.o(.data)
    vi_tri_dat_hop_2_tay23_xanh              0x20000214   Data           4  main.o(.data)
    vi_tri_dat_hop_3_tay23_xanh              0x20000218   Data           4  main.o(.data)
    vi_tri_dat_hop_1_tay41_xanh_truoc        0x2000021c   Data           4  main.o(.data)
    vi_tri_dat_hop_2_tay41_xanh_truoc        0x20000220   Data           4  main.o(.data)
    vi_tri_dat_hop_3_tay41_xanh_truoc        0x20000224   Data           4  main.o(.data)
    vi_tri_dat_hop_1_tay23_xanh_truoc        0x20000228   Data           4  main.o(.data)
    vi_tri_dat_hop_2_tay23_xanh_truoc        0x2000022c   Data           4  main.o(.data)
    vi_tri_dat_hop_3_tay23_xanh_truoc        0x20000230   Data           4  main.o(.data)
    vi_tri_dat_hop_1_tay41_do                0x20000234   Data           4  main.o(.data)
    vi_tri_dat_hop_2_tay41_do                0x20000238   Data           4  main.o(.data)
    vi_tri_dat_hop_3_tay41_do                0x2000023c   Data           4  main.o(.data)
    vi_tri_dat_hop_1_tay23_do                0x20000240   Data           4  main.o(.data)
    vi_tri_dat_hop_2_tay23_do                0x20000244   Data           4  main.o(.data)
    vi_tri_dat_hop_3_tay23_do                0x20000248   Data           4  main.o(.data)
    vi_tri_dat_hop_1_tay41_do_sau            0x2000024c   Data           4  main.o(.data)
    vi_tri_dat_hop_2_tay41_do_sau            0x20000250   Data           4  main.o(.data)
    vi_tri_dat_hop_3_tay41_do_sau            0x20000254   Data           4  main.o(.data)
    vi_tri_dat_hop_1_tay23_do_sau            0x20000258   Data           4  main.o(.data)
    vi_tri_dat_hop_2_tay23_do_sau            0x2000025c   Data           4  main.o(.data)
    vi_tri_dat_hop_3_tay23_do_sau            0x20000260   Data           4  main.o(.data)
    kt_laban                                 0x20000264   Data           4  main.o(.data)
    da_lay_tay1                              0x20000268   Data           4  main.o(.data)
    da_lay_tay2                              0x2000026c   Data           4  main.o(.data)
    da_lay_tay3                              0x20000270   Data           4  main.o(.data)
    da_lay_tay4                              0x20000274   Data           4  main.o(.data)
    da_lay_tay4_duoi                         0x20000278   Data           4  main.o(.data)
    hoan_thanh_chay_rung                     0x2000027c   Data           4  main.o(.data)
    gap_truoc_dac_biet                       0x20000280   Data           4  main.o(.data)
    KT_Ha_Tay                                0x20000284   Data           4  main.o(.data)
    KT_Ha_Tay_phai                           0x20000288   Data           4  main.o(.data)
    KT_Ha_Tay_trai                           0x2000028c   Data           4  main.o(.data)
    nhay_den_lan_1                           0x20000290   Data           4  main.o(.data)
    so_qua_tren_tay                          0x20000294   Data           4  main.o(.data)
    tay_1_co_qua                             0x20000298   Data           1  main.o(.data)
    tay_2_co_qua                             0x20000299   Data           1  main.o(.data)
    tay_3_co_qua                             0x2000029a   Data           1  main.o(.data)
    tay_4_co_qua                             0x2000029b   Data           1  main.o(.data)
    robot_position                           0x2000029c   Data           1  main.o(.data)
    target_Nang_Ha                           0x200002a0   Data           4  main.o(.data)
    Min_Nang_Ha                              0x200002a4   Data           4  main.o(.data)
    Max_Nang_Ha                              0x200002a8   Data           4  main.o(.data)
    Max_BT_Nang_Lua                          0x200002b0   Data           4  main.o(.data)
    taget_BT_Nang_Lua                        0x200002b4   Data           4  main.o(.data)
    Min_BT_Nang_Lua                          0x200002b8   Data           4  main.o(.data)
    Max_BT_Nang_Bong                         0x200002bc   Data           4  main.o(.data)
    taget_BT_Nang_Bong                       0x200002c0   Data           4  main.o(.data)
    Min_BT_Nang_Bong                         0x200002c4   Data           4  main.o(.data)
    BT_Nang_Tha_Bong                         0x200002c8   Data           4  main.o(.data)
    BT_Bat_Bong_giua                         0x200002cc   Data           4  main.o(.data)
    BT_Bat_Bong_sau                          0x200002d0   Data           4  main.o(.data)
    CB_line_trai                             0x200002d4   Data           1  main.o(.data)
    CB_line_phai                             0x200002d5   Data           1  main.o(.data)
    Nho_trai_truoc                           0x200002d6   Data           1  main.o(.data)
    Nho_trai_sau                             0x200002d7   Data           1  main.o(.data)
    Nho_phai_truoc                           0x200002d8   Data           1  main.o(.data)
    Nho_phai_sau                             0x200002d9   Data           1  main.o(.data)
    Do_Xanh                                  0x200002da   Data           1  main.o(.data)
    RX_UART4                                 0x200002db   Data           8  main.o(.data)
    id_rb                                    0x200002e3   Data           1  main.o(.data)
    state_rb                                 0x200002e4   Data           1  main.o(.data)
    move                                     0x200002e5   Data           1  main.o(.data)
    action                                   0x200002e6   Data           1  main.o(.data)
    id_block                                 0x200002e7   Data           1  main.o(.data)
    chay_ngang_qua_o1_xanh                   0x200002e8   Data           4  main.o(.data)
    chay_ngang_qua_o3_xanh                   0x200002ec   Data           4  main.o(.data)
    chay_ngang_qua_o1_do                     0x200002f0   Data           4  main.o(.data)
    chay_ngang_qua_o3_do                     0x200002f4   Data           4  main.o(.data)
    count_data_uart4                         0x200002f8   Data           4  main.o(.data)
    head                                     0x200002fc   Data           2  main.o(.data)
    tail                                     0x200002fe   Data           2  main.o(.data)
    take_data_block                          0x20000300   Data           1  main.o(.data)
    has_active_block                         0x20000301   Data           1  main.o(.data)
    cho_r1                                   0x20000304   Data           4  main.o(.data)
    bat_bien_check_r1_ngang                  0x20000308   Data           4  main.o(.data)
    cho_r1_ben_Canh                          0x2000030c   Data           4  main.o(.data)
    see_R1_tren_rung                         0x20000310   Data           4  main.o(.data)
    block_pha                                0x20000314   Data           4  main.o(.data)
    co_vat_can                               0x20000318   Data           4  main.o(.data)
    id_dat_hop                               0x2000031c   Data           4  main.o(.data)
    do_lech                                  0x20000320   Data           4  main.o(.data)
    khoangcach                               0x20000324   Data           4  main.o(.data)
    nhat_dat_hop                             0x20000328   Data           4  main.o(.data)
    nhin_hop_duoi_dat                        0x2000032c   Data           4  main.o(.data)
    nhin_hop_tren_buc                        0x20000330   Data           4  main.o(.data)
    mode_chay_rung                           0x20000334   Data           4  main.o(.data)
    mode_nhat_hop                            0x20000338   Data           4  main.o(.data)
    mode_cay_diem                            0x2000033c   Data           4  main.o(.data)
    mode_retry_zone_3                        0x20000340   Data           4  main.o(.data)
    dem_goi_tin_gap                          0x20000344   Data           4  main.o(.data)
    RX_USART6                                0x20000348   Data           8  main.o(.data)
    id_rb_2                                  0x20000350   Data           1  main.o(.data)
    state_rb_2                               0x20000351   Data           1  main.o(.data)
    move_2                                   0x20000352   Data           1  main.o(.data)
    action_2                                 0x20000353   Data           1  main.o(.data)
    id_block_2                               0x20000354   Data           1  main.o(.data)
    do_lech_px_2                             0x20000355   Data           1  main.o(.data)
    gui                                      0x20000358   Data           4  main.o(.data)
    check_time                               0x2000035c   Data           4  main.o(.data)
    robotLimitSpeed                          0x20000360   Data           4  main.o(.data)
    f05                                      0x20000364   Data           4  main.o(.data)
    f1                                       0x20000368   Data           4  main.o(.data)
    f2                                       0x2000036c   Data           4  main.o(.data)
    f4                                       0x20000370   Data           4  main.o(.data)
    f5                                       0x20000374   Data           4  main.o(.data)
    f6                                       0x20000378   Data           4  main.o(.data)
    f10                                      0x2000037c   Data           4  main.o(.data)
    f20                                      0x20000380   Data           4  main.o(.data)
    f30                                      0x20000384   Data           4  main.o(.data)
    f45                                      0x20000388   Data           4  main.o(.data)
    f60                                      0x2000038c   Data           4  main.o(.data)
    f120                                     0x20000390   Data           4  main.o(.data)
    i100                                     0x20000394   Data           4  main.o(.data)
    khoangCachGocFix                         0x20000398   Data           4  main.o(.data)
    _robotY                                  0x2000039c   Data           4  main.o(.data)
    _robotX                                  0x200003a0   Data           4  main.o(.data)
    motorLock                                0x200003a4   Data           4  main.o(.data)
    motorLockRepeat                          0x200003a8   Data           4  main.o(.data)
    radian                                   0x200003ac   Data           4  main.o(.data)
    _robotChange                             0x200003b0   Data           4  main.o(.data)
    _robotRotatePoint                        0x200003b4   Data           4  main.o(.data)
    _robotCurrentSpeed                       0x200003b8   Data           4  main.o(.data)
    _robotRunSpeed                           0x200003bc   Data           4  main.o(.data)
    _robotMaxSpeed                           0x200003c0   Data           4  main.o(.data)
    _robotAccStop                            0x200003c4   Data           4  main.o(.data)
    _robotCounter                            0x200003c8   Data           4  main.o(.data)
    _robotAngle                              0x200003cc   Data           4  main.o(.data)
    _robotRunAngle                           0x200003d0   Data           4  main.o(.data)
    _robotRotateAngle                        0x200003d4   Data           4  main.o(.data)
    _robotIMUInit                            0x200003d8   Data           4  main.o(.data)
    _robotRotate                             0x200003dc   Data           4  main.o(.data)
    _robotCurve                              0x200003e0   Data           4  main.o(.data)
    _robotAngleCounterFix                    0x200003e4   Data           4  main.o(.data)
    _robotAngleToFix                         0x200003e8   Data           4  main.o(.data)
    _robotIMUAngle                           0x200003ec   Data           4  main.o(.data)
    _IMUAngle_Before                         0x200003f0   Data           4  main.o(.data)
    _robotDelayGiamToc                       0x200003f4   Data           4  main.o(.data)
    _robotRunFL                              0x200003f8   Data           4  main.o(.data)
    _robotRunFR                              0x200003fc   Data           4  main.o(.data)
    _robotRunRL                              0x20000400   Data           4  main.o(.data)
    _robotRunRR                              0x20000404   Data           4  main.o(.data)
    _lockRobot                               0x20000408   Data           4  main.o(.data)
    xl_truot_lua                             0x2000040c   Data           1  main.o(.data)
    xl_kep_lua_tren                          0x2000040d   Data           1  main.o(.data)
    xl_kep_lua_duoi                          0x2000040e   Data           1  main.o(.data)
    xl_nang_lua                              0x2000040f   Data           1  main.o(.data)
    gt_kep_bong                              0x20000410   Data           1  main.o(.data)
    vi_tri                                   0x20000414   Data           4  main.o(.data)
    Cbcc                                     0x20000418   Data           4  main.o(.data)
    Cbnv                                     0x2000041c   Data           4  main.o(.data)
    Cbnn                                     0x20000420   Data           4  main.o(.data)
    vt_xl_nang_lua                           0x20000424   Data           4  main.o(.data)
    On_Off_Ban                               0x20000428   Data           1  main.o(.data)
    xl_ban_bong                              0x2000042c   Data           4  main.o(.data)
    Nang_vong_max                            0x20000430   Data           4  main.o(.data)
    Nang_vong_min                            0x20000434   Data           4  main.o(.data)
    i                                        0x20000438   Data           4  main.o(.data)
    Nang_goc_max                             0x2000043c   Data           4  main.o(.data)
    Nang_goc_min                             0x20000440   Data           4  main.o(.data)
    touchpad_press                           0x20000444   Data           4  main.o(.data)
    laybong                                  0x20000448   Data           4  main.o(.data)
    en_tru                                   0x2000044c   Data           4  main.o(.data)
    max_speed                                0x20000450   Data           4  main.o(.data)
    speed_tay_lua                            0x20000454   Data           4  main.o(.data)
    speed_xoay                               0x20000458   Data           4  main.o(.data)
    xl_kepbong_state                         0x2000045c   Data           4  main.o(.data)
    xl_nangkep_state                         0x20000460   Data           4  main.o(.data)
    ban_bong_state                           0x20000464   Data           4  main.o(.data)
    state_nang                               0x20000468   Data           4  main.o(.data)
    state_ha                                 0x2000046c   Data           4  main.o(.data)
    Xoay_ok                                  0x20000470   Data           4  main.o(.data)
    Min_chan_truoc                           0x20000474   Data           4  main.o(.data)
    Max_chan_truoc                           0x20000478   Data           4  main.o(.data)
    target_chan_truoc                        0x2000047c   Data           4  main.o(.data)
    Min_chan_sau                             0x20000480   Data           4  main.o(.data)
    Max_chan_sau                             0x20000484   Data           4  main.o(.data)
    target_chan_sau                          0x20000488   Data           4  main.o(.data)
    Min_xoay_tay                             0x2000048c   Data           4  main.o(.data)
    Max_xoay_tay                             0x20000490   Data           4  main.o(.data)
    target_xoay_tay                          0x20000494   Data           4  main.o(.data)
    Min_tay_gat1                             0x20000498   Data           4  main.o(.data)
    Max_tay_gat1                             0x2000049c   Data           4  main.o(.data)
    target_tay_gat1                          0x200004a0   Data           4  main.o(.data)
    Min_tay_gat2                             0x200004a4   Data           4  main.o(.data)
    Max_tay_gat2                             0x200004a8   Data           4  main.o(.data)
    target_tay_gat2                          0x200004ac   Data           4  main.o(.data)
    speed_chan_sau                           0x200004b0   Data           4  main.o(.data)
    speed_chan_truoc                         0x200004b4   Data           4  main.o(.data)
    speed_tay_xoay                           0x200004b8   Data           4  main.o(.data)
    speed_tay_gat1                           0x200004bc   Data           4  main.o(.data)
    speed_tay_gat2                           0x200004c0   Data           4  main.o(.data)
    home_trc                                 0x200004c4   Data           4  main.o(.data)
    home_sau                                 0x200004c8   Data           4  main.o(.data)
    force_F                                  0x200004cc   Data           4  main.o(.data)
    final_force                              0x200004d0   Data           4  main.o(.data)
    result                                   0x200004d4   Data           4  main.o(.data)
    pid_kp_chan_truoc                        0x200004d8   Data           4  main.o(.data)
    pid_ki_chan_truoc                        0x200004dc   Data           4  main.o(.data)
    pid_kd_chan_truoc                        0x200004e0   Data           4  main.o(.data)
    pid_integral_chan_truoc                  0x200004e4   Data           4  main.o(.data)
    pid_prev_error_chan_truoc                0x200004e8   Data           4  main.o(.data)
    pid_output_chan_truoc                    0x200004ec   Data           4  main.o(.data)
    pid_kp_chan_sau                          0x200004f4   Data           4  main.o(.data)
    pid_ki_chan_sau                          0x200004f8   Data           4  main.o(.data)
    pid_kd_chan_sau                          0x200004fc   Data           4  main.o(.data)
    pid_integral_chan_sau                    0x20000500   Data           4  main.o(.data)
    pid_prev_error_chan_sau                  0x20000504   Data           4  main.o(.data)
    pid_output_chan_sau                      0x20000508   Data           4  main.o(.data)
    SS_RL                                    0x20000510   Data           1  main.o(.data)
    SS_RR                                    0x20000511   Data           1  main.o(.data)
    SS_FR                                    0x20000512   Data           1  main.o(.data)
    SS_FL                                    0x20000513   Data           1  main.o(.data)
    speed_temp                               0x20000514   Data           4  main.o(.data)
    speed                                    0x20000518   Data           4  main.o(.data)
    Home_Encoder_RL                          0x2000051c   Data           4  main.o(.data)
    Home_Encoder_RR                          0x20000520   Data           4  main.o(.data)
    Home_Encoder_FL                          0x20000524   Data           4  main.o(.data)
    Home_Encoder_FR                          0x20000528   Data           4  main.o(.data)
    current_RL_Angle                         0x2000052c   Data           4  main.o(.data)
    current_RR_Angle                         0x20000530   Data           4  main.o(.data)
    current_FL_Angle                         0x20000534   Data           4  main.o(.data)
    current_FR_Angle                         0x20000538   Data           4  main.o(.data)
    KC_Vu_khi                                0x2000053c   Data           4  main.o(.data)
    da_dat_tay_1                             0x20000544   Data           1  main.o(.data)
    da_dat_tay_2                             0x20000545   Data           1  main.o(.data)
    da_dat_tay_3                             0x20000546   Data           1  main.o(.data)
    da_dat_tay_4                             0x20000547   Data           1  main.o(.data)
    Vi_tri                                   0x20000548   Data           4  main.o(.data)
    Man_xoay_tay                             0x2000054c   Data           4  main.o(.data)
    Man_gat1                                 0x20000550   Data           4  main.o(.data)
    Man_gat2                                 0x20000554   Data           4  main.o(.data)
    SystemCoreClock                          0x200005c8   Data           4  system_stm32f4xx.o(.data)
    AHBPrescTable                            0x200005cc   Data          16  system_stm32f4xx.o(.data)
    pxCurrentTCB                             0x20000618   Data           4  tasks.o(.data)
    buf                                      0x20000658   Data         150  main.o(.bss)
    ky_tu                                    0x200006ee   Data          40  main.o(.bss)
    ky_tu_1                                  0x20000716   Data          40  main.o(.bss)
    ky_tu_2                                  0x2000073e   Data          40  main.o(.bss)
    ky_tu_3                                  0x20000766   Data          40  main.o(.bss)
    Buffer_HMI                               0x2000078e   Data         300  main.o(.bss)
    _ADC1_Value                              0x200008ba   Data          28  main.o(.bss)
    RX_USART1                                0x200008d6   Data          15  main.o(.bss)
    RX_USART2                                0x200008e5   Data          15  main.o(.bss)
    DATA_COLOR                               0x200008f4   Data          20  main.o(.bss)
    MANG_GAME                                0x20000908   Data          15  main.o(.bss)
    GP_BTN                                   0x20000917   Data          15  main.o(.bss)
    packet_queue                             0x20000926   Data         500  main.o(.bss)
    RX_USART5                                0x20000b1a   Data          10  main.o(.bss)
    action_table                             0x20000b24   Data       46800  main.o(.bss)
    zone3_table                              0x2000c1f4   Data       46800  main.o(.bss)
    xQueueRegistry                           0x200178c4   Data          64  queue.o(.bss)
    __initial_sp                             0x2001a620   Data           0  startup_stm32f4xx.o(STACK)



==============================================================================

Memory Map of the image

  Image Entry point : 0x08000189

  Load Region LR_IROM1 (Base: 0x08000000, Size: 0x0002e4d8, Max: 0x00080000, ABSOLUTE, COMPRESSED[0x0002e03c])

    Execution Region ER_IROM1 (Exec base: 0x08000000, Load base: 0x08000000, Size: 0x0002de80, Max: 0x00080000, ABSOLUTE)

    Exec Addr    Load Addr    Size         Type   Attr      Idx    E Section Name        Object

    0x08000000   0x08000000   0x00000188   Data   RO          406    RESET               startup_stm32f4xx.o
    0x08000188   0x08000188   0x00000000   Code   RO          802  * .ARM.Collect$$$$00000000  mc_w.l(entry.o)
    0x08000188   0x08000188   0x00000004   Code   RO         1150    .ARM.Collect$$$$00000001  mc_w.l(entry2.o)
    0x0800018c   0x0800018c   0x00000004   Code   RO         1153    .ARM.Collect$$$$00000004  mc_w.l(entry5.o)
    0x08000190   0x08000190   0x00000000   Code   RO         1155    .ARM.Collect$$$$00000008  mc_w.l(entry7b.o)
    0x08000190   0x08000190   0x00000000   Code   RO         1157    .ARM.Collect$$$$0000000A  mc_w.l(entry8b.o)
    0x08000190   0x08000190   0x00000008   Code   RO         1158    .ARM.Collect$$$$0000000B  mc_w.l(entry9a.o)
    0x08000198   0x08000198   0x00000000   Code   RO         1160    .ARM.Collect$$$$0000000D  mc_w.l(entry10a.o)
    0x08000198   0x08000198   0x00000000   Code   RO         1162    .ARM.Collect$$$$0000000F  mc_w.l(entry11a.o)
    0x08000198   0x08000198   0x00000004   Code   RO         1151    .ARM.Collect$$$$00002712  mc_w.l(entry2.o)
    0x0800019c   0x0800019c   0x000000a8   Code   RO          697    .emb_text           port.o
    0x08000244   0x08000244   0x00000338   Code   RO            2    .text               stm32f4xx_it.o
    0x0800057c   0x0800057c   0x00027850   Code   RO          139    .text               main.o
    0x08027dcc   0x08027dcc   0x00000200   Code   RO          286    .text               system_stm32f4xx.o
    0x08027fcc   0x08027fcc   0x00000024   Code   RO          407    .text               startup_stm32f4xx.o
    0x08027ff0   0x08027ff0   0x000000e0   Code   RO          412    .text               misc.o
    0x080280d0   0x080280d0   0x0000025c   Code   RO          432    .text               stm32f4xx_gpio.o
    0x0802832c   0x0802832c   0x00000588   Code   RO          448    .text               stm32f4xx_rcc.o
    0x080288b4   0x080288b4   0x00000464   Code   RO          466    .text               stm32f4xx_adc.o
    0x08028d18   0x08028d18   0x000003a8   Code   RO          482    .text               stm32f4xx_dma.o
    0x080290c0   0x080290c0   0x0000011c   Code   RO          498    .text               stm32f4xx_exti.o
    0x080291dc   0x080291dc   0x00000ca2   Code   RO          530    .text               stm32f4xx_tim.o
    0x08029e7e   0x08029e7e   0x00000002   PAD
    0x08029e80   0x08029e80   0x0000041a   Code   RO          546    .text               stm32f4xx_usart.o
    0x0802a29a   0x0802a29a   0x00000002   PAD
    0x0802a29c   0x0802a29c   0x0000008c   Code   RO          562    .text               stm32f4xx_syscfg.o
    0x0802a328   0x0802a328   0x00000098   Code   RO          640    .text               list.o
    0x0802a3c0   0x0802a3c0   0x00000768   Code   RO          658    .text               queue.o
    0x0802ab28   0x0802ab28   0x00000410   Code   RO          676    .text               timers.o
    0x0802af38   0x0802af38   0x000000dc   Code   RO          698    .text               port.o
    0x0802b014   0x0802b014   0x00000118   Code   RO          715    .text               heap_2.o
    0x0802b12c   0x0802b12c   0x00000da4   Code   RO          730    .text               tasks.o
    0x0802bed0   0x0802bed0   0x00000024   Code   RO          805    .text               mc_w.l(memcpya.o)
    0x0802bef4   0x0802bef4   0x00000024   Code   RO          807    .text               mc_w.l(memseta.o)
    0x0802bf18   0x0802bf18   0x00000018   Code   RO          809    .text               mc_w.l(strcat.o)
    0x0802bf30   0x0802bf30   0x00000018   Code   RO          811    .text               mc_w.l(strncpy.o)
    0x0802bf48   0x0802bf48   0x0000000e   Code   RO          813    .text               mc_w.l(strlen.o)
    0x0802bf56   0x0802bf56   0x0000001c   Code   RO          815    .text               mc_w.l(strcmp.o)
    0x0802bf72   0x0802bf72   0x0000014e   Code   RO         1080    .text               mf_w.l(dadd.o)
    0x0802c0c0   0x0802c0c0   0x000000e4   Code   RO         1082    .text               mf_w.l(dmul.o)
    0x0802c1a4   0x0802c1a4   0x000000de   Code   RO         1084    .text               mf_w.l(ddiv.o)
    0x0802c282   0x0802c282   0x00000022   Code   RO         1086    .text               mf_w.l(dflti.o)
    0x0802c2a4   0x0802c2a4   0x0000003e   Code   RO         1088    .text               mf_w.l(dfixi.o)
    0x0802c2e2   0x0802c2e2   0x00000026   Code   RO         1090    .text               mf_w.l(f2d.o)
    0x0802c308   0x0802c308   0x00000030   Code   RO         1092    .text               mf_w.l(cdrcmple.o)
    0x0802c338   0x0802c338   0x00000038   Code   RO         1094    .text               mf_w.l(d2f.o)
    0x0802c370   0x0802c370   0x00000062   Code   RO         1169    .text               mc_w.l(uldiv.o)
    0x0802c3d2   0x0802c3d2   0x0000001e   Code   RO         1171    .text               mc_w.l(llshl.o)
    0x0802c3f0   0x0802c3f0   0x00000020   Code   RO         1173    .text               mc_w.l(llushr.o)
    0x0802c410   0x0802c410   0x00000024   Code   RO         1175    .text               mc_w.l(llsshr.o)
    0x0802c434   0x0802c434   0x00000000   Code   RO         1184    .text               mc_w.l(iusefp.o)
    0x0802c434   0x0802c434   0x0000006e   Code   RO         1185    .text               mf_w.l(fepilogue.o)
    0x0802c4a2   0x0802c4a2   0x000000ba   Code   RO         1187    .text               mf_w.l(depilogue.o)
    0x0802c55c   0x0802c55c   0x00000004   Code   RO         1193    .text               mf_w.l(fpstat.o)
    0x0802c560   0x0802c560   0x00000024   Code   RO         1199    .text               mc_w.l(init.o)
    0x0802c584   0x0802c584   0x00000056   Code   RO         1211    .text               mc_w.l(__dczerorl2.o)
    0x0802c5da   0x0802c5da   0x00000002   PAD
    0x0802c5dc   0x0802c5dc   0x00000030   Code   RO         1027    i.__0snprintf$8     mc_w.l(printf8.o)
    0x0802c60c   0x0802c60c   0x00000028   Code   RO         1028    i.__0sprintf$8      mc_w.l(printf8.o)
    0x0802c634   0x0802c634   0x00000030   Code   RO         1195    i.__ARM_fpclassify  m_wm.l(fpclassify.o)
    0x0802c664   0x0802c664   0x00000026   Code   RO         1130    i.__ARM_fpclassifyf  m_wm.l(fpclassifyf.o)
    0x0802c68a   0x0802c68a   0x00000006   PAD
    0x0802c690   0x0802c690   0x000002d8   Code   RO         1096    i.__hardfp_atan     m_wm.l(atan.o)
    0x0802c968   0x0802c968   0x000001f0   Code   RO          752    i.__hardfp_atan2    m_wm.l(atan2.o)
    0x0802cb58   0x0802cb58   0x00000150   Code   RO          764    i.__hardfp_cosf     m_wm.l(cosf.o)
    0x0802cca8   0x0802cca8   0x00000664   Code   RO          776    i.__hardfp_powf     m_wm.l(powf.o)
    0x0802d30c   0x0802d30c   0x00000190   Code   RO          790    i.__hardfp_sinf     m_wm.l(sinf.o)
    0x0802d49c   0x0802d49c   0x000000f8   Code   RO         1197    i.__kernel_poly     m_wm.l(poly.o)
    0x0802d594   0x0802d594   0x00000014   Code   RO         1111    i.__mathlib_dbl_infnan  m_wm.l(dunder.o)
    0x0802d5a8   0x0802d5a8   0x00000014   Code   RO         1112    i.__mathlib_dbl_infnan2  m_wm.l(dunder.o)
    0x0802d5bc   0x0802d5bc   0x00000004   PAD
    0x0802d5c0   0x0802d5c0   0x00000020   Code   RO         1116    i.__mathlib_dbl_underflow  m_wm.l(dunder.o)
    0x0802d5e0   0x0802d5e0   0x00000014   Code   RO         1132    i.__mathlib_flt_divzero  m_wm.l(funder.o)
    0x0802d5f4   0x0802d5f4   0x00000006   Code   RO         1133    i.__mathlib_flt_infnan  m_wm.l(funder.o)
    0x0802d5fa   0x0802d5fa   0x00000006   Code   RO         1134    i.__mathlib_flt_infnan2  m_wm.l(funder.o)
    0x0802d600   0x0802d600   0x00000010   Code   RO         1135    i.__mathlib_flt_invalid  m_wm.l(funder.o)
    0x0802d610   0x0802d610   0x00000010   Code   RO         1136    i.__mathlib_flt_overflow  m_wm.l(funder.o)
    0x0802d620   0x0802d620   0x00000010   Code   RO         1138    i.__mathlib_flt_underflow  m_wm.l(funder.o)
    0x0802d630   0x0802d630   0x00000154   Code   RO         1147    i.__mathlib_rredf2  m_wm.l(rredf.o)
    0x0802d784   0x0802d784   0x0000000e   Code   RO         1205    i.__scatterload_copy  mc_w.l(handlers.o)
    0x0802d792   0x0802d792   0x00000002   Code   RO         1206    i.__scatterload_null  mc_w.l(handlers.o)
    0x0802d794   0x0802d794   0x0000000e   Code   RO         1207    i.__scatterload_zeroinit  mc_w.l(handlers.o)
    0x0802d7a2   0x0802d7a2   0x00000002   PAD
    0x0802d7a4   0x0802d7a4   0x0000000c   Code   RO         1179    i.__set_errno       mc_w.l(errno.o)
    0x0802d7b0   0x0802d7b0   0x00000410   Code   RO         1033    i._printf_core      mc_w.l(printf8.o)
    0x0802dbc0   0x0802dbc0   0x00000024   Code   RO         1034    i._printf_post_padding  mc_w.l(printf8.o)
    0x0802dbe4   0x0802dbe4   0x0000002e   Code   RO         1035    i._printf_pre_padding  mc_w.l(printf8.o)
    0x0802dc12   0x0802dc12   0x00000016   Code   RO         1036    i._snputc           mc_w.l(printf8.o)
    0x0802dc28   0x0802dc28   0x0000000a   Code   RO         1037    i._sputc            mc_w.l(printf8.o)
    0x0802dc32   0x0802dc32   0x00000010   Code   RO         1098    i.atan              m_wm.l(atan.o)
    0x0802dc42   0x0802dc42   0x00000018   Code   RO         1126    i.fabs              m_wm.l(fabs.o)
    0x0802dc5a   0x0802dc5a   0x00000002   PAD
    0x0802dc5c   0x0802dc5c   0x00000140   Data   RO          779    .constdata          m_wm.l(powf.o)
    0x0802dd9c   0x0802dd9c   0x00000004   PAD
    0x0802dda0   0x0802dda0   0x00000098   Data   RO         1099    .constdata          m_wm.l(atan.o)
    0x0802de38   0x0802de38   0x00000008   Data   RO         1146    .constdata          m_wm.l(qnan.o)
    0x0802de40   0x0802de40   0x00000020   Data   RO         1148    .constdata          m_wm.l(rredf.o)
    0x0802de60   0x0802de60   0x00000020   Data   RO         1203    Region$$Table       anon$$obj.o


    Execution Region RW_IRAM1 (Exec base: 0x20000000, Load base: 0x0802de80, Size: 0x0001a620, Max: 0x00020000, ABSOLUTE, COMPRESSED[0x000001bc])

    Exec Addr    Load Addr    Size         Type   Attr      Idx    E Section Name        Object

    0x20000000   COMPRESSED   0x000005c8   Data   RW          141    .data               main.o
    0x200005c8   COMPRESSED   0x00000014   Data   RW          287    .data               system_stm32f4xx.o
    0x200005dc   COMPRESSED   0x00000010   Data   RW          449    .data               stm32f4xx_rcc.o
    0x200005ec   COMPRESSED   0x00000010   Data   RW          678    .data               timers.o
    0x200005fc   COMPRESSED   0x00000004   Data   RW          699    .data               port.o
    0x20000600   COMPRESSED   0x00000018   Data   RW          717    .data               heap_2.o
    0x20000618   COMPRESSED   0x0000003c   Data   RW          732    .data               tasks.o
    0x20000654   COMPRESSED   0x00000004   Data   RW         1180    .data               mc_w.l(errno.o)
    0x20000658        -       0x0001726c   Zero   RW          140    .bss                main.o
    0x200178c4        -       0x00000040   Zero   RW          659    .bss                queue.o
    0x20017904        -       0x00000028   Zero   RW          677    .bss                timers.o
    0x2001792c   COMPRESSED   0x00000004   PAD
    0x20017930        -       0x00002800   Zero   RW          716    .bss                heap_2.o
    0x2001a130        -       0x000000f0   Zero   RW          731    .bss                tasks.o
    0x2001a220        -       0x00000400   Zero   RW          404    STACK               startup_stm32f4xx.o


==============================================================================

Image component sizes


      Code (inc. data)   RO Data    RW Data    ZI Data      Debug   Object Name

         0          0          0          0          0       5672   croutine.o
       280         22          0         24      10240       3712   heap_2.o
       152          0          0          0          0       3526   list.o
    161872      13184          0       1480      94828     489509   main.o
       224         20          0          0          0       1985   misc.o
       388         34          0          4          0       3050   port.o
      1896          6          0          0         64      10972   queue.o
        36          8        392          0       1024        928   startup_stm32f4xx.o
      1124         24          0          0          0      10854   stm32f4xx_adc.o
       936         32          0          0          0       6557   stm32f4xx_dma.o
       284         10          0          0          0       2487   stm32f4xx_exti.o
       604         36          0          0          0       4289   stm32f4xx_gpio.o
       824        122          0          0          0       8873   stm32f4xx_it.o
      1416         48          0         16          0      11243   stm32f4xx_rcc.o
       140         12          0          0          0       1747   stm32f4xx_syscfg.o
      3234         60          0          0          0      23176   stm32f4xx_tim.o
      1050         26          0          0          0       8024   stm32f4xx_usart.o
       512         44          0         20          0     285227   system_stm32f4xx.o
      3492        256          0         60        240      16025   tasks.o
      1040         36          0         16         40      10420   timers.o

    ----------------------------------------------------------------------
    179508      13980        424       1620     106440     908276   Object Totals
         0          0         32          0          0          0   (incl. Generated)
         4          0          0          0          4          0   (incl. Padding)

    ----------------------------------------------------------------------

      Code (inc. data)   RO Data    RW Data    ZI Data      Debug   Library Member Name

       744        106        152          0          0        352   atan.o
       496         64          0          0          0        192   atan2.o
       336         56          0          0          0        136   cosf.o
        72          8          0          0          0        372   dunder.o
        24          0          0          0          0        124   fabs.o
        48          0          0          0          0        124   fpclassify.o
        38          0          0          0          0        116   fpclassifyf.o
        80         24          0          0          0        696   funder.o
       248          0          0          0          0        152   poly.o
      1636        110        320          0          0        372   powf.o
         0          0          8          0          0          0   qnan.o
       340         24         32          0          0        160   rredf.o
       400         56          0          0          0        212   sinf.o
        86          0          0          0          0          0   __dczerorl2.o
         0          0          0          0          0          0   entry.o
         0          0          0          0          0          0   entry10a.o
         0          0          0          0          0          0   entry11a.o
         8          4          0          0          0          0   entry2.o
         4          0          0          0          0          0   entry5.o
         0          0          0          0          0          0   entry7b.o
         0          0          0          0          0          0   entry8b.o
         8          4          0          0          0          0   entry9a.o
        12          6          0          4          0         68   errno.o
        30          0          0          0          0          0   handlers.o
        36          8          0          0          0         68   init.o
         0          0          0          0          0          0   iusefp.o
        30          0          0          0          0         68   llshl.o
        36          0          0          0          0         68   llsshr.o
        32          0          0          0          0         68   llushr.o
        36          0          0          0          0         68   memcpya.o
        36          0          0          0          0        108   memseta.o
      1242         54          0          0          0        572   printf8.o
        24          0          0          0          0         68   strcat.o
        28          0          0          0          0         76   strcmp.o
        14          0          0          0          0         68   strlen.o
        24          0          0          0          0         76   strncpy.o
        98          0          0          0          0         92   uldiv.o
        48          0          0          0          0         68   cdrcmple.o
        56          0          0          0          0         88   d2f.o
       334          0          0          0          0        148   dadd.o
       222          0          0          0          0        100   ddiv.o
       186          0          0          0          0        176   depilogue.o
        62          0          0          0          0         80   dfixi.o
        34          0          0          0          0         76   dflti.o
       228          0          0          0          0         96   dmul.o
        38          0          0          0          0         68   f2d.o
       110          0          0          0          0        168   fepilogue.o
         4          0          0          0          0         68   fpstat.o

    ----------------------------------------------------------------------
      7584        524        516          4          0       5612   Library Totals
        16          0          4          0          0          0   (incl. Padding)

    ----------------------------------------------------------------------

      Code (inc. data)   RO Data    RW Data    ZI Data      Debug   Library Name

      4462        448        512          0          0       3008   m_wm.l
      1784         76          0          4          0       1468   mc_w.l
      1322          0          0          0          0       1136   mf_w.l

    ----------------------------------------------------------------------
      7584        524        516          4          0       5612   Library Totals

    ----------------------------------------------------------------------

==============================================================================


      Code (inc. data)   RO Data    RW Data    ZI Data      Debug   

    187092      14504        940       1624     106440     905168   Grand Totals
    187092      14504        940        444     106440     905168   ELF Image Totals (compressed)
    187092      14504        940        444          0          0   ROM Totals

==============================================================================

    Total RO  Size (Code + RO Data)               188032 ( 183.63kB)
    Total RW  Size (RW Data + ZI Data)            108064 ( 105.53kB)
    Total ROM Size (Code + RO Data + RW Data)     188476 ( 184.06kB)

==============================================================================

