<!doctype html public "-//w3c//dtd html 4.0 transitional//en">
<html><head>
<title>Static Call Graph - [.\Project\Project.axf]</title></head>
<body><HR>
<H1>Static Call Graph for image .\Project\Project.axf</H1><HR>
<BR><P>#&#060CALLGRAPH&#062# ARM Linker, 5060750: Last Updated: Wed Jun 17 17:47:29 2026
<BR><P>
<H3>Maximum Stack Usage =        304 bytes + Unknown(Cycles, Untraceable Function Pointers)</H3><H3>
Call chain for Maximum Stack Depth:</H3>
taskGyro &rArr; HMI_RUN_LOOP &rArr; HMI_TRAN &rArr; HMI_PUTS &rArr; HMI_ky_tu &rArr; strcmp
<P>
<H3>
Mutually Recursive functions
</H3> <LI><a href="#[1d]">ADC_IRQHandler</a>&nbsp;&nbsp;&nbsp;&rArr;&nbsp;&nbsp;&nbsp;<a href="#[1d]">ADC_IRQHandler</a><BR>
</UL>
<P>
<H3>
Function Pointers
</H3><UL>
 <LI><a href="#[1d]">ADC_IRQHandler</a> from startup_stm32f4xx.o(.text) referenced from startup_stm32f4xx.o(RESET)
 <LI><a href="#[5]">BusFault_Handler</a> from stm32f4xx_it.o(.text) referenced from startup_stm32f4xx.o(RESET)
 <LI><a href="#[1f]">CAN1_RX0_IRQHandler</a> from startup_stm32f4xx.o(.text) referenced from startup_stm32f4xx.o(RESET)
 <LI><a href="#[20]">CAN1_RX1_IRQHandler</a> from startup_stm32f4xx.o(.text) referenced from startup_stm32f4xx.o(RESET)
 <LI><a href="#[21]">CAN1_SCE_IRQHandler</a> from startup_stm32f4xx.o(.text) referenced from startup_stm32f4xx.o(RESET)
 <LI><a href="#[1e]">CAN1_TX_IRQHandler</a> from startup_stm32f4xx.o(.text) referenced from startup_stm32f4xx.o(RESET)
 <LI><a href="#[4b]">CAN2_RX0_IRQHandler</a> from startup_stm32f4xx.o(.text) referenced from startup_stm32f4xx.o(RESET)
 <LI><a href="#[4c]">CAN2_RX1_IRQHandler</a> from startup_stm32f4xx.o(.text) referenced from startup_stm32f4xx.o(RESET)
 <LI><a href="#[4d]">CAN2_SCE_IRQHandler</a> from startup_stm32f4xx.o(.text) referenced from startup_stm32f4xx.o(RESET)
 <LI><a href="#[4a]">CAN2_TX_IRQHandler</a> from startup_stm32f4xx.o(.text) referenced from startup_stm32f4xx.o(RESET)
 <LI><a href="#[5a]">CRYP_IRQHandler</a> from startup_stm32f4xx.o(.text) referenced from startup_stm32f4xx.o(RESET)
 <LI><a href="#[59]">DCMI_IRQHandler</a> from startup_stm32f4xx.o(.text) referenced from startup_stm32f4xx.o(RESET)
 <LI><a href="#[16]">DMA1_Stream0_IRQHandler</a> from stm32f4xx_it.o(.text) referenced from startup_stm32f4xx.o(RESET)
 <LI><a href="#[17]">DMA1_Stream1_IRQHandler</a> from stm32f4xx_it.o(.text) referenced from startup_stm32f4xx.o(RESET)
 <LI><a href="#[18]">DMA1_Stream2_IRQHandler</a> from stm32f4xx_it.o(.text) referenced from startup_stm32f4xx.o(RESET)
 <LI><a href="#[19]">DMA1_Stream3_IRQHandler</a> from startup_stm32f4xx.o(.text) referenced from startup_stm32f4xx.o(RESET)
 <LI><a href="#[1a]">DMA1_Stream4_IRQHandler</a> from stm32f4xx_it.o(.text) referenced from startup_stm32f4xx.o(RESET)
 <LI><a href="#[1b]">DMA1_Stream5_IRQHandler</a> from startup_stm32f4xx.o(.text) referenced from startup_stm32f4xx.o(RESET)
 <LI><a href="#[1c]">DMA1_Stream6_IRQHandler</a> from stm32f4xx_it.o(.text) referenced from startup_stm32f4xx.o(RESET)
 <LI><a href="#[3a]">DMA1_Stream7_IRQHandler</a> from stm32f4xx_it.o(.text) referenced from startup_stm32f4xx.o(RESET)
 <LI><a href="#[43]">DMA2_Stream0_IRQHandler</a> from startup_stm32f4xx.o(.text) referenced from startup_stm32f4xx.o(RESET)
 <LI><a href="#[44]">DMA2_Stream1_IRQHandler</a> from stm32f4xx_it.o(.text) referenced from startup_stm32f4xx.o(RESET)
 <LI><a href="#[45]">DMA2_Stream2_IRQHandler</a> from stm32f4xx_it.o(.text) referenced from startup_stm32f4xx.o(RESET)
 <LI><a href="#[46]">DMA2_Stream3_IRQHandler</a> from startup_stm32f4xx.o(.text) referenced from startup_stm32f4xx.o(RESET)
 <LI><a href="#[47]">DMA2_Stream4_IRQHandler</a> from startup_stm32f4xx.o(.text) referenced from startup_stm32f4xx.o(RESET)
 <LI><a href="#[4f]">DMA2_Stream5_IRQHandler</a> from stm32f4xx_it.o(.text) referenced from startup_stm32f4xx.o(RESET)
 <LI><a href="#[50]">DMA2_Stream6_IRQHandler</a> from startup_stm32f4xx.o(.text) referenced from startup_stm32f4xx.o(RESET)
 <LI><a href="#[51]">DMA2_Stream7_IRQHandler</a> from startup_stm32f4xx.o(.text) referenced from startup_stm32f4xx.o(RESET)
 <LI><a href="#[8]">DebugMon_Handler</a> from stm32f4xx_it.o(.text) referenced from startup_stm32f4xx.o(RESET)
 <LI><a href="#[8c]">DoNothing</a> from main.o(.text) referenced 2 times from main.o(.text)
 <LI><a href="#[48]">ETH_IRQHandler</a> from startup_stm32f4xx.o(.text) referenced from startup_stm32f4xx.o(RESET)
 <LI><a href="#[49]">ETH_WKUP_IRQHandler</a> from startup_stm32f4xx.o(.text) referenced from startup_stm32f4xx.o(RESET)
 <LI><a href="#[11]">EXTI0_IRQHandler</a> from startup_stm32f4xx.o(.text) referenced from startup_stm32f4xx.o(RESET)
 <LI><a href="#[33]">EXTI15_10_IRQHandler</a> from startup_stm32f4xx.o(.text) referenced from startup_stm32f4xx.o(RESET)
 <LI><a href="#[12]">EXTI1_IRQHandler</a> from startup_stm32f4xx.o(.text) referenced from startup_stm32f4xx.o(RESET)
 <LI><a href="#[13]">EXTI2_IRQHandler</a> from stm32f4xx_it.o(.text) referenced from startup_stm32f4xx.o(RESET)
 <LI><a href="#[14]">EXTI3_IRQHandler</a> from stm32f4xx_it.o(.text) referenced from startup_stm32f4xx.o(RESET)
 <LI><a href="#[15]">EXTI4_IRQHandler</a> from startup_stm32f4xx.o(.text) referenced from startup_stm32f4xx.o(RESET)
 <LI><a href="#[22]">EXTI9_5_IRQHandler</a> from startup_stm32f4xx.o(.text) referenced from startup_stm32f4xx.o(RESET)
 <LI><a href="#[f]">FLASH_IRQHandler</a> from startup_stm32f4xx.o(.text) referenced from startup_stm32f4xx.o(RESET)
 <LI><a href="#[5c]">FPU_IRQHandler</a> from startup_stm32f4xx.o(.text) referenced from startup_stm32f4xx.o(RESET)
 <LI><a href="#[3b]">FSMC_IRQHandler</a> from startup_stm32f4xx.o(.text) referenced from startup_stm32f4xx.o(RESET)
 <LI><a href="#[5b]">HASH_RNG_IRQHandler</a> from startup_stm32f4xx.o(.text) referenced from startup_stm32f4xx.o(RESET)
 <LI><a href="#[3]">HardFault_Handler</a> from stm32f4xx_it.o(.text) referenced from startup_stm32f4xx.o(RESET)
 <LI><a href="#[2b]">I2C1_ER_IRQHandler</a> from startup_stm32f4xx.o(.text) referenced from startup_stm32f4xx.o(RESET)
 <LI><a href="#[2a]">I2C1_EV_IRQHandler</a> from startup_stm32f4xx.o(.text) referenced from startup_stm32f4xx.o(RESET)
 <LI><a href="#[2d]">I2C2_ER_IRQHandler</a> from startup_stm32f4xx.o(.text) referenced from startup_stm32f4xx.o(RESET)
 <LI><a href="#[2c]">I2C2_EV_IRQHandler</a> from startup_stm32f4xx.o(.text) referenced from startup_stm32f4xx.o(RESET)
 <LI><a href="#[54]">I2C3_ER_IRQHandler</a> from startup_stm32f4xx.o(.text) referenced from startup_stm32f4xx.o(RESET)
 <LI><a href="#[53]">I2C3_EV_IRQHandler</a> from startup_stm32f4xx.o(.text) referenced from startup_stm32f4xx.o(RESET)
 <LI><a href="#[229]">Lay_ben_phai_bac_200_duoi_do_3</a> from main.o(.text) referenced from main.o(.text)
 <LI><a href="#[228]">Lay_ben_phai_bac_200_duoi_do_5</a> from main.o(.text) referenced from main.o(.text)
 <LI><a href="#[227]">Lay_ben_phai_bac_200_duoi_do_6</a> from main.o(.text) referenced from main.o(.text)
 <LI><a href="#[225]">Lay_ben_phai_bac_200_duoi_do_8</a> from main.o(.text) referenced 2 times from main.o(.text)
 <LI><a href="#[6f]">Lay_ben_phai_bac_200_duoi_xanh_2</a> from main.o(.text) referenced from main.o(.text)
 <LI><a href="#[73]">Lay_ben_phai_bac_200_duoi_xanh_8</a> from main.o(.text) referenced from main.o(.text)
 <LI><a href="#[22a]">Lay_ben_phai_bac_200_tren_do_2</a> from main.o(.text) referenced from main.o(.text)
 <LI><a href="#[226]">Lay_ben_phai_bac_200_tren_do_9</a> from main.o(.text) referenced from main.o(.text)
 <LI><a href="#[74]">Lay_ben_phai_bac_200_tren_xanh_11</a> from main.o(.text) referenced 2 times from main.o(.text)
 <LI><a href="#[70]">Lay_ben_phai_bac_200_tren_xanh_3</a> from main.o(.text) referenced from main.o(.text)
 <LI><a href="#[71]">Lay_ben_phai_bac_200_tren_xanh_4</a> from main.o(.text) referenced from main.o(.text)
 <LI><a href="#[72]">Lay_ben_phai_bac_200_tren_xanh_7</a> from main.o(.text) referenced from main.o(.text)
 <LI><a href="#[230]">Lay_ben_trai_bac_200_duoi_do_1</a> from main.o(.text) referenced from main.o(.text)
 <LI><a href="#[22c]">Lay_ben_trai_bac_200_duoi_do_8_11</a> from main.o(.text) referenced from main.o(.text)
 <LI><a href="#[6b]">Lay_ben_trai_bac_200_duoi_xanh_3</a> from main.o(.text) referenced from main.o(.text)
 <LI><a href="#[6c]">Lay_ben_trai_bac_200_duoi_xanh_5</a> from main.o(.text) referenced from main.o(.text)
 <LI><a href="#[6d]">Lay_ben_trai_bac_200_duoi_xanh_ko_thanh</a> from main.o(.text) referenced from main.o(.text)
 <LI><a href="#[22f]">Lay_ben_trai_bac_200_tren_do_2</a> from main.o(.text) referenced from main.o(.text)
 <LI><a href="#[22e]">Lay_ben_trai_bac_200_tren_do_5_6</a> from main.o(.text) referenced from main.o(.text)
 <LI><a href="#[22d]">Lay_ben_trai_bac_200_tren_do_7_10</a> from main.o(.text) referenced from main.o(.text)
 <LI><a href="#[6a]">Lay_ben_trai_bac_200_tren_xanh_1</a> from main.o(.text) referenced from main.o(.text)
 <LI><a href="#[6e]">Lay_ben_trai_bac_200_tren_xanh_9</a> from main.o(.text) referenced from main.o(.text)
 <LI><a href="#[68]">Lay_phia_truoc_bac_200_tren</a> from main.o(.text) referenced 2 times from main.o(.text)
 <LI><a href="#[67]">Lay_phia_truoc_bac_400_tren</a> from main.o(.text) referenced 2 times from main.o(.text)
 <LI><a href="#[76]">Leo_bac_200_bam_thanh_phai</a> from main.o(.text) referenced from main.o(.text)
 <LI><a href="#[93]">Leo_bac_200_bam_thanh_phai_do</a> from main.o(.text) referenced from main.o(.text)
 <LI><a href="#[96]">Leo_bac_200_do_5</a> from main.o(.text) referenced from main.o(.text)
 <LI><a href="#[98]">Leo_bac_200_do_7</a> from main.o(.text) referenced from main.o(.text)
 <LI><a href="#[7a]">Leo_bac_200_ko_thanh</a> from main.o(.text) referenced from main.o(.text)
 <LI><a href="#[97]">Leo_bac_200_ko_thanh_do</a> from main.o(.text) referenced from main.o(.text)
 <LI><a href="#[79]">Leo_bac_200_xanh_5</a> from main.o(.text) referenced from main.o(.text)
 <LI><a href="#[7b]">Leo_bac_200_xanh_7</a> from main.o(.text) referenced from main.o(.text)
 <LI><a href="#[77]">Leo_bac_400_co_thanh</a> from main.o(.text) referenced from main.o(.text)
 <LI><a href="#[94]">Leo_bac_400_co_thanh_do</a> from main.o(.text) referenced from main.o(.text)
 <LI><a href="#[75]">Leo_bac_400_ko_thanh</a> from main.o(.text) referenced from main.o(.text)
 <LI><a href="#[224]">Leo_bac_400_ko_thanh_do</a> from main.o(.text) referenced from main.o(.text)
 <LI><a href="#[4]">MemManage_Handler</a> from stm32f4xx_it.o(.text) referenced from startup_stm32f4xx.o(RESET)
 <LI><a href="#[2]">NMI_Handler</a> from stm32f4xx_it.o(.text) referenced from startup_stm32f4xx.o(RESET)
 <LI><a href="#[4e]">OTG_FS_IRQHandler</a> from startup_stm32f4xx.o(.text) referenced from startup_stm32f4xx.o(RESET)
 <LI><a href="#[35]">OTG_FS_WKUP_IRQHandler</a> from startup_stm32f4xx.o(.text) referenced from startup_stm32f4xx.o(RESET)
 <LI><a href="#[56]">OTG_HS_EP1_IN_IRQHandler</a> from startup_stm32f4xx.o(.text) referenced from startup_stm32f4xx.o(RESET)
 <LI><a href="#[55]">OTG_HS_EP1_OUT_IRQHandler</a> from startup_stm32f4xx.o(.text) referenced from startup_stm32f4xx.o(RESET)
 <LI><a href="#[58]">OTG_HS_IRQHandler</a> from startup_stm32f4xx.o(.text) referenced from startup_stm32f4xx.o(RESET)
 <LI><a href="#[57]">OTG_HS_WKUP_IRQHandler</a> from startup_stm32f4xx.o(.text) referenced from startup_stm32f4xx.o(RESET)
 <LI><a href="#[c]">PVD_IRQHandler</a> from startup_stm32f4xx.o(.text) referenced from startup_stm32f4xx.o(RESET)
 <LI><a href="#[9]">PendSV_Handler</a> from port.o(.emb_text) referenced from startup_stm32f4xx.o(RESET)
 <LI><a href="#[10]">RCC_IRQHandler</a> from startup_stm32f4xx.o(.text) referenced from startup_stm32f4xx.o(RESET)
 <LI><a href="#[34]">RTC_Alarm_IRQHandler</a> from startup_stm32f4xx.o(.text) referenced from startup_stm32f4xx.o(RESET)
 <LI><a href="#[e]">RTC_WKUP_IRQHandler</a> from startup_stm32f4xx.o(.text) referenced from startup_stm32f4xx.o(RESET)
 <LI><a href="#[1]">Reset_Handler</a> from startup_stm32f4xx.o(.text) referenced from startup_stm32f4xx.o(RESET)
 <LI><a href="#[3c]">SDIO_IRQHandler</a> from startup_stm32f4xx.o(.text) referenced from startup_stm32f4xx.o(RESET)
 <LI><a href="#[2e]">SPI1_IRQHandler</a> from stm32f4xx_it.o(.text) referenced from startup_stm32f4xx.o(RESET)
 <LI><a href="#[2f]">SPI2_IRQHandler</a> from startup_stm32f4xx.o(.text) referenced from startup_stm32f4xx.o(RESET)
 <LI><a href="#[3e]">SPI3_IRQHandler</a> from stm32f4xx_it.o(.text) referenced from startup_stm32f4xx.o(RESET)
 <LI><a href="#[7]">SVC_Handler</a> from port.o(.emb_text) referenced from startup_stm32f4xx.o(RESET)
 <LI><a href="#[a]">SysTick_Handler</a> from port.o(.text) referenced from startup_stm32f4xx.o(RESET)
 <LI><a href="#[b5]">SystemInit</a> from system_stm32f4xx.o(.text) referenced from startup_stm32f4xx.o(.text)
 <LI><a href="#[d]">TAMP_STAMP_IRQHandler</a> from startup_stm32f4xx.o(.text) referenced from startup_stm32f4xx.o(RESET)
 <LI><a href="#[23]">TIM1_BRK_TIM9_IRQHandler</a> from startup_stm32f4xx.o(.text) referenced from startup_stm32f4xx.o(RESET)
 <LI><a href="#[26]">TIM1_CC_IRQHandler</a> from startup_stm32f4xx.o(.text) referenced from startup_stm32f4xx.o(RESET)
 <LI><a href="#[25]">TIM1_TRG_COM_TIM11_IRQHandler</a> from stm32f4xx_it.o(.text) referenced from startup_stm32f4xx.o(RESET)
 <LI><a href="#[24]">TIM1_UP_TIM10_IRQHandler</a> from stm32f4xx_it.o(.text) referenced from startup_stm32f4xx.o(RESET)
 <LI><a href="#[27]">TIM2_IRQHandler</a> from stm32f4xx_it.o(.text) referenced from startup_stm32f4xx.o(RESET)
 <LI><a href="#[28]">TIM3_IRQHandler</a> from stm32f4xx_it.o(.text) referenced from startup_stm32f4xx.o(RESET)
 <LI><a href="#[29]">TIM4_IRQHandler</a> from stm32f4xx_it.o(.text) referenced from startup_stm32f4xx.o(RESET)
 <LI><a href="#[3d]">TIM5_IRQHandler</a> from stm32f4xx_it.o(.text) referenced from startup_stm32f4xx.o(RESET)
 <LI><a href="#[41]">TIM6_DAC_IRQHandler</a> from stm32f4xx_it.o(.text) referenced from startup_stm32f4xx.o(RESET)
 <LI><a href="#[42]">TIM7_IRQHandler</a> from stm32f4xx_it.o(.text) referenced from startup_stm32f4xx.o(RESET)
 <LI><a href="#[36]">TIM8_BRK_TIM12_IRQHandler</a> from startup_stm32f4xx.o(.text) referenced from startup_stm32f4xx.o(RESET)
 <LI><a href="#[39]">TIM8_CC_IRQHandler</a> from startup_stm32f4xx.o(.text) referenced from startup_stm32f4xx.o(RESET)
 <LI><a href="#[38]">TIM8_TRG_COM_TIM14_IRQHandler</a> from startup_stm32f4xx.o(.text) referenced from startup_stm32f4xx.o(RESET)
 <LI><a href="#[37]">TIM8_UP_TIM13_IRQHandler</a> from startup_stm32f4xx.o(.text) referenced from startup_stm32f4xx.o(RESET)
 <LI><a href="#[3f]">UART4_IRQHandler</a> from startup_stm32f4xx.o(.text) referenced from startup_stm32f4xx.o(RESET)
 <LI><a href="#[40]">UART5_IRQHandler</a> from startup_stm32f4xx.o(.text) referenced from startup_stm32f4xx.o(RESET)
 <LI><a href="#[30]">USART1_IRQHandler</a> from stm32f4xx_it.o(.text) referenced from startup_stm32f4xx.o(RESET)
 <LI><a href="#[31]">USART2_IRQHandler</a> from startup_stm32f4xx.o(.text) referenced from startup_stm32f4xx.o(RESET)
 <LI><a href="#[32]">USART3_IRQHandler</a> from startup_stm32f4xx.o(.text) referenced from startup_stm32f4xx.o(RESET)
 <LI><a href="#[52]">USART6_IRQHandler</a> from startup_stm32f4xx.o(.text) referenced from startup_stm32f4xx.o(RESET)
 <LI><a href="#[6]">UsageFault_Handler</a> from stm32f4xx_it.o(.text) referenced from startup_stm32f4xx.o(RESET)
 <LI><a href="#[b]">WWDG_IRQHandler</a> from startup_stm32f4xx.o(.text) referenced from startup_stm32f4xx.o(RESET)
 <LI><a href="#[95]">Xuong_bac_200_do_4</a> from main.o(.text) referenced from main.o(.text)
 <LI><a href="#[99]">Xuong_bac_200_do_9</a> from main.o(.text) referenced from main.o(.text)
 <LI><a href="#[78]">Xuong_bac_200_xanh_4</a> from main.o(.text) referenced from main.o(.text)
 <LI><a href="#[7c]">Xuong_bac_200_xanh_9</a> from main.o(.text) referenced from main.o(.text)
 <LI><a href="#[b6]">__main</a> from entry.o(.ARM.Collect$$$$00000000) referenced from startup_stm32f4xx.o(.text)
 <LI><a href="#[b9]">_snputc</a> from printf8.o(i._snputc) referenced from printf8.o(i.__0snprintf$8)
 <LI><a href="#[ba]">_sputc</a> from printf8.o(i._sputc) referenced from printf8.o(i.__0sprintf$8)
 <LI><a href="#[8d]">auto_vao_rung_do_cua1</a> from main.o(.text) referenced from main.o(.text)
 <LI><a href="#[8e]">auto_vao_rung_do_cua2</a> from main.o(.text) referenced from main.o(.text)
 <LI><a href="#[8f]">auto_vao_rung_do_cua3</a> from main.o(.text) referenced from main.o(.text)
 <LI><a href="#[5e]">auto_vao_rung_xanh_cua1</a> from main.o(.text) referenced from main.o(.text)
 <LI><a href="#[5f]">auto_vao_rung_xanh_cua2</a> from main.o(.text) referenced from main.o(.text)
 <LI><a href="#[60]">auto_vao_rung_xanh_cua3</a> from main.o(.text) referenced from main.o(.text)
 <LI><a href="#[af]">bao_hieu_check_r1_ngang</a> from main.o(.text) referenced 2 times from main.o(.text)
 <LI><a href="#[ad]">dung_cho_khoi_r1_duoi_do</a> from main.o(.text) referenced from main.o(.text)
 <LI><a href="#[1d3]">dung_cho_khoi_r1_duoi_xanh</a> from main.o(.text) referenced 2 times from main.o(.text)
 <LI><a href="#[ae]">dung_cho_khoi_r1_tren_do</a> from main.o(.text) referenced from main.o(.text)
 <LI><a href="#[1d2]">dung_cho_khoi_r1_tren_xanh</a> from main.o(.text) referenced from main.o(.text)
 <LI><a href="#[69]">lay_thang_200_duoi</a> from main.o(.text) referenced from main.o(.text)
 <LI><a href="#[92]">lay_thang_200_duoi_do</a> from main.o(.text) referenced from main.o(.text)
 <LI><a href="#[5d]">main</a> from main.o(.text) referenced from entry9a.o(.ARM.Collect$$$$0000000B)
 <LI><a href="#[b8]">prvIdleTask</a> from tasks.o(.text) referenced from tasks.o(.text)
 <LI><a href="#[b7]">prvTimerTask</a> from timers.o(.text) referenced from timers.o(.text)
 <LI><a href="#[ac]">qua_phai_len_bac_200_11_do</a> from main.o(.text) referenced from main.o(.text)
 <LI><a href="#[8a]">qua_phai_len_bac_200_11_xanh</a> from main.o(.text) referenced from main.o(.text)
 <LI><a href="#[a5]">qua_phai_len_bac_200_1_do</a> from main.o(.text) referenced from main.o(.text)
 <LI><a href="#[85]">qua_phai_len_bac_200_3_xanh</a> from main.o(.text) referenced from main.o(.text)
 <LI><a href="#[86]">qua_phai_len_bac_200_5_xanh</a> from main.o(.text) referenced from main.o(.text)
 <LI><a href="#[87]">qua_phai_len_bac_200_6_xanh</a> from main.o(.text) referenced from main.o(.text)
 <LI><a href="#[aa]">qua_phai_len_bac_200_8_do</a> from main.o(.text) referenced from main.o(.text)
 <LI><a href="#[88]">qua_phai_len_bac_200_8_xanh</a> from main.o(.text) referenced from main.o(.text)
 <LI><a href="#[63]">qua_phai_len_bac_200_cua_vao</a> from main.o(.text) referenced from main.o(.text)
 <LI><a href="#[232]">qua_phai_len_bac_200_cua_vao_do</a> from main.o(.text) referenced from main.o(.text)
 <LI><a href="#[64]">qua_phai_len_bac_400</a> from main.o(.text) referenced from main.o(.text)
 <LI><a href="#[231]">qua_phai_len_bac_400_do</a> from main.o(.text) referenced from main.o(.text)
 <LI><a href="#[ab]">qua_phai_xuong_bac_200_10_do</a> from main.o(.text) referenced from main.o(.text)
 <LI><a href="#[8b]">qua_phai_xuong_bac_200_12_xanh</a> from main.o(.text) referenced from main.o(.text)
 <LI><a href="#[a6]">qua_phai_xuong_bac_200_2_do</a> from main.o(.text) referenced from main.o(.text)
 <LI><a href="#[84]">qua_phai_xuong_bac_200_2_xanh</a> from main.o(.text) referenced from main.o(.text)
 <LI><a href="#[a7]">qua_phai_xuong_bac_200_4_do</a> from main.o(.text) referenced from main.o(.text)
 <LI><a href="#[a8]">qua_phai_xuong_bac_200_5_do</a> from main.o(.text) referenced from main.o(.text)
 <LI><a href="#[a9]">qua_phai_xuong_bac_200_7_do</a> from main.o(.text) referenced from main.o(.text)
 <LI><a href="#[89]">qua_phai_xuong_bac_200_9_xanh</a> from main.o(.text) referenced from main.o(.text)
 <LI><a href="#[a3]">qua_trai_len_bac_200_11_do</a> from main.o(.text) referenced from main.o(.text)
 <LI><a href="#[1ce]">qua_trai_len_bac_200_11_xanh</a> from main.o(.text) referenced from main.o(.text)
 <LI><a href="#[80]">qua_trai_len_bac_200_1_xanh</a> from main.o(.text) referenced from main.o(.text)
 <LI><a href="#[9e]">qua_trai_len_bac_200_3_do</a> from main.o(.text) referenced from main.o(.text)
 <LI><a href="#[9f]">qua_trai_len_bac_200_5_do</a> from main.o(.text) referenced from main.o(.text)
 <LI><a href="#[a0]">qua_trai_len_bac_200_6_do</a> from main.o(.text) referenced from main.o(.text)
 <LI><a href="#[a1]">qua_trai_len_bac_200_8_do</a> from main.o(.text) referenced from main.o(.text)
 <LI><a href="#[1cd]">qua_trai_len_bac_200_8_xanh</a> from main.o(.text) referenced from main.o(.text)
 <LI><a href="#[62]">qua_trai_len_bac_200_cua_vao</a> from main.o(.text) referenced from main.o(.text)
 <LI><a href="#[233]">qua_trai_len_bac_200_cua_vao_do</a> from main.o(.text) referenced from main.o(.text)
 <LI><a href="#[61]">qua_trai_len_bac_400</a> from main.o(.text) referenced from main.o(.text)
 <LI><a href="#[234]">qua_trai_len_bac_400_do</a> from main.o(.text) referenced from main.o(.text)
 <LI><a href="#[1cf]">qua_trai_xuong_bac_200_10_xanh</a> from main.o(.text) referenced from main.o(.text)
 <LI><a href="#[a4]">qua_trai_xuong_bac_200_12_do</a> from main.o(.text) referenced from main.o(.text)
 <LI><a href="#[9d]">qua_trai_xuong_bac_200_2_do</a> from main.o(.text) referenced from main.o(.text)
 <LI><a href="#[81]">qua_trai_xuong_bac_200_2_xanh</a> from main.o(.text) referenced from main.o(.text)
 <LI><a href="#[82]">qua_trai_xuong_bac_200_4_xanh</a> from main.o(.text) referenced from main.o(.text)
 <LI><a href="#[83]">qua_trai_xuong_bac_200_5_xanh</a> from main.o(.text) referenced from main.o(.text)
 <LI><a href="#[1cc]">qua_trai_xuong_bac_200_7_xanh</a> from main.o(.text) referenced from main.o(.text)
 <LI><a href="#[a2]">qua_trai_xuong_bac_200_9_do</a> from main.o(.text) referenced from main.o(.text)
 <LI><a href="#[b1]">taskDieuKhienCoCau</a> from main.o(.text) referenced from main.o(.text)
 <LI><a href="#[b2]">taskDieuKhienCoCau1</a> from main.o(.text) referenced from main.o(.text)
 <LI><a href="#[b4]">taskGyro</a> from main.o(.text) referenced from main.o(.text)
 <LI><a href="#[b3]">taskMain</a> from main.o(.text) referenced from main.o(.text)
 <LI><a href="#[b0]">taskRobotAnalytics</a> from main.o(.text) referenced from main.o(.text)
 <LI><a href="#[65]">vuot_rung_ve_homeTay_bac_200</a> from main.o(.text) referenced from main.o(.text)
 <LI><a href="#[90]">vuot_rung_ve_homeTay_bac_200_do</a> from main.o(.text) referenced from main.o(.text)
 <LI><a href="#[66]">vuot_rung_ve_homeTay_bac_400</a> from main.o(.text) referenced from main.o(.text)
 <LI><a href="#[91]">vuot_rung_ve_homeTay_bac_400_do</a> from main.o(.text) referenced from main.o(.text)
 <LI><a href="#[9b]">xuong_bac_200_11_do</a> from main.o(.text) referenced from main.o(.text)
 <LI><a href="#[9a]">xuong_bac_200_do_10</a> from main.o(.text) referenced from main.o(.text)
 <LI><a href="#[9c]">xuong_bac_200_do_12</a> from main.o(.text) referenced from main.o(.text)
 <LI><a href="#[7e]">xuong_bac_200_end</a> from main.o(.text) referenced from main.o(.text)
 <LI><a href="#[7d]">xuong_bac_200_xanh_10</a> from main.o(.text) referenced from main.o(.text)
 <LI><a href="#[7f]">xuong_bac_200_xanh_12</a> from main.o(.text) referenced from main.o(.text)
</UL>
<P>
<H3>
Global Symbols
</H3>
<P><STRONG><a name="[b6]"></a>__main</STRONG> (Thumb, 0 bytes, Stack size unknown bytes, entry.o(.ARM.Collect$$$$00000000))
<BR>[Address Reference Count : 1]<UL><LI> startup_stm32f4xx.o(.text)
</UL>
<P><STRONG><a name="[2f6]"></a>_main_stk</STRONG> (Thumb, 0 bytes, Stack size unknown bytes, entry2.o(.ARM.Collect$$$$00000001))

<P><STRONG><a name="[bb]"></a>_main_scatterload</STRONG> (Thumb, 0 bytes, Stack size unknown bytes, entry5.o(.ARM.Collect$$$$00000004))
<BR><BR>[Calls]<UL><LI><a href="#[bc]">&gt;&gt;</a>&nbsp;&nbsp;&nbsp;__scatterload
</UL>

<P><STRONG><a name="[2de]"></a>__main_after_scatterload</STRONG> (Thumb, 0 bytes, Stack size unknown bytes, entry5.o(.ARM.Collect$$$$00000004))
<BR><BR>[Called By]<UL><LI><a href="#[bc]">&gt;&gt;</a>&nbsp;&nbsp;&nbsp;__scatterload
</UL>

<P><STRONG><a name="[2f7]"></a>_main_clock</STRONG> (Thumb, 0 bytes, Stack size unknown bytes, entry7b.o(.ARM.Collect$$$$00000008))

<P><STRONG><a name="[2f8]"></a>_main_cpp_init</STRONG> (Thumb, 0 bytes, Stack size unknown bytes, entry8b.o(.ARM.Collect$$$$0000000A))

<P><STRONG><a name="[2f9]"></a>_main_init</STRONG> (Thumb, 0 bytes, Stack size unknown bytes, entry9a.o(.ARM.Collect$$$$0000000B))

<P><STRONG><a name="[2fa]"></a>__rt_final_cpp</STRONG> (Thumb, 0 bytes, Stack size unknown bytes, entry10a.o(.ARM.Collect$$$$0000000D))

<P><STRONG><a name="[2fb]"></a>__rt_final_exit</STRONG> (Thumb, 0 bytes, Stack size unknown bytes, entry11a.o(.ARM.Collect$$$$0000000F))

<P><STRONG><a name="[7]"></a>SVC_Handler</STRONG> (Thumb, 24 bytes, Stack size 0 bytes, port.o(.emb_text))
<BR>[Address Reference Count : 1]<UL><LI> startup_stm32f4xx.o(RESET)
</UL>
<P><STRONG><a name="[2bb]"></a>__asm___6_port_c_39a90d8d__prvStartFirstTask</STRONG> (Thumb, 16 bytes, Stack size 0 bytes, port.o(.emb_text))
<BR><BR>[Called By]<UL><LI><a href="#[2b8]">&gt;&gt;</a>&nbsp;&nbsp;&nbsp;xPortStartScheduler
</UL>

<P><STRONG><a name="[2ba]"></a>__asm___6_port_c_39a90d8d__prvEnableVFP</STRONG> (Thumb, 16 bytes, Stack size 0 bytes, port.o(.emb_text))
<BR><BR>[Called By]<UL><LI><a href="#[2b8]">&gt;&gt;</a>&nbsp;&nbsp;&nbsp;xPortStartScheduler
</UL>

<P><STRONG><a name="[9]"></a>PendSV_Handler</STRONG> (Thumb, 76 bytes, Stack size 0 bytes, port.o(.emb_text))
<BR><BR>[Stack]<UL><LI>Max Depth = 8<LI>Call Chain = PendSV_Handler &rArr; vTaskSwitchContext
</UL>
<BR>[Calls]<UL><LI><a href="#[bd]">&gt;&gt;</a>&nbsp;&nbsp;&nbsp;vTaskSwitchContext
</UL>
<BR>[Address Reference Count : 1]<UL><LI> startup_stm32f4xx.o(RESET)
</UL>
<P><STRONG><a name="[27e]"></a>ulPortSetInterruptMask</STRONG> (Thumb, 14 bytes, Stack size 0 bytes, port.o(.emb_text))
<BR><BR>[Called By]<UL><LI><a href="#[25a]">&gt;&gt;</a>&nbsp;&nbsp;&nbsp;xTaskGenericCreate
<LI><a href="#[261]">&gt;&gt;</a>&nbsp;&nbsp;&nbsp;vTaskStartScheduler
<LI><a href="#[2d0]">&gt;&gt;</a>&nbsp;&nbsp;&nbsp;xTaskGetTickCountFromISR
<LI><a href="#[2ce]">&gt;&gt;</a>&nbsp;&nbsp;&nbsp;vTaskEndScheduler
<LI><a href="#[2cb]">&gt;&gt;</a>&nbsp;&nbsp;&nbsp;xTaskResumeFromISR
<LI><a href="#[2ca]">&gt;&gt;</a>&nbsp;&nbsp;&nbsp;vTaskResume
<LI><a href="#[2c9]">&gt;&gt;</a>&nbsp;&nbsp;&nbsp;xTaskIsTaskSuspended
<LI><a href="#[2c7]">&gt;&gt;</a>&nbsp;&nbsp;&nbsp;vTaskPrioritySet
<LI><a href="#[2c5]">&gt;&gt;</a>&nbsp;&nbsp;&nbsp;vTaskDelayUntil
<LI><a href="#[2bc]">&gt;&gt;</a>&nbsp;&nbsp;&nbsp;vTaskIncrementTick
<LI><a href="#[a]">&gt;&gt;</a>&nbsp;&nbsp;&nbsp;SysTick_Handler
<LI><a href="#[bd]">&gt;&gt;</a>&nbsp;&nbsp;&nbsp;vTaskSwitchContext
<LI><a href="#[2b5]">&gt;&gt;</a>&nbsp;&nbsp;&nbsp;xTimerCreate
<LI><a href="#[2b4]">&gt;&gt;</a>&nbsp;&nbsp;&nbsp;xTimerCreateTimerTask
<LI><a href="#[2b0]">&gt;&gt;</a>&nbsp;&nbsp;&nbsp;prvProcessExpiredTimer
<LI><a href="#[2af]">&gt;&gt;</a>&nbsp;&nbsp;&nbsp;prvProcessReceivedCommands
<LI><a href="#[2ab]">&gt;&gt;</a>&nbsp;&nbsp;&nbsp;prvSwitchTimerLists
<LI><a href="#[292]">&gt;&gt;</a>&nbsp;&nbsp;&nbsp;xTaskResumeAll
<LI><a href="#[280]">&gt;&gt;</a>&nbsp;&nbsp;&nbsp;xTaskRemoveFromEventList
<LI><a href="#[290]">&gt;&gt;</a>&nbsp;&nbsp;&nbsp;xTaskCheckForTimeOut
<LI><a href="#[28e]">&gt;&gt;</a>&nbsp;&nbsp;&nbsp;vTaskSetTimeOutState
<LI><a href="#[2a6]">&gt;&gt;</a>&nbsp;&nbsp;&nbsp;vTaskPlaceOnEventListRestricted
<LI><a href="#[291]">&gt;&gt;</a>&nbsp;&nbsp;&nbsp;vTaskPlaceOnEventList
<LI><a href="#[27f]">&gt;&gt;</a>&nbsp;&nbsp;&nbsp;vPortEnterCritical
<LI><a href="#[2a4]">&gt;&gt;</a>&nbsp;&nbsp;&nbsp;xQueueIsQueueFullFromISR
<LI><a href="#[2a3]">&gt;&gt;</a>&nbsp;&nbsp;&nbsp;xQueueIsQueueEmptyFromISR
<LI><a href="#[2a1]">&gt;&gt;</a>&nbsp;&nbsp;&nbsp;vQueueDelete
<LI><a href="#[2a0]">&gt;&gt;</a>&nbsp;&nbsp;&nbsp;uxQueueMessagesWaitingFromISR
<LI><a href="#[29f]">&gt;&gt;</a>&nbsp;&nbsp;&nbsp;uxQueueMessagesWaiting
<LI><a href="#[29e]">&gt;&gt;</a>&nbsp;&nbsp;&nbsp;xQueueReceiveFromISR
<LI><a href="#[29c]">&gt;&gt;</a>&nbsp;&nbsp;&nbsp;xQueueGenericSendFromISR
<LI><a href="#[29b]">&gt;&gt;</a>&nbsp;&nbsp;&nbsp;xQueueCreateCountingSemaphore
<LI><a href="#[29a]">&gt;&gt;</a>&nbsp;&nbsp;&nbsp;xQueueTakeMutexRecursive
<LI><a href="#[298]">&gt;&gt;</a>&nbsp;&nbsp;&nbsp;xQueueGenericReceive
<LI><a href="#[294]">&gt;&gt;</a>&nbsp;&nbsp;&nbsp;xQueueGiveMutexRecursive
<LI><a href="#[293]">&gt;&gt;</a>&nbsp;&nbsp;&nbsp;xQueueCreateMutex
<LI><a href="#[28d]">&gt;&gt;</a>&nbsp;&nbsp;&nbsp;xQueueGenericSend
<LI><a href="#[284]">&gt;&gt;</a>&nbsp;&nbsp;&nbsp;xQueueGenericCreate
<LI><a href="#[27d]">&gt;&gt;</a>&nbsp;&nbsp;&nbsp;xQueueGenericReset
</UL>

<P><STRONG><a name="[29d]"></a>vPortClearInterruptMask</STRONG> (Thumb, 6 bytes, Stack size 0 bytes, port.o(.emb_text))
<BR><BR>[Called By]<UL><LI><a href="#[2d0]">&gt;&gt;</a>&nbsp;&nbsp;&nbsp;xTaskGetTickCountFromISR
<LI><a href="#[2cb]">&gt;&gt;</a>&nbsp;&nbsp;&nbsp;xTaskResumeFromISR
<LI><a href="#[a]">&gt;&gt;</a>&nbsp;&nbsp;&nbsp;SysTick_Handler
<LI><a href="#[283]">&gt;&gt;</a>&nbsp;&nbsp;&nbsp;vPortExitCritical
<LI><a href="#[29e]">&gt;&gt;</a>&nbsp;&nbsp;&nbsp;xQueueReceiveFromISR
<LI><a href="#[29c]">&gt;&gt;</a>&nbsp;&nbsp;&nbsp;xQueueGenericSendFromISR
</UL>

<P><STRONG><a name="[2]"></a>NMI_Handler</STRONG> (Thumb, 2 bytes, Stack size 0 bytes, stm32f4xx_it.o(.text))
<BR>[Address Reference Count : 1]<UL><LI> startup_stm32f4xx.o(RESET)
</UL>
<P><STRONG><a name="[3]"></a>HardFault_Handler</STRONG> (Thumb, 4 bytes, Stack size 0 bytes, stm32f4xx_it.o(.text))
<BR>[Address Reference Count : 1]<UL><LI> startup_stm32f4xx.o(RESET)
</UL>
<P><STRONG><a name="[4]"></a>MemManage_Handler</STRONG> (Thumb, 4 bytes, Stack size 0 bytes, stm32f4xx_it.o(.text))
<BR>[Address Reference Count : 1]<UL><LI> startup_stm32f4xx.o(RESET)
</UL>
<P><STRONG><a name="[5]"></a>BusFault_Handler</STRONG> (Thumb, 4 bytes, Stack size 0 bytes, stm32f4xx_it.o(.text))
<BR>[Address Reference Count : 1]<UL><LI> startup_stm32f4xx.o(RESET)
</UL>
<P><STRONG><a name="[6]"></a>UsageFault_Handler</STRONG> (Thumb, 4 bytes, Stack size 0 bytes, stm32f4xx_it.o(.text))
<BR>[Address Reference Count : 1]<UL><LI> startup_stm32f4xx.o(RESET)
</UL>
<P><STRONG><a name="[8]"></a>DebugMon_Handler</STRONG> (Thumb, 2 bytes, Stack size 0 bytes, stm32f4xx_it.o(.text))
<BR>[Address Reference Count : 1]<UL><LI> startup_stm32f4xx.o(RESET)
</UL>
<P><STRONG><a name="[30]"></a>USART1_IRQHandler</STRONG> (Thumb, 24 bytes, Stack size 8 bytes, stm32f4xx_it.o(.text))
<BR><BR>[Stack]<UL><LI>Max Depth = 24<LI>Call Chain = USART1_IRQHandler &rArr; USART_GetITStatus
</UL>
<BR>[Calls]<UL><LI><a href="#[be]">&gt;&gt;</a>&nbsp;&nbsp;&nbsp;USART_GetITStatus
<LI><a href="#[bf]">&gt;&gt;</a>&nbsp;&nbsp;&nbsp;USART_ClearFlag
</UL>
<BR>[Address Reference Count : 1]<UL><LI> startup_stm32f4xx.o(RESET)
</UL>
<P><STRONG><a name="[1a]"></a>DMA1_Stream4_IRQHandler</STRONG> (Thumb, 12 bytes, Stack size 8 bytes, stm32f4xx_it.o(.text))
<BR><BR>[Stack]<UL><LI>Max Depth = 8<LI>Call Chain = DMA1_Stream4_IRQHandler
</UL>
<BR>[Calls]<UL><LI><a href="#[c0]">&gt;&gt;</a>&nbsp;&nbsp;&nbsp;DMA_ClearITPendingBit
</UL>
<BR>[Address Reference Count : 1]<UL><LI> startup_stm32f4xx.o(RESET)
</UL>
<P><STRONG><a name="[1c]"></a>DMA1_Stream6_IRQHandler</STRONG> (Thumb, 26 bytes, Stack size 8 bytes, stm32f4xx_it.o(.text))
<BR><BR>[Stack]<UL><LI>Max Depth = 24<LI>Call Chain = DMA1_Stream6_IRQHandler &rArr; DMA_GetITStatus
</UL>
<BR>[Calls]<UL><LI><a href="#[c1]">&gt;&gt;</a>&nbsp;&nbsp;&nbsp;DMA_GetITStatus
<LI><a href="#[c0]">&gt;&gt;</a>&nbsp;&nbsp;&nbsp;DMA_ClearITPendingBit
</UL>
<BR>[Address Reference Count : 1]<UL><LI> startup_stm32f4xx.o(RESET)
</UL>
<P><STRONG><a name="[44]"></a>DMA2_Stream1_IRQHandler</STRONG> (Thumb, 52 bytes, Stack size 8 bytes, stm32f4xx_it.o(.text))
<BR><BR>[Stack]<UL><LI>Max Depth = 24<LI>Call Chain = DMA2_Stream1_IRQHandler &rArr; DMA_GetITStatus
</UL>
<BR>[Calls]<UL><LI><a href="#[c2]">&gt;&gt;</a>&nbsp;&nbsp;&nbsp;ProcessReceivedData
<LI><a href="#[c4]">&gt;&gt;</a>&nbsp;&nbsp;&nbsp;DMA_SetCurrDataCounter
<LI><a href="#[c1]">&gt;&gt;</a>&nbsp;&nbsp;&nbsp;DMA_GetITStatus
<LI><a href="#[c3]">&gt;&gt;</a>&nbsp;&nbsp;&nbsp;DMA_Cmd
<LI><a href="#[c0]">&gt;&gt;</a>&nbsp;&nbsp;&nbsp;DMA_ClearITPendingBit
</UL>
<BR>[Address Reference Count : 1]<UL><LI> startup_stm32f4xx.o(RESET)
</UL>
<P><STRONG><a name="[45]"></a>DMA2_Stream2_IRQHandler</STRONG> (Thumb, 50 bytes, Stack size 8 bytes, stm32f4xx_it.o(.text))
<BR><BR>[Stack]<UL><LI>Max Depth = 8<LI>Call Chain = DMA2_Stream2_IRQHandler
</UL>
<BR>[Calls]<UL><LI><a href="#[c0]">&gt;&gt;</a>&nbsp;&nbsp;&nbsp;DMA_ClearITPendingBit
</UL>
<BR>[Address Reference Count : 1]<UL><LI> startup_stm32f4xx.o(RESET)
</UL>
<P><STRONG><a name="[4f]"></a>DMA2_Stream5_IRQHandler</STRONG> (Thumb, 14 bytes, Stack size 8 bytes, stm32f4xx_it.o(.text))
<BR><BR>[Stack]<UL><LI>Max Depth = 8<LI>Call Chain = DMA2_Stream5_IRQHandler
</UL>
<BR>[Calls]<UL><LI><a href="#[c0]">&gt;&gt;</a>&nbsp;&nbsp;&nbsp;DMA_ClearITPendingBit
</UL>
<BR>[Address Reference Count : 1]<UL><LI> startup_stm32f4xx.o(RESET)
</UL>
<P><STRONG><a name="[17]"></a>DMA1_Stream1_IRQHandler</STRONG> (Thumb, 30 bytes, Stack size 8 bytes, stm32f4xx_it.o(.text))
<BR><BR>[Stack]<UL><LI>Max Depth = 288<LI>Call Chain = DMA1_Stream1_IRQHandler &rArr; gp_update_uart &rArr; __hardfp_atan2 &rArr; atan &rArr; __hardfp_atan &rArr; __kernel_poly &rArr; __aeabi_dmul &rArr; _double_epilogue &rArr; _double_round
</UL>
<BR>[Calls]<UL><LI><a href="#[c5]">&gt;&gt;</a>&nbsp;&nbsp;&nbsp;gp_update_uart
<LI><a href="#[c1]">&gt;&gt;</a>&nbsp;&nbsp;&nbsp;DMA_GetITStatus
<LI><a href="#[c0]">&gt;&gt;</a>&nbsp;&nbsp;&nbsp;DMA_ClearITPendingBit
</UL>
<BR>[Address Reference Count : 1]<UL><LI> startup_stm32f4xx.o(RESET)
</UL>
<P><STRONG><a name="[16]"></a>DMA1_Stream0_IRQHandler</STRONG> (Thumb, 30 bytes, Stack size 8 bytes, stm32f4xx_it.o(.text))
<BR><BR>[Stack]<UL><LI>Max Depth = 24<LI>Call Chain = DMA1_Stream0_IRQHandler &rArr; DMA_GetITStatus
</UL>
<BR>[Calls]<UL><LI><a href="#[c2]">&gt;&gt;</a>&nbsp;&nbsp;&nbsp;ProcessReceivedData
<LI><a href="#[c1]">&gt;&gt;</a>&nbsp;&nbsp;&nbsp;DMA_GetITStatus
<LI><a href="#[c0]">&gt;&gt;</a>&nbsp;&nbsp;&nbsp;DMA_ClearITPendingBit
</UL>
<BR>[Address Reference Count : 1]<UL><LI> startup_stm32f4xx.o(RESET)
</UL>
<P><STRONG><a name="[3a]"></a>DMA1_Stream7_IRQHandler</STRONG> (Thumb, 36 bytes, Stack size 8 bytes, stm32f4xx_it.o(.text))
<BR><BR>[Stack]<UL><LI>Max Depth = 24<LI>Call Chain = DMA1_Stream7_IRQHandler &rArr; DMA_GetITStatus
</UL>
<BR>[Calls]<UL><LI><a href="#[c1]">&gt;&gt;</a>&nbsp;&nbsp;&nbsp;DMA_GetITStatus
<LI><a href="#[c3]">&gt;&gt;</a>&nbsp;&nbsp;&nbsp;DMA_Cmd
<LI><a href="#[c0]">&gt;&gt;</a>&nbsp;&nbsp;&nbsp;DMA_ClearITPendingBit
</UL>
<BR>[Address Reference Count : 1]<UL><LI> startup_stm32f4xx.o(RESET)
</UL>
<P><STRONG><a name="[18]"></a>DMA1_Stream2_IRQHandler</STRONG> (Thumb, 60 bytes, Stack size 8 bytes, stm32f4xx_it.o(.text))
<BR><BR>[Stack]<UL><LI>Max Depth = 72<LI>Call Chain = DMA1_Stream2_IRQHandler &rArr; ProcessReceivedData_2 &rArr; moqua &rArr; vTaskDelay &rArr; xTaskResumeAll &rArr; vTaskIncrementTick
</UL>
<BR>[Calls]<UL><LI><a href="#[c6]">&gt;&gt;</a>&nbsp;&nbsp;&nbsp;ProcessReceivedData_2
<LI><a href="#[c4]">&gt;&gt;</a>&nbsp;&nbsp;&nbsp;DMA_SetCurrDataCounter
<LI><a href="#[c1]">&gt;&gt;</a>&nbsp;&nbsp;&nbsp;DMA_GetITStatus
<LI><a href="#[c3]">&gt;&gt;</a>&nbsp;&nbsp;&nbsp;DMA_Cmd
<LI><a href="#[c0]">&gt;&gt;</a>&nbsp;&nbsp;&nbsp;DMA_ClearITPendingBit
</UL>
<BR>[Address Reference Count : 1]<UL><LI> startup_stm32f4xx.o(RESET)
</UL>
<P><STRONG><a name="[41]"></a>TIM6_DAC_IRQHandler</STRONG> (Thumb, 12 bytes, Stack size 8 bytes, stm32f4xx_it.o(.text))
<BR><BR>[Stack]<UL><LI>Max Depth = 8<LI>Call Chain = TIM6_DAC_IRQHandler
</UL>
<BR>[Calls]<UL><LI><a href="#[c7]">&gt;&gt;</a>&nbsp;&nbsp;&nbsp;TIM_ClearITPendingBit
</UL>
<BR>[Address Reference Count : 1]<UL><LI> startup_stm32f4xx.o(RESET)
</UL>
<P><STRONG><a name="[42]"></a>TIM7_IRQHandler</STRONG> (Thumb, 34 bytes, Stack size 8 bytes, stm32f4xx_it.o(.text))
<BR><BR>[Stack]<UL><LI>Max Depth = 8<LI>Call Chain = TIM7_IRQHandler
</UL>
<BR>[Calls]<UL><LI><a href="#[c8]">&gt;&gt;</a>&nbsp;&nbsp;&nbsp;USART_Cmd
<LI><a href="#[c7]">&gt;&gt;</a>&nbsp;&nbsp;&nbsp;TIM_ClearITPendingBit
</UL>
<BR>[Address Reference Count : 1]<UL><LI> startup_stm32f4xx.o(RESET)
</UL>
<P><STRONG><a name="[24]"></a>TIM1_UP_TIM10_IRQHandler</STRONG> (Thumb, 44 bytes, Stack size 8 bytes, stm32f4xx_it.o(.text))
<BR><BR>[Stack]<UL><LI>Max Depth = 8<LI>Call Chain = TIM1_UP_TIM10_IRQHandler
</UL>
<BR>[Calls]<UL><LI><a href="#[c7]">&gt;&gt;</a>&nbsp;&nbsp;&nbsp;TIM_ClearITPendingBit
</UL>
<BR>[Address Reference Count : 1]<UL><LI> startup_stm32f4xx.o(RESET)
</UL>
<P><STRONG><a name="[25]"></a>TIM1_TRG_COM_TIM11_IRQHandler</STRONG> (Thumb, 2 bytes, Stack size 0 bytes, stm32f4xx_it.o(.text))
<BR>[Address Reference Count : 1]<UL><LI> startup_stm32f4xx.o(RESET)
</UL>
<P><STRONG><a name="[27]"></a>TIM2_IRQHandler</STRONG> (Thumb, 46 bytes, Stack size 8 bytes, stm32f4xx_it.o(.text))
<BR><BR>[Stack]<UL><LI>Max Depth = 8<LI>Call Chain = TIM2_IRQHandler
</UL>
<BR>[Calls]<UL><LI><a href="#[c7]">&gt;&gt;</a>&nbsp;&nbsp;&nbsp;TIM_ClearITPendingBit
</UL>
<BR>[Address Reference Count : 1]<UL><LI> startup_stm32f4xx.o(RESET)
</UL>
<P><STRONG><a name="[28]"></a>TIM3_IRQHandler</STRONG> (Thumb, 44 bytes, Stack size 8 bytes, stm32f4xx_it.o(.text))
<BR><BR>[Stack]<UL><LI>Max Depth = 8<LI>Call Chain = TIM3_IRQHandler
</UL>
<BR>[Calls]<UL><LI><a href="#[c7]">&gt;&gt;</a>&nbsp;&nbsp;&nbsp;TIM_ClearITPendingBit
</UL>
<BR>[Address Reference Count : 1]<UL><LI> startup_stm32f4xx.o(RESET)
</UL>
<P><STRONG><a name="[29]"></a>TIM4_IRQHandler</STRONG> (Thumb, 44 bytes, Stack size 8 bytes, stm32f4xx_it.o(.text))
<BR><BR>[Stack]<UL><LI>Max Depth = 8<LI>Call Chain = TIM4_IRQHandler
</UL>
<BR>[Calls]<UL><LI><a href="#[c7]">&gt;&gt;</a>&nbsp;&nbsp;&nbsp;TIM_ClearITPendingBit
</UL>
<BR>[Address Reference Count : 1]<UL><LI> startup_stm32f4xx.o(RESET)
</UL>
<P><STRONG><a name="[3d]"></a>TIM5_IRQHandler</STRONG> (Thumb, 44 bytes, Stack size 8 bytes, stm32f4xx_it.o(.text))
<BR><BR>[Stack]<UL><LI>Max Depth = 8<LI>Call Chain = TIM5_IRQHandler
</UL>
<BR>[Calls]<UL><LI><a href="#[c7]">&gt;&gt;</a>&nbsp;&nbsp;&nbsp;TIM_ClearITPendingBit
</UL>
<BR>[Address Reference Count : 1]<UL><LI> startup_stm32f4xx.o(RESET)
</UL>
<P><STRONG><a name="[2e]"></a>SPI1_IRQHandler</STRONG> (Thumb, 2 bytes, Stack size 0 bytes, stm32f4xx_it.o(.text))
<BR>[Address Reference Count : 1]<UL><LI> startup_stm32f4xx.o(RESET)
</UL>
<P><STRONG><a name="[3e]"></a>SPI3_IRQHandler</STRONG> (Thumb, 2 bytes, Stack size 0 bytes, stm32f4xx_it.o(.text))
<BR>[Address Reference Count : 1]<UL><LI> startup_stm32f4xx.o(RESET)
</UL>
<P><STRONG><a name="[13]"></a>EXTI2_IRQHandler</STRONG> (Thumb, 68 bytes, Stack size 8 bytes, stm32f4xx_it.o(.text))
<BR><BR>[Stack]<UL><LI>Max Depth = 8<LI>Call Chain = EXTI2_IRQHandler
</UL>
<BR>[Calls]<UL><LI><a href="#[cc]">&gt;&gt;</a>&nbsp;&nbsp;&nbsp;TIM_SetCounter
<LI><a href="#[cd]">&gt;&gt;</a>&nbsp;&nbsp;&nbsp;TIM_GetCounter
<LI><a href="#[ca]">&gt;&gt;</a>&nbsp;&nbsp;&nbsp;GPIO_ToggleBits
<LI><a href="#[cb]">&gt;&gt;</a>&nbsp;&nbsp;&nbsp;GPIO_ReadInputDataBit
<LI><a href="#[c9]">&gt;&gt;</a>&nbsp;&nbsp;&nbsp;EXTI_GetITStatus
</UL>
<BR>[Address Reference Count : 1]<UL><LI> startup_stm32f4xx.o(RESET)
</UL>
<P><STRONG><a name="[14]"></a>EXTI3_IRQHandler</STRONG> (Thumb, 2 bytes, Stack size 0 bytes, stm32f4xx_it.o(.text))
<BR>[Address Reference Count : 1]<UL><LI> startup_stm32f4xx.o(RESET)
</UL>
<P><STRONG><a name="[ce]"></a>HMI_ky_tu</STRONG> (Thumb, 68 bytes, Stack size 16 bytes, main.o(.text))
<BR><BR>[Stack]<UL><LI>Max Depth = 24<LI>Call Chain = HMI_ky_tu &rArr; strcmp
</UL>
<BR>[Calls]<UL><LI><a href="#[c3]">&gt;&gt;</a>&nbsp;&nbsp;&nbsp;DMA_Cmd
<LI><a href="#[d0]">&gt;&gt;</a>&nbsp;&nbsp;&nbsp;strcmp
<LI><a href="#[cf]">&gt;&gt;</a>&nbsp;&nbsp;&nbsp;strlen
<LI><a href="#[d1]">&gt;&gt;</a>&nbsp;&nbsp;&nbsp;strncpy
</UL>
<BR>[Called By]<UL><LI><a href="#[de]">&gt;&gt;</a>&nbsp;&nbsp;&nbsp;HMI_DMI_CHI_GUI_SO
<LI><a href="#[dd]">&gt;&gt;</a>&nbsp;&nbsp;&nbsp;HMI_PUT_j
<LI><a href="#[dc]">&gt;&gt;</a>&nbsp;&nbsp;&nbsp;HMI_PUTS
<LI><a href="#[da]">&gt;&gt;</a>&nbsp;&nbsp;&nbsp;HMI_DMI
</UL>

<P><STRONG><a name="[d2]"></a>HMISends</STRONG> (Thumb, 44 bytes, Stack size 16 bytes, main.o(.text), UNUSED)
<BR><BR>[Calls]<UL><LI><a href="#[d3]">&gt;&gt;</a>&nbsp;&nbsp;&nbsp;USART_SendData
<LI><a href="#[d4]">&gt;&gt;</a>&nbsp;&nbsp;&nbsp;USART_GetFlagStatus
</UL>
<BR>[Called By]<UL><LI><a href="#[d8]">&gt;&gt;</a>&nbsp;&nbsp;&nbsp;gui_chu
<LI><a href="#[d6]">&gt;&gt;</a>&nbsp;&nbsp;&nbsp;gui_so
</UL>

<P><STRONG><a name="[d5]"></a>HMISendb</STRONG> (Thumb, 48 bytes, Stack size 16 bytes, main.o(.text), UNUSED)
<BR><BR>[Calls]<UL><LI><a href="#[d3]">&gt;&gt;</a>&nbsp;&nbsp;&nbsp;USART_SendData
<LI><a href="#[d4]">&gt;&gt;</a>&nbsp;&nbsp;&nbsp;USART_GetFlagStatus
</UL>
<BR>[Called By]<UL><LI><a href="#[d8]">&gt;&gt;</a>&nbsp;&nbsp;&nbsp;gui_chu
<LI><a href="#[d6]">&gt;&gt;</a>&nbsp;&nbsp;&nbsp;gui_so
</UL>

<P><STRONG><a name="[d6]"></a>gui_so</STRONG> (Thumb, 84 bytes, Stack size 16 bytes, main.o(.text), UNUSED)
<BR><BR>[Calls]<UL><LI><a href="#[d5]">&gt;&gt;</a>&nbsp;&nbsp;&nbsp;HMISendb
<LI><a href="#[d2]">&gt;&gt;</a>&nbsp;&nbsp;&nbsp;HMISends
<LI><a href="#[d7]">&gt;&gt;</a>&nbsp;&nbsp;&nbsp;__2snprintf
</UL>

<P><STRONG><a name="[d8]"></a>gui_chu</STRONG> (Thumb, 54 bytes, Stack size 16 bytes, main.o(.text), UNUSED)
<BR><BR>[Calls]<UL><LI><a href="#[d5]">&gt;&gt;</a>&nbsp;&nbsp;&nbsp;HMISendb
<LI><a href="#[d2]">&gt;&gt;</a>&nbsp;&nbsp;&nbsp;HMISends
<LI><a href="#[d9]">&gt;&gt;</a>&nbsp;&nbsp;&nbsp;__2sprintf
</UL>

<P><STRONG><a name="[da]"></a>HMI_DMI</STRONG> (Thumb, 166 bytes, Stack size 48 bytes, main.o(.text))
<BR><BR>[Stack]<UL><LI>Max Depth = 72<LI>Call Chain = HMI_DMI &rArr; HMI_ky_tu &rArr; strcmp
</UL>
<BR>[Calls]<UL><LI><a href="#[ce]">&gt;&gt;</a>&nbsp;&nbsp;&nbsp;HMI_ky_tu
<LI><a href="#[db]">&gt;&gt;</a>&nbsp;&nbsp;&nbsp;strcat
<LI><a href="#[d9]">&gt;&gt;</a>&nbsp;&nbsp;&nbsp;__2sprintf
</UL>
<BR>[Called By]<UL><LI><a href="#[126]">&gt;&gt;</a>&nbsp;&nbsp;&nbsp;HMI_TRAN
</UL>

<P><STRONG><a name="[dc]"></a>HMI_PUTS</STRONG> (Thumb, 160 bytes, Stack size 48 bytes, main.o(.text))
<BR><BR>[Stack]<UL><LI>Max Depth = 72<LI>Call Chain = HMI_PUTS &rArr; HMI_ky_tu &rArr; strcmp
</UL>
<BR>[Calls]<UL><LI><a href="#[ce]">&gt;&gt;</a>&nbsp;&nbsp;&nbsp;HMI_ky_tu
<LI><a href="#[db]">&gt;&gt;</a>&nbsp;&nbsp;&nbsp;strcat
<LI><a href="#[d9]">&gt;&gt;</a>&nbsp;&nbsp;&nbsp;__2sprintf
</UL>
<BR>[Called By]<UL><LI><a href="#[126]">&gt;&gt;</a>&nbsp;&nbsp;&nbsp;HMI_TRAN
</UL>

<P><STRONG><a name="[dd]"></a>HMI_PUT_j</STRONG> (Thumb, 26 bytes, Stack size 64 bytes, main.o(.text), UNUSED)
<BR><BR>[Calls]<UL><LI><a href="#[ce]">&gt;&gt;</a>&nbsp;&nbsp;&nbsp;HMI_ky_tu
<LI><a href="#[d7]">&gt;&gt;</a>&nbsp;&nbsp;&nbsp;__2snprintf
</UL>

<P><STRONG><a name="[de]"></a>HMI_DMI_CHI_GUI_SO</STRONG> (Thumb, 156 bytes, Stack size 40 bytes, main.o(.text), UNUSED)
<BR><BR>[Calls]<UL><LI><a href="#[ce]">&gt;&gt;</a>&nbsp;&nbsp;&nbsp;HMI_ky_tu
<LI><a href="#[db]">&gt;&gt;</a>&nbsp;&nbsp;&nbsp;strcat
<LI><a href="#[d9]">&gt;&gt;</a>&nbsp;&nbsp;&nbsp;__2sprintf
</UL>

<P><STRONG><a name="[c5]"></a>gp_update_uart</STRONG> (Thumb, 444 bytes, Stack size 64 bytes, main.o(.text))
<BR><BR>[Stack]<UL><LI>Max Depth = 280<LI>Call Chain = gp_update_uart &rArr; __hardfp_atan2 &rArr; atan &rArr; __hardfp_atan &rArr; __kernel_poly &rArr; __aeabi_dmul &rArr; _double_epilogue &rArr; _double_round
</UL>
<BR>[Calls]<UL><LI><a href="#[c8]">&gt;&gt;</a>&nbsp;&nbsp;&nbsp;USART_Cmd
<LI><a href="#[df]">&gt;&gt;</a>&nbsp;&nbsp;&nbsp;__aeabi_f2d
<LI><a href="#[e1]">&gt;&gt;</a>&nbsp;&nbsp;&nbsp;__aeabi_dmul
<LI><a href="#[e2]">&gt;&gt;</a>&nbsp;&nbsp;&nbsp;__aeabi_d2iz
<LI><a href="#[e0]">&gt;&gt;</a>&nbsp;&nbsp;&nbsp;__hardfp_atan2
</UL>
<BR>[Called By]<UL><LI><a href="#[17]">&gt;&gt;</a>&nbsp;&nbsp;&nbsp;DMA1_Stream1_IRQHandler
</UL>

<P><STRONG><a name="[2fc]"></a>gp_get_mode_uart</STRONG> (Thumb, 30 bytes, Stack size 0 bytes, main.o(.text), UNUSED)

<P><STRONG><a name="[156]"></a>wantExit</STRONG> (Thumb, 18 bytes, Stack size 0 bytes, main.o(.text))
<BR><BR>[Called By]<UL><LI><a href="#[191]">&gt;&gt;</a>&nbsp;&nbsp;&nbsp;ha_tay_1
<LI><a href="#[190]">&gt;&gt;</a>&nbsp;&nbsp;&nbsp;Gap_tay4_thang
<LI><a href="#[18f]">&gt;&gt;</a>&nbsp;&nbsp;&nbsp;ha_tay_4
<LI><a href="#[18b]">&gt;&gt;</a>&nbsp;&nbsp;&nbsp;Ktra_vtri_kep3_trai
<LI><a href="#[18a]">&gt;&gt;</a>&nbsp;&nbsp;&nbsp;Ktra_vtri_kep3_phai
<LI><a href="#[189]">&gt;&gt;</a>&nbsp;&nbsp;&nbsp;Ktra_vtri_kep3
<LI><a href="#[188]">&gt;&gt;</a>&nbsp;&nbsp;&nbsp;gap_tay2_bac_400
<LI><a href="#[186]">&gt;&gt;</a>&nbsp;&nbsp;&nbsp;Ktra_vtri_kep2_trai
<LI><a href="#[185]">&gt;&gt;</a>&nbsp;&nbsp;&nbsp;Ktra_vtri_kep2_phai
<LI><a href="#[184]">&gt;&gt;</a>&nbsp;&nbsp;&nbsp;Ktra_vtri_kep2
<LI><a href="#[183]">&gt;&gt;</a>&nbsp;&nbsp;&nbsp;gap_tay1_bac_400
<LI><a href="#[181]">&gt;&gt;</a>&nbsp;&nbsp;&nbsp;Ktra_vtri_kep1_trai
<LI><a href="#[180]">&gt;&gt;</a>&nbsp;&nbsp;&nbsp;Ktra_vtri_kep1_phai
<LI><a href="#[17f]">&gt;&gt;</a>&nbsp;&nbsp;&nbsp;Ktra_vtri_kep1
<LI><a href="#[17d]">&gt;&gt;</a>&nbsp;&nbsp;&nbsp;gap_tay4_bac_400
<LI><a href="#[17b]">&gt;&gt;</a>&nbsp;&nbsp;&nbsp;Ktra_vtri_kep4_trai
<LI><a href="#[17a]">&gt;&gt;</a>&nbsp;&nbsp;&nbsp;Ktra_vtri_kep4_phai
<LI><a href="#[179]">&gt;&gt;</a>&nbsp;&nbsp;&nbsp;Ktra_vtri_kep4
<LI><a href="#[178]">&gt;&gt;</a>&nbsp;&nbsp;&nbsp;su_dung_mam_xoay
<LI><a href="#[176]">&gt;&gt;</a>&nbsp;&nbsp;&nbsp;vehome
<LI><a href="#[175]">&gt;&gt;</a>&nbsp;&nbsp;&nbsp;leodoc2
<LI><a href="#[174]">&gt;&gt;</a>&nbsp;&nbsp;&nbsp;leodoc1
<LI><a href="#[16d]">&gt;&gt;</a>&nbsp;&nbsp;&nbsp;Xuong_bac_400
<LI><a href="#[63]">&gt;&gt;</a>&nbsp;&nbsp;&nbsp;qua_phai_len_bac_200_cua_vao
<LI><a href="#[62]">&gt;&gt;</a>&nbsp;&nbsp;&nbsp;qua_trai_len_bac_200_cua_vao
<LI><a href="#[64]">&gt;&gt;</a>&nbsp;&nbsp;&nbsp;qua_phai_len_bac_400
<LI><a href="#[61]">&gt;&gt;</a>&nbsp;&nbsp;&nbsp;qua_trai_len_bac_400
<LI><a href="#[16b]">&gt;&gt;</a>&nbsp;&nbsp;&nbsp;chinh_lai_vi_tri_laser_phai_custom
<LI><a href="#[7e]">&gt;&gt;</a>&nbsp;&nbsp;&nbsp;xuong_bac_200_end
<LI><a href="#[7d]">&gt;&gt;</a>&nbsp;&nbsp;&nbsp;xuong_bac_200_xanh_10
<LI><a href="#[16a]">&gt;&gt;</a>&nbsp;&nbsp;&nbsp;chuan_bi_gap_phai_200_tren_7_10
<LI><a href="#[77]">&gt;&gt;</a>&nbsp;&nbsp;&nbsp;Leo_bac_400_co_thanh
<LI><a href="#[169]">&gt;&gt;</a>&nbsp;&nbsp;&nbsp;chuan_bi_gap_trai_200_duoi_5
<LI><a href="#[168]">&gt;&gt;</a>&nbsp;&nbsp;&nbsp;chuan_bi_gap_thang_xanh_3
<LI><a href="#[75]">&gt;&gt;</a>&nbsp;&nbsp;&nbsp;Leo_bac_400_ko_thanh
<LI><a href="#[167]">&gt;&gt;</a>&nbsp;&nbsp;&nbsp;Leo_bac_400
<LI><a href="#[7a]">&gt;&gt;</a>&nbsp;&nbsp;&nbsp;Leo_bac_200_ko_thanh
<LI><a href="#[166]">&gt;&gt;</a>&nbsp;&nbsp;&nbsp;chuan_bi_gap_trai_200_duoi_ko_thanh
<LI><a href="#[165]">&gt;&gt;</a>&nbsp;&nbsp;&nbsp;chuan_bi_gap_phai_200_duoi_ko_thanh
<LI><a href="#[163]">&gt;&gt;</a>&nbsp;&nbsp;&nbsp;chuan_bi_gap_trai_200_tren_8
<LI><a href="#[76]">&gt;&gt;</a>&nbsp;&nbsp;&nbsp;Leo_bac_200_bam_thanh_phai
<LI><a href="#[162]">&gt;&gt;</a>&nbsp;&nbsp;&nbsp;chuan_bi_gap_phai_200_tren_3
<LI><a href="#[160]">&gt;&gt;</a>&nbsp;&nbsp;&nbsp;chinh_lai_vi_tri_laser_trai
<LI><a href="#[15f]">&gt;&gt;</a>&nbsp;&nbsp;&nbsp;chuan_bi_gap_trai_200_tren_1
<LI><a href="#[15e]">&gt;&gt;</a>&nbsp;&nbsp;&nbsp;chuan_bi_thang_xanh_2
<LI><a href="#[15d]">&gt;&gt;</a>&nbsp;&nbsp;&nbsp;MD_qua_trai_phai_xuong_bac_200
<LI><a href="#[15c]">&gt;&gt;</a>&nbsp;&nbsp;&nbsp;Xuong_bac_200
<LI><a href="#[15b]">&gt;&gt;</a>&nbsp;&nbsp;&nbsp;MD_qua_trai_phai_len_bac_200
<LI><a href="#[15a]">&gt;&gt;</a>&nbsp;&nbsp;&nbsp;dung_cho_khoi_r1_ben_canh
<LI><a href="#[158]">&gt;&gt;</a>&nbsp;&nbsp;&nbsp;Leo_bac_200
<LI><a href="#[157]">&gt;&gt;</a>&nbsp;&nbsp;&nbsp;di_tren_buc_khong_thanh_2_ben
<LI><a href="#[155]">&gt;&gt;</a>&nbsp;&nbsp;&nbsp;ve_home_2_tay
<LI><a href="#[24c]">&gt;&gt;</a>&nbsp;&nbsp;&nbsp;Ktra_vtri_kep4_do
<LI><a href="#[24b]">&gt;&gt;</a>&nbsp;&nbsp;&nbsp;chinh_lai_vi_tri_laser_trai_custom_do
<LI><a href="#[24a]">&gt;&gt;</a>&nbsp;&nbsp;&nbsp;chinh_lai_vi_tri_VK_do
<LI><a href="#[249]">&gt;&gt;</a>&nbsp;&nbsp;&nbsp;test_retry
<LI><a href="#[248]">&gt;&gt;</a>&nbsp;&nbsp;&nbsp;bat_dau_chay_do
<LI><a href="#[247]">&gt;&gt;</a>&nbsp;&nbsp;&nbsp;nhat_hop_zone3_do
<LI><a href="#[245]">&gt;&gt;</a>&nbsp;&nbsp;&nbsp;chon_o_nhat_hop_do
<LI><a href="#[244]">&gt;&gt;</a>&nbsp;&nbsp;&nbsp;bieu_dien
<LI><a href="#[243]">&gt;&gt;</a>&nbsp;&nbsp;&nbsp;retry_zone2_do
<LI><a href="#[242]">&gt;&gt;</a>&nbsp;&nbsp;&nbsp;tudonghoantoan_san_do
<LI><a href="#[241]">&gt;&gt;</a>&nbsp;&nbsp;&nbsp;check_dat_hop_tren_T2_do
<LI><a href="#[23f]">&gt;&gt;</a>&nbsp;&nbsp;&nbsp;tu_dong_dat_tang2_do
<LI><a href="#[23c]">&gt;&gt;</a>&nbsp;&nbsp;&nbsp;retry_zone_3_o_3_do
<LI><a href="#[23b]">&gt;&gt;</a>&nbsp;&nbsp;&nbsp;retry_zone_3_o_2_do
<LI><a href="#[23a]">&gt;&gt;</a>&nbsp;&nbsp;&nbsp;retry_zone_3_o_1_do
<LI><a href="#[239]">&gt;&gt;</a>&nbsp;&nbsp;&nbsp;mo_vk_san_do
<LI><a href="#[238]">&gt;&gt;</a>&nbsp;&nbsp;&nbsp;dat_full_tang_2_do
<LI><a href="#[237]">&gt;&gt;</a>&nbsp;&nbsp;&nbsp;chuan_bi_dat_tang_3_do
<LI><a href="#[236]">&gt;&gt;</a>&nbsp;&nbsp;&nbsp;chinh_lai_vi_tri_laser_phai_do
<LI><a href="#[234]">&gt;&gt;</a>&nbsp;&nbsp;&nbsp;qua_trai_len_bac_400_do
<LI><a href="#[233]">&gt;&gt;</a>&nbsp;&nbsp;&nbsp;qua_trai_len_bac_200_cua_vao_do
<LI><a href="#[232]">&gt;&gt;</a>&nbsp;&nbsp;&nbsp;qua_phai_len_bac_200_cua_vao_do
<LI><a href="#[231]">&gt;&gt;</a>&nbsp;&nbsp;&nbsp;qua_phai_len_bac_400_do
<LI><a href="#[22e]">&gt;&gt;</a>&nbsp;&nbsp;&nbsp;Lay_ben_trai_bac_200_tren_do_5_6
<LI><a href="#[22d]">&gt;&gt;</a>&nbsp;&nbsp;&nbsp;Lay_ben_trai_bac_200_tren_do_7_10
<LI><a href="#[227]">&gt;&gt;</a>&nbsp;&nbsp;&nbsp;Lay_ben_phai_bac_200_duoi_do_6
<LI><a href="#[224]">&gt;&gt;</a>&nbsp;&nbsp;&nbsp;Leo_bac_400_ko_thanh_do
<LI><a href="#[93]">&gt;&gt;</a>&nbsp;&nbsp;&nbsp;Leo_bac_200_bam_thanh_phai_do
<LI><a href="#[94]">&gt;&gt;</a>&nbsp;&nbsp;&nbsp;Leo_bac_400_co_thanh_do
<LI><a href="#[95]">&gt;&gt;</a>&nbsp;&nbsp;&nbsp;Xuong_bac_200_do_4
<LI><a href="#[96]">&gt;&gt;</a>&nbsp;&nbsp;&nbsp;Leo_bac_200_do_5
<LI><a href="#[98]">&gt;&gt;</a>&nbsp;&nbsp;&nbsp;Leo_bac_200_do_7
<LI><a href="#[97]">&gt;&gt;</a>&nbsp;&nbsp;&nbsp;Leo_bac_200_ko_thanh_do
<LI><a href="#[99]">&gt;&gt;</a>&nbsp;&nbsp;&nbsp;Xuong_bac_200_do_9
<LI><a href="#[9a]">&gt;&gt;</a>&nbsp;&nbsp;&nbsp;xuong_bac_200_do_10
<LI><a href="#[9b]">&gt;&gt;</a>&nbsp;&nbsp;&nbsp;xuong_bac_200_11_do
<LI><a href="#[9c]">&gt;&gt;</a>&nbsp;&nbsp;&nbsp;xuong_bac_200_do_12
<LI><a href="#[9d]">&gt;&gt;</a>&nbsp;&nbsp;&nbsp;qua_trai_xuong_bac_200_2_do
<LI><a href="#[9e]">&gt;&gt;</a>&nbsp;&nbsp;&nbsp;qua_trai_len_bac_200_3_do
<LI><a href="#[223]">&gt;&gt;</a>&nbsp;&nbsp;&nbsp;chuan_bi_gap_thang_do_3
<LI><a href="#[9f]">&gt;&gt;</a>&nbsp;&nbsp;&nbsp;qua_trai_len_bac_200_5_do
<LI><a href="#[a0]">&gt;&gt;</a>&nbsp;&nbsp;&nbsp;qua_trai_len_bac_200_6_do
<LI><a href="#[a1]">&gt;&gt;</a>&nbsp;&nbsp;&nbsp;qua_trai_len_bac_200_8_do
<LI><a href="#[a2]">&gt;&gt;</a>&nbsp;&nbsp;&nbsp;qua_trai_xuong_bac_200_9_do
<LI><a href="#[222]">&gt;&gt;</a>&nbsp;&nbsp;&nbsp;chuan_bi_gap_thang_do_9
<LI><a href="#[a3]">&gt;&gt;</a>&nbsp;&nbsp;&nbsp;qua_trai_len_bac_200_11_do
<LI><a href="#[a4]">&gt;&gt;</a>&nbsp;&nbsp;&nbsp;qua_trai_xuong_bac_200_12_do
<LI><a href="#[221]">&gt;&gt;</a>&nbsp;&nbsp;&nbsp;chuan_bi_gap_phai_200_tren_do
<LI><a href="#[a5]">&gt;&gt;</a>&nbsp;&nbsp;&nbsp;qua_phai_len_bac_200_1_do
<LI><a href="#[a6]">&gt;&gt;</a>&nbsp;&nbsp;&nbsp;qua_phai_xuong_bac_200_2_do
<LI><a href="#[220]">&gt;&gt;</a>&nbsp;&nbsp;&nbsp;chuan_bi_gap_thang_do_2
<LI><a href="#[21f]">&gt;&gt;</a>&nbsp;&nbsp;&nbsp;chuan_bi_gap_phai_200_tren_2_do
<LI><a href="#[21e]">&gt;&gt;</a>&nbsp;&nbsp;&nbsp;chinh_lai_vi_tri_laser_trai_do
<LI><a href="#[21d]">&gt;&gt;</a>&nbsp;&nbsp;&nbsp;chuan_bi_gap_trai_200_tren_2_do
<LI><a href="#[a7]">&gt;&gt;</a>&nbsp;&nbsp;&nbsp;qua_phai_xuong_bac_200_4_do
<LI><a href="#[a8]">&gt;&gt;</a>&nbsp;&nbsp;&nbsp;qua_phai_xuong_bac_200_5_do
<LI><a href="#[21c]">&gt;&gt;</a>&nbsp;&nbsp;&nbsp;chuan_bi_gap_thang_do_4
<LI><a href="#[21b]">&gt;&gt;</a>&nbsp;&nbsp;&nbsp;chuan_bi_gap_trai_200_tren_do_4
<LI><a href="#[21a]">&gt;&gt;</a>&nbsp;&nbsp;&nbsp;chuan_bi_gap_phai_200_duoi_do_5
<LI><a href="#[a9]">&gt;&gt;</a>&nbsp;&nbsp;&nbsp;qua_phai_xuong_bac_200_7_do
<LI><a href="#[219]">&gt;&gt;</a>&nbsp;&nbsp;&nbsp;chuan_bi_gap_thang_do_7
<LI><a href="#[aa]">&gt;&gt;</a>&nbsp;&nbsp;&nbsp;qua_phai_len_bac_200_8_do
<LI><a href="#[218]">&gt;&gt;</a>&nbsp;&nbsp;&nbsp;di_tren_buc_khong_thanh_2_ben_do
<LI><a href="#[ab]">&gt;&gt;</a>&nbsp;&nbsp;&nbsp;qua_phai_xuong_bac_200_10_do
<LI><a href="#[217]">&gt;&gt;</a>&nbsp;&nbsp;&nbsp;chuan_bi_gap_trai_200_tren_do_7_10
<LI><a href="#[ac]">&gt;&gt;</a>&nbsp;&nbsp;&nbsp;qua_phai_len_bac_200_11_do
<LI><a href="#[216]">&gt;&gt;</a>&nbsp;&nbsp;&nbsp;chuan_bi_gap_trai_200_duoi_ko_thanh_do
<LI><a href="#[215]">&gt;&gt;</a>&nbsp;&nbsp;&nbsp;chuan_bi_gap_phai_200_duoi_ko_thanh_do
<LI><a href="#[214]">&gt;&gt;</a>&nbsp;&nbsp;&nbsp;dat_qua_tay_4_3_do
<LI><a href="#[213]">&gt;&gt;</a>&nbsp;&nbsp;&nbsp;dat_qua_tay_1_2_do
<LI><a href="#[212]">&gt;&gt;</a>&nbsp;&nbsp;&nbsp;test_DatKFS_do
<LI><a href="#[211]">&gt;&gt;</a>&nbsp;&nbsp;&nbsp;DatKFS_do
<LI><a href="#[210]">&gt;&gt;</a>&nbsp;&nbsp;&nbsp;chinh_lai_vi_tri_laser_trai_zone3_do
<LI><a href="#[20f]">&gt;&gt;</a>&nbsp;&nbsp;&nbsp;Vao_rung_mai_1_do
<LI><a href="#[20e]">&gt;&gt;</a>&nbsp;&nbsp;&nbsp;Vao_rung_mai_2_do
<LI><a href="#[20d]">&gt;&gt;</a>&nbsp;&nbsp;&nbsp;Vao_rung_mai_3_do
<LI><a href="#[20b]">&gt;&gt;</a>&nbsp;&nbsp;&nbsp;Xoay_dau_truoc_cua_do_1
<LI><a href="#[20a]">&gt;&gt;</a>&nbsp;&nbsp;&nbsp;Xoay_dau_truoc_cua_do_2
<LI><a href="#[209]">&gt;&gt;</a>&nbsp;&nbsp;&nbsp;Xoay_dau_truoc_cua_do_3
<LI><a href="#[208]">&gt;&gt;</a>&nbsp;&nbsp;&nbsp;chinh_lai_vi_tri_laser_phai_custom_do
<LI><a href="#[207]">&gt;&gt;</a>&nbsp;&nbsp;&nbsp;Xuat_Phat_Lay_Vu_Khi_Do
<LI><a href="#[206]">&gt;&gt;</a>&nbsp;&nbsp;&nbsp;lay_200_db
<LI><a href="#[205]">&gt;&gt;</a>&nbsp;&nbsp;&nbsp;bat_dau_chay_xanh
<LI><a href="#[203]">&gt;&gt;</a>&nbsp;&nbsp;&nbsp;nhat_hop_zone3_xanh
<LI><a href="#[201]">&gt;&gt;</a>&nbsp;&nbsp;&nbsp;run_align_center
<LI><a href="#[200]">&gt;&gt;</a>&nbsp;&nbsp;&nbsp;chon_o_nhat_hop_xanh
<LI><a href="#[1ff]">&gt;&gt;</a>&nbsp;&nbsp;&nbsp;chinh_lai_vi_tri_laser_phai_zone3_do
<LI><a href="#[1fe]">&gt;&gt;</a>&nbsp;&nbsp;&nbsp;chinh_lai_vi_tri_laser_sau_zone3
<LI><a href="#[1fc]">&gt;&gt;</a>&nbsp;&nbsp;&nbsp;retry_zone_3_o_3
<LI><a href="#[1fb]">&gt;&gt;</a>&nbsp;&nbsp;&nbsp;retry_zone_3_o_2
<LI><a href="#[1f9]">&gt;&gt;</a>&nbsp;&nbsp;&nbsp;retry_zone_3_o_1
<LI><a href="#[1f8]">&gt;&gt;</a>&nbsp;&nbsp;&nbsp;retry_zone_2
<LI><a href="#[1f5]">&gt;&gt;</a>&nbsp;&nbsp;&nbsp;tudonghoantoan
<LI><a href="#[1f4]">&gt;&gt;</a>&nbsp;&nbsp;&nbsp;tu_dong_dat_tang2_xanh
<LI><a href="#[1f0]">&gt;&gt;</a>&nbsp;&nbsp;&nbsp;check_dat_hop_tren_T2_xanh
<LI><a href="#[1ef]">&gt;&gt;</a>&nbsp;&nbsp;&nbsp;mo_vk_san_xanh
<LI><a href="#[1ee]">&gt;&gt;</a>&nbsp;&nbsp;&nbsp;kiem_tra_vat_truoc_khi_bd
<LI><a href="#[1ed]">&gt;&gt;</a>&nbsp;&nbsp;&nbsp;chuan_bi_dat_tang_3
<LI><a href="#[1ea]">&gt;&gt;</a>&nbsp;&nbsp;&nbsp;be_len_dat_xanh_1_qua_tren_3
<LI><a href="#[1e9]">&gt;&gt;</a>&nbsp;&nbsp;&nbsp;be_len_dat_xanh_4_qua
<LI><a href="#[1e8]">&gt;&gt;</a>&nbsp;&nbsp;&nbsp;be_len_dat_xanh
<LI><a href="#[1e7]">&gt;&gt;</a>&nbsp;&nbsp;&nbsp;ha_chan_dat_tang2_do
<LI><a href="#[1e6]">&gt;&gt;</a>&nbsp;&nbsp;&nbsp;chuan_bi_dat_hop_tang3
<LI><a href="#[1e5]">&gt;&gt;</a>&nbsp;&nbsp;&nbsp;dat_hop_vao_o_tang2
<LI><a href="#[1e4]">&gt;&gt;</a>&nbsp;&nbsp;&nbsp;dat_hop1_3
<LI><a href="#[1e3]">&gt;&gt;</a>&nbsp;&nbsp;&nbsp;dat_hop4_2
<LI><a href="#[1e1]">&gt;&gt;</a>&nbsp;&nbsp;&nbsp;dat_qua_tay_4_3_xanh
<LI><a href="#[1e0]">&gt;&gt;</a>&nbsp;&nbsp;&nbsp;dat_qua_tay_1_2_xanh
<LI><a href="#[1dc]">&gt;&gt;</a>&nbsp;&nbsp;&nbsp;DatKFSxanh
<LI><a href="#[1d9]">&gt;&gt;</a>&nbsp;&nbsp;&nbsp;kiem_tra_qua_tay_nao
<LI><a href="#[1d1]">&gt;&gt;</a>&nbsp;&nbsp;&nbsp;dung_cho_khoi_r1_duoi_MD
<LI><a href="#[1d0]">&gt;&gt;</a>&nbsp;&nbsp;&nbsp;dung_cho_khoi_r1_tren_MD
<LI><a href="#[1cf]">&gt;&gt;</a>&nbsp;&nbsp;&nbsp;qua_trai_xuong_bac_200_10_xanh
<LI><a href="#[1ce]">&gt;&gt;</a>&nbsp;&nbsp;&nbsp;qua_trai_len_bac_200_11_xanh
<LI><a href="#[1cd]">&gt;&gt;</a>&nbsp;&nbsp;&nbsp;qua_trai_len_bac_200_8_xanh
<LI><a href="#[1cc]">&gt;&gt;</a>&nbsp;&nbsp;&nbsp;qua_trai_xuong_bac_200_7_xanh
<LI><a href="#[83]">&gt;&gt;</a>&nbsp;&nbsp;&nbsp;qua_trai_xuong_bac_200_5_xanh
<LI><a href="#[80]">&gt;&gt;</a>&nbsp;&nbsp;&nbsp;qua_trai_len_bac_200_1_xanh
<LI><a href="#[82]">&gt;&gt;</a>&nbsp;&nbsp;&nbsp;qua_trai_xuong_bac_200_4_xanh
<LI><a href="#[81]">&gt;&gt;</a>&nbsp;&nbsp;&nbsp;qua_trai_xuong_bac_200_2_xanh
<LI><a href="#[8b]">&gt;&gt;</a>&nbsp;&nbsp;&nbsp;qua_phai_xuong_bac_200_12_xanh
<LI><a href="#[8a]">&gt;&gt;</a>&nbsp;&nbsp;&nbsp;qua_phai_len_bac_200_11_xanh
<LI><a href="#[89]">&gt;&gt;</a>&nbsp;&nbsp;&nbsp;qua_phai_xuong_bac_200_9_xanh
<LI><a href="#[88]">&gt;&gt;</a>&nbsp;&nbsp;&nbsp;qua_phai_len_bac_200_8_xanh
<LI><a href="#[87]">&gt;&gt;</a>&nbsp;&nbsp;&nbsp;qua_phai_len_bac_200_6_xanh
<LI><a href="#[86]">&gt;&gt;</a>&nbsp;&nbsp;&nbsp;qua_phai_len_bac_200_5_xanh
<LI><a href="#[85]">&gt;&gt;</a>&nbsp;&nbsp;&nbsp;qua_phai_len_bac_200_3_xanh
<LI><a href="#[84]">&gt;&gt;</a>&nbsp;&nbsp;&nbsp;qua_phai_xuong_bac_200_2_xanh
<LI><a href="#[7f]">&gt;&gt;</a>&nbsp;&nbsp;&nbsp;xuong_bac_200_xanh_12
<LI><a href="#[6e]">&gt;&gt;</a>&nbsp;&nbsp;&nbsp;Lay_ben_trai_bac_200_tren_xanh_9
<LI><a href="#[7c]">&gt;&gt;</a>&nbsp;&nbsp;&nbsp;Xuong_bac_200_xanh_9
<LI><a href="#[1cb]">&gt;&gt;</a>&nbsp;&nbsp;&nbsp;chuan_bi_gap_trai_200_tren
<LI><a href="#[1ca]">&gt;&gt;</a>&nbsp;&nbsp;&nbsp;chuan_bi_gap_thang_xanh_9
<LI><a href="#[7b]">&gt;&gt;</a>&nbsp;&nbsp;&nbsp;Leo_bac_200_xanh_7
<LI><a href="#[79]">&gt;&gt;</a>&nbsp;&nbsp;&nbsp;Leo_bac_200_xanh_5
<LI><a href="#[6c]">&gt;&gt;</a>&nbsp;&nbsp;&nbsp;Lay_ben_trai_bac_200_duoi_xanh_5
<LI><a href="#[78]">&gt;&gt;</a>&nbsp;&nbsp;&nbsp;Xuong_bac_200_xanh_4
<LI><a href="#[1c8]">&gt;&gt;</a>&nbsp;&nbsp;&nbsp;chuan_bi_gap_phai_200_tren_4
<LI><a href="#[1c7]">&gt;&gt;</a>&nbsp;&nbsp;&nbsp;vat_can
<LI><a href="#[1c6]">&gt;&gt;</a>&nbsp;&nbsp;&nbsp;Vao_rung_mai_3_xanh
<LI><a href="#[1c5]">&gt;&gt;</a>&nbsp;&nbsp;&nbsp;Vao_rung_mai_2_xanh
<LI><a href="#[1c3]">&gt;&gt;</a>&nbsp;&nbsp;&nbsp;Vao_rung_mai_1_xanh
<LI><a href="#[1c2]">&gt;&gt;</a>&nbsp;&nbsp;&nbsp;kiem_tra_vat_phia_truoc
<LI><a href="#[1c1]">&gt;&gt;</a>&nbsp;&nbsp;&nbsp;Xoay_dau_truoc_cua_xanh_3
<LI><a href="#[1c0]">&gt;&gt;</a>&nbsp;&nbsp;&nbsp;Xoay_dau_truoc_cua_xanh_2
<LI><a href="#[1bf]">&gt;&gt;</a>&nbsp;&nbsp;&nbsp;Xoay_dau_truoc_cua_xanh_1
<LI><a href="#[1be]">&gt;&gt;</a>&nbsp;&nbsp;&nbsp;Xuat_Phat_Lay_Vu_Khi_Xanh
<LI><a href="#[1b9]">&gt;&gt;</a>&nbsp;&nbsp;&nbsp;chinh_lai_vi_tri_Encoder
<LI><a href="#[1b7]">&gt;&gt;</a>&nbsp;&nbsp;&nbsp;chinh_lai_vi_tri_VK
<LI><a href="#[1b6]">&gt;&gt;</a>&nbsp;&nbsp;&nbsp;chinh_lai_vi_tri_laser_truoc_do
<LI><a href="#[1b5]">&gt;&gt;</a>&nbsp;&nbsp;&nbsp;chinh_lai_vi_tri_laser_truoc_xanh
<LI><a href="#[1b4]">&gt;&gt;</a>&nbsp;&nbsp;&nbsp;chinh_lai_vi_tri_laser_sau
<LI><a href="#[1b3]">&gt;&gt;</a>&nbsp;&nbsp;&nbsp;chinh_lai_vi_tri_laser_phai
<LI><a href="#[1b2]">&gt;&gt;</a>&nbsp;&nbsp;&nbsp;chinh_lai_vi_tri_laser_trai_custom
<LI><a href="#[1b1]">&gt;&gt;</a>&nbsp;&nbsp;&nbsp;Lay_phia_truoc_bac_200_duoi_dac_biet
<LI><a href="#[1b0]">&gt;&gt;</a>&nbsp;&nbsp;&nbsp;Lay_phia_truoc_bac_200_duoi
<LI><a href="#[1ae]">&gt;&gt;</a>&nbsp;&nbsp;&nbsp;Lay_ben_trai_bac_200_duoi
<LI><a href="#[1ad]">&gt;&gt;</a>&nbsp;&nbsp;&nbsp;Lay_ben_trai_bac_200_tren
<LI><a href="#[72]">&gt;&gt;</a>&nbsp;&nbsp;&nbsp;Lay_ben_phai_bac_200_tren_xanh_7
<LI><a href="#[1ac]">&gt;&gt;</a>&nbsp;&nbsp;&nbsp;chuan_bi_gap_thang_xanh_7
<LI><a href="#[1aa]">&gt;&gt;</a>&nbsp;&nbsp;&nbsp;chuan_bi_gap_thang_xanh_4
<LI><a href="#[1a8]">&gt;&gt;</a>&nbsp;&nbsp;&nbsp;Lay_ben_phai_bac_200_duoi
<LI><a href="#[1a7]">&gt;&gt;</a>&nbsp;&nbsp;&nbsp;Lay_ben_phai_bac_200_tren
<LI><a href="#[68]">&gt;&gt;</a>&nbsp;&nbsp;&nbsp;Lay_phia_truoc_bac_200_tren
<LI><a href="#[67]">&gt;&gt;</a>&nbsp;&nbsp;&nbsp;Lay_phia_truoc_bac_400_tren
<LI><a href="#[1a6]">&gt;&gt;</a>&nbsp;&nbsp;&nbsp;gap_tay3_duoi_db
<LI><a href="#[1a5]">&gt;&gt;</a>&nbsp;&nbsp;&nbsp;ha_tay_3_k_xlang
<LI><a href="#[1a4]">&gt;&gt;</a>&nbsp;&nbsp;&nbsp;gap_tay2_duoi_db
<LI><a href="#[1a3]">&gt;&gt;</a>&nbsp;&nbsp;&nbsp;ha_tay_2_k_xlang
<LI><a href="#[1a2]">&gt;&gt;</a>&nbsp;&nbsp;&nbsp;gap_tay1_duoi_db
<LI><a href="#[1a1]">&gt;&gt;</a>&nbsp;&nbsp;&nbsp;ha_tay_1_k_xlang
<LI><a href="#[1a0]">&gt;&gt;</a>&nbsp;&nbsp;&nbsp;gap_tay4_duoi_db
<LI><a href="#[19f]">&gt;&gt;</a>&nbsp;&nbsp;&nbsp;ha_tay_4_k_xlang
<LI><a href="#[19e]">&gt;&gt;</a>&nbsp;&nbsp;&nbsp;gap_tay3_duoi
<LI><a href="#[19d]">&gt;&gt;</a>&nbsp;&nbsp;&nbsp;gap_tay2_duoi
<LI><a href="#[19c]">&gt;&gt;</a>&nbsp;&nbsp;&nbsp;gap_tay1_duoi
<LI><a href="#[19b]">&gt;&gt;</a>&nbsp;&nbsp;&nbsp;gap_tay4_duoi
<LI><a href="#[19a]">&gt;&gt;</a>&nbsp;&nbsp;&nbsp;gap_tay3_duoi_trai_phai
<LI><a href="#[199]">&gt;&gt;</a>&nbsp;&nbsp;&nbsp;gap_tay2_duoi_trai_phai
<LI><a href="#[198]">&gt;&gt;</a>&nbsp;&nbsp;&nbsp;gap_tay1_duoi_trai_phai
<LI><a href="#[197]">&gt;&gt;</a>&nbsp;&nbsp;&nbsp;gap_tay4_duoi_trai_phai
<LI><a href="#[196]">&gt;&gt;</a>&nbsp;&nbsp;&nbsp;Gap_tay3_thang
<LI><a href="#[195]">&gt;&gt;</a>&nbsp;&nbsp;&nbsp;ha_tay_3
<LI><a href="#[194]">&gt;&gt;</a>&nbsp;&nbsp;&nbsp;Gap_tay2_thang
<LI><a href="#[193]">&gt;&gt;</a>&nbsp;&nbsp;&nbsp;ha_tay_2
<LI><a href="#[192]">&gt;&gt;</a>&nbsp;&nbsp;&nbsp;Gap_tay1_thang
</UL>

<P><STRONG><a name="[e3]"></a>ENCODER_FL</STRONG> (Thumb, 90 bytes, Stack size 16 bytes, main.o(.text))
<BR><BR>[Stack]<UL><LI>Max Depth = 16<LI>Call Chain = ENCODER_FL
</UL>
<BR>[Calls]<UL><LI><a href="#[cd]">&gt;&gt;</a>&nbsp;&nbsp;&nbsp;TIM_GetCounter
</UL>
<BR>[Called By]<UL><LI><a href="#[16d]">&gt;&gt;</a>&nbsp;&nbsp;&nbsp;Xuong_bac_400
<LI><a href="#[63]">&gt;&gt;</a>&nbsp;&nbsp;&nbsp;qua_phai_len_bac_200_cua_vao
<LI><a href="#[62]">&gt;&gt;</a>&nbsp;&nbsp;&nbsp;qua_trai_len_bac_200_cua_vao
<LI><a href="#[16a]">&gt;&gt;</a>&nbsp;&nbsp;&nbsp;chuan_bi_gap_phai_200_tren_7_10
<LI><a href="#[167]">&gt;&gt;</a>&nbsp;&nbsp;&nbsp;Leo_bac_400
<LI><a href="#[15c]">&gt;&gt;</a>&nbsp;&nbsp;&nbsp;Xuong_bac_200
<LI><a href="#[158]">&gt;&gt;</a>&nbsp;&nbsp;&nbsp;Leo_bac_200
<LI><a href="#[126]">&gt;&gt;</a>&nbsp;&nbsp;&nbsp;HMI_TRAN
<LI><a href="#[249]">&gt;&gt;</a>&nbsp;&nbsp;&nbsp;test_retry
<LI><a href="#[248]">&gt;&gt;</a>&nbsp;&nbsp;&nbsp;bat_dau_chay_do
<LI><a href="#[247]">&gt;&gt;</a>&nbsp;&nbsp;&nbsp;nhat_hop_zone3_do
<LI><a href="#[233]">&gt;&gt;</a>&nbsp;&nbsp;&nbsp;qua_trai_len_bac_200_cua_vao_do
<LI><a href="#[232]">&gt;&gt;</a>&nbsp;&nbsp;&nbsp;qua_phai_len_bac_200_cua_vao_do
<LI><a href="#[217]">&gt;&gt;</a>&nbsp;&nbsp;&nbsp;chuan_bi_gap_trai_200_tren_do_7_10
<LI><a href="#[206]">&gt;&gt;</a>&nbsp;&nbsp;&nbsp;lay_200_db
<LI><a href="#[205]">&gt;&gt;</a>&nbsp;&nbsp;&nbsp;bat_dau_chay_xanh
<LI><a href="#[203]">&gt;&gt;</a>&nbsp;&nbsp;&nbsp;nhat_hop_zone3_xanh
<LI><a href="#[201]">&gt;&gt;</a>&nbsp;&nbsp;&nbsp;run_align_center
<LI><a href="#[1f8]">&gt;&gt;</a>&nbsp;&nbsp;&nbsp;retry_zone_2
<LI><a href="#[1f5]">&gt;&gt;</a>&nbsp;&nbsp;&nbsp;tudonghoantoan
<LI><a href="#[1e4]">&gt;&gt;</a>&nbsp;&nbsp;&nbsp;dat_hop1_3
<LI><a href="#[1b9]">&gt;&gt;</a>&nbsp;&nbsp;&nbsp;chinh_lai_vi_tri_Encoder
<LI><a href="#[1b1]">&gt;&gt;</a>&nbsp;&nbsp;&nbsp;Lay_phia_truoc_bac_200_duoi_dac_biet
</UL>

<P><STRONG><a name="[e4]"></a>ENCODER_FR</STRONG> (Thumb, 84 bytes, Stack size 16 bytes, main.o(.text))
<BR><BR>[Stack]<UL><LI>Max Depth = 16<LI>Call Chain = ENCODER_FR
</UL>
<BR>[Calls]<UL><LI><a href="#[cd]">&gt;&gt;</a>&nbsp;&nbsp;&nbsp;TIM_GetCounter
</UL>
<BR>[Called By]<UL><LI><a href="#[16d]">&gt;&gt;</a>&nbsp;&nbsp;&nbsp;Xuong_bac_400
<LI><a href="#[63]">&gt;&gt;</a>&nbsp;&nbsp;&nbsp;qua_phai_len_bac_200_cua_vao
<LI><a href="#[62]">&gt;&gt;</a>&nbsp;&nbsp;&nbsp;qua_trai_len_bac_200_cua_vao
<LI><a href="#[16a]">&gt;&gt;</a>&nbsp;&nbsp;&nbsp;chuan_bi_gap_phai_200_tren_7_10
<LI><a href="#[167]">&gt;&gt;</a>&nbsp;&nbsp;&nbsp;Leo_bac_400
<LI><a href="#[15c]">&gt;&gt;</a>&nbsp;&nbsp;&nbsp;Xuong_bac_200
<LI><a href="#[158]">&gt;&gt;</a>&nbsp;&nbsp;&nbsp;Leo_bac_200
<LI><a href="#[126]">&gt;&gt;</a>&nbsp;&nbsp;&nbsp;HMI_TRAN
<LI><a href="#[249]">&gt;&gt;</a>&nbsp;&nbsp;&nbsp;test_retry
<LI><a href="#[248]">&gt;&gt;</a>&nbsp;&nbsp;&nbsp;bat_dau_chay_do
<LI><a href="#[247]">&gt;&gt;</a>&nbsp;&nbsp;&nbsp;nhat_hop_zone3_do
<LI><a href="#[233]">&gt;&gt;</a>&nbsp;&nbsp;&nbsp;qua_trai_len_bac_200_cua_vao_do
<LI><a href="#[232]">&gt;&gt;</a>&nbsp;&nbsp;&nbsp;qua_phai_len_bac_200_cua_vao_do
<LI><a href="#[217]">&gt;&gt;</a>&nbsp;&nbsp;&nbsp;chuan_bi_gap_trai_200_tren_do_7_10
<LI><a href="#[206]">&gt;&gt;</a>&nbsp;&nbsp;&nbsp;lay_200_db
<LI><a href="#[205]">&gt;&gt;</a>&nbsp;&nbsp;&nbsp;bat_dau_chay_xanh
<LI><a href="#[203]">&gt;&gt;</a>&nbsp;&nbsp;&nbsp;nhat_hop_zone3_xanh
<LI><a href="#[201]">&gt;&gt;</a>&nbsp;&nbsp;&nbsp;run_align_center
<LI><a href="#[1f8]">&gt;&gt;</a>&nbsp;&nbsp;&nbsp;retry_zone_2
<LI><a href="#[1f5]">&gt;&gt;</a>&nbsp;&nbsp;&nbsp;tudonghoantoan
<LI><a href="#[1e4]">&gt;&gt;</a>&nbsp;&nbsp;&nbsp;dat_hop1_3
<LI><a href="#[1b9]">&gt;&gt;</a>&nbsp;&nbsp;&nbsp;chinh_lai_vi_tri_Encoder
<LI><a href="#[1b1]">&gt;&gt;</a>&nbsp;&nbsp;&nbsp;Lay_phia_truoc_bac_200_duoi_dac_biet
</UL>

<P><STRONG><a name="[e5]"></a>ENCODER_RL</STRONG> (Thumb, 84 bytes, Stack size 16 bytes, main.o(.text))
<BR><BR>[Stack]<UL><LI>Max Depth = 16<LI>Call Chain = ENCODER_RL
</UL>
<BR>[Calls]<UL><LI><a href="#[cd]">&gt;&gt;</a>&nbsp;&nbsp;&nbsp;TIM_GetCounter
</UL>
<BR>[Called By]<UL><LI><a href="#[126]">&gt;&gt;</a>&nbsp;&nbsp;&nbsp;HMI_TRAN
<LI><a href="#[201]">&gt;&gt;</a>&nbsp;&nbsp;&nbsp;run_align_center
</UL>

<P><STRONG><a name="[e6]"></a>ENCODER_RR</STRONG> (Thumb, 84 bytes, Stack size 16 bytes, main.o(.text))
<BR><BR>[Stack]<UL><LI>Max Depth = 16<LI>Call Chain = ENCODER_RR
</UL>
<BR>[Calls]<UL><LI><a href="#[cd]">&gt;&gt;</a>&nbsp;&nbsp;&nbsp;TIM_GetCounter
</UL>
<BR>[Called By]<UL><LI><a href="#[126]">&gt;&gt;</a>&nbsp;&nbsp;&nbsp;HMI_TRAN
<LI><a href="#[201]">&gt;&gt;</a>&nbsp;&nbsp;&nbsp;run_align_center
</UL>

<P><STRONG><a name="[2fd]"></a>delay_us</STRONG> (Thumb, 34 bytes, Stack size 12 bytes, main.o(.text), UNUSED)

<P><STRONG><a name="[124]"></a>delay_ms</STRONG> (Thumb, 34 bytes, Stack size 12 bytes, main.o(.text))
<BR><BR>[Stack]<UL><LI>Max Depth = 12<LI>Call Chain = delay_ms
</UL>
<BR>[Called By]<UL><LI><a href="#[125]">&gt;&gt;</a>&nbsp;&nbsp;&nbsp;run_read_gyro_uart3
<LI><a href="#[123]">&gt;&gt;</a>&nbsp;&nbsp;&nbsp;run_read_gyro_uart1
</UL>

<P><STRONG><a name="[e7]"></a>Config_out_mode</STRONG> (Thumb, 126 bytes, Stack size 16 bytes, main.o(.text))
<BR><BR>[Stack]<UL><LI>Max Depth = 36<LI>Call Chain = Config_out_mode &rArr; GPIO_Init
</UL>
<BR>[Calls]<UL><LI><a href="#[e8]">&gt;&gt;</a>&nbsp;&nbsp;&nbsp;RCC_AHB1PeriphClockCmd
<LI><a href="#[e9]">&gt;&gt;</a>&nbsp;&nbsp;&nbsp;GPIO_Init
</UL>
<BR>[Called By]<UL><LI><a href="#[b3]">&gt;&gt;</a>&nbsp;&nbsp;&nbsp;taskMain
</UL>

<P><STRONG><a name="[ea]"></a>Config_in_mode</STRONG> (Thumb, 172 bytes, Stack size 16 bytes, main.o(.text))
<BR><BR>[Stack]<UL><LI>Max Depth = 36<LI>Call Chain = Config_in_mode &rArr; GPIO_Init
</UL>
<BR>[Calls]<UL><LI><a href="#[e8]">&gt;&gt;</a>&nbsp;&nbsp;&nbsp;RCC_AHB1PeriphClockCmd
<LI><a href="#[e9]">&gt;&gt;</a>&nbsp;&nbsp;&nbsp;GPIO_Init
</UL>
<BR>[Called By]<UL><LI><a href="#[b3]">&gt;&gt;</a>&nbsp;&nbsp;&nbsp;taskMain
</UL>

<P><STRONG><a name="[eb]"></a>Config_int_time6</STRONG> (Thumb, 190 bytes, Stack size 24 bytes, main.o(.text), UNUSED)
<BR><BR>[Calls]<UL><LI><a href="#[cc]">&gt;&gt;</a>&nbsp;&nbsp;&nbsp;TIM_SetCounter
<LI><a href="#[c7]">&gt;&gt;</a>&nbsp;&nbsp;&nbsp;TIM_ClearITPendingBit
<LI><a href="#[ef]">&gt;&gt;</a>&nbsp;&nbsp;&nbsp;TIM_TimeBaseInit
<LI><a href="#[f0]">&gt;&gt;</a>&nbsp;&nbsp;&nbsp;TIM_ITConfig
<LI><a href="#[f1]">&gt;&gt;</a>&nbsp;&nbsp;&nbsp;TIM_Cmd
<LI><a href="#[ee]">&gt;&gt;</a>&nbsp;&nbsp;&nbsp;RCC_APB1PeriphClockCmd
<LI><a href="#[ec]">&gt;&gt;</a>&nbsp;&nbsp;&nbsp;NVIC_PriorityGroupConfig
<LI><a href="#[ed]">&gt;&gt;</a>&nbsp;&nbsp;&nbsp;NVIC_Init
</UL>

<P><STRONG><a name="[f2]"></a>Config_int_time7</STRONG> (Thumb, 112 bytes, Stack size 24 bytes, main.o(.text))
<BR><BR>[Stack]<UL><LI>Max Depth = 40<LI>Call Chain = Config_int_time7 &rArr; NVIC_Init
</UL>
<BR>[Calls]<UL><LI><a href="#[cc]">&gt;&gt;</a>&nbsp;&nbsp;&nbsp;TIM_SetCounter
<LI><a href="#[c7]">&gt;&gt;</a>&nbsp;&nbsp;&nbsp;TIM_ClearITPendingBit
<LI><a href="#[ef]">&gt;&gt;</a>&nbsp;&nbsp;&nbsp;TIM_TimeBaseInit
<LI><a href="#[f0]">&gt;&gt;</a>&nbsp;&nbsp;&nbsp;TIM_ITConfig
<LI><a href="#[f1]">&gt;&gt;</a>&nbsp;&nbsp;&nbsp;TIM_Cmd
<LI><a href="#[ee]">&gt;&gt;</a>&nbsp;&nbsp;&nbsp;RCC_APB1PeriphClockCmd
<LI><a href="#[ec]">&gt;&gt;</a>&nbsp;&nbsp;&nbsp;NVIC_PriorityGroupConfig
<LI><a href="#[ed]">&gt;&gt;</a>&nbsp;&nbsp;&nbsp;NVIC_Init
</UL>
<BR>[Called By]<UL><LI><a href="#[b3]">&gt;&gt;</a>&nbsp;&nbsp;&nbsp;taskMain
</UL>

<P><STRONG><a name="[f3]"></a>Config_pwm_time_t8</STRONG> (Thumb, 212 bytes, Stack size 48 bytes, main.o(.text), UNUSED)
<BR><BR>[Calls]<UL><LI><a href="#[cc]">&gt;&gt;</a>&nbsp;&nbsp;&nbsp;TIM_SetCounter
<LI><a href="#[ef]">&gt;&gt;</a>&nbsp;&nbsp;&nbsp;TIM_TimeBaseInit
<LI><a href="#[f9]">&gt;&gt;</a>&nbsp;&nbsp;&nbsp;TIM_OC4Init
<LI><a href="#[f8]">&gt;&gt;</a>&nbsp;&nbsp;&nbsp;TIM_OC3Init
<LI><a href="#[f7]">&gt;&gt;</a>&nbsp;&nbsp;&nbsp;TIM_OC2Init
<LI><a href="#[f6]">&gt;&gt;</a>&nbsp;&nbsp;&nbsp;TIM_OC1Init
<LI><a href="#[fa]">&gt;&gt;</a>&nbsp;&nbsp;&nbsp;TIM_CtrlPWMOutputs
<LI><a href="#[f1]">&gt;&gt;</a>&nbsp;&nbsp;&nbsp;TIM_Cmd
<LI><a href="#[f4]">&gt;&gt;</a>&nbsp;&nbsp;&nbsp;RCC_APB2PeriphClockCmd
<LI><a href="#[e8]">&gt;&gt;</a>&nbsp;&nbsp;&nbsp;RCC_AHB1PeriphClockCmd
<LI><a href="#[f5]">&gt;&gt;</a>&nbsp;&nbsp;&nbsp;GPIO_PinAFConfig
<LI><a href="#[e9]">&gt;&gt;</a>&nbsp;&nbsp;&nbsp;GPIO_Init
</UL>

<P><STRONG><a name="[fb]"></a>Config_pwm_time_t5</STRONG> (Thumb, 206 bytes, Stack size 48 bytes, main.o(.text), UNUSED)
<BR><BR>[Calls]<UL><LI><a href="#[cc]">&gt;&gt;</a>&nbsp;&nbsp;&nbsp;TIM_SetCounter
<LI><a href="#[ef]">&gt;&gt;</a>&nbsp;&nbsp;&nbsp;TIM_TimeBaseInit
<LI><a href="#[f9]">&gt;&gt;</a>&nbsp;&nbsp;&nbsp;TIM_OC4Init
<LI><a href="#[f8]">&gt;&gt;</a>&nbsp;&nbsp;&nbsp;TIM_OC3Init
<LI><a href="#[f7]">&gt;&gt;</a>&nbsp;&nbsp;&nbsp;TIM_OC2Init
<LI><a href="#[f6]">&gt;&gt;</a>&nbsp;&nbsp;&nbsp;TIM_OC1Init
<LI><a href="#[fa]">&gt;&gt;</a>&nbsp;&nbsp;&nbsp;TIM_CtrlPWMOutputs
<LI><a href="#[f1]">&gt;&gt;</a>&nbsp;&nbsp;&nbsp;TIM_Cmd
<LI><a href="#[ee]">&gt;&gt;</a>&nbsp;&nbsp;&nbsp;RCC_APB1PeriphClockCmd
<LI><a href="#[e8]">&gt;&gt;</a>&nbsp;&nbsp;&nbsp;RCC_AHB1PeriphClockCmd
<LI><a href="#[f5]">&gt;&gt;</a>&nbsp;&nbsp;&nbsp;GPIO_PinAFConfig
<LI><a href="#[e9]">&gt;&gt;</a>&nbsp;&nbsp;&nbsp;GPIO_Init
</UL>

<P><STRONG><a name="[fc]"></a>Config_pwm_time_t4</STRONG> (Thumb, 204 bytes, Stack size 48 bytes, main.o(.text), UNUSED)
<BR><BR>[Calls]<UL><LI><a href="#[cc]">&gt;&gt;</a>&nbsp;&nbsp;&nbsp;TIM_SetCounter
<LI><a href="#[ef]">&gt;&gt;</a>&nbsp;&nbsp;&nbsp;TIM_TimeBaseInit
<LI><a href="#[f9]">&gt;&gt;</a>&nbsp;&nbsp;&nbsp;TIM_OC4Init
<LI><a href="#[f8]">&gt;&gt;</a>&nbsp;&nbsp;&nbsp;TIM_OC3Init
<LI><a href="#[f7]">&gt;&gt;</a>&nbsp;&nbsp;&nbsp;TIM_OC2Init
<LI><a href="#[f6]">&gt;&gt;</a>&nbsp;&nbsp;&nbsp;TIM_OC1Init
<LI><a href="#[f1]">&gt;&gt;</a>&nbsp;&nbsp;&nbsp;TIM_Cmd
<LI><a href="#[ee]">&gt;&gt;</a>&nbsp;&nbsp;&nbsp;RCC_APB1PeriphClockCmd
<LI><a href="#[e8]">&gt;&gt;</a>&nbsp;&nbsp;&nbsp;RCC_AHB1PeriphClockCmd
<LI><a href="#[f5]">&gt;&gt;</a>&nbsp;&nbsp;&nbsp;GPIO_PinAFConfig
<LI><a href="#[e9]">&gt;&gt;</a>&nbsp;&nbsp;&nbsp;GPIO_Init
</UL>

<P><STRONG><a name="[fd]"></a>Config_pwm_time_t9</STRONG> (Thumb, 188 bytes, Stack size 40 bytes, main.o(.text), UNUSED)
<BR><BR>[Calls]<UL><LI><a href="#[cc]">&gt;&gt;</a>&nbsp;&nbsp;&nbsp;TIM_SetCounter
<LI><a href="#[c7]">&gt;&gt;</a>&nbsp;&nbsp;&nbsp;TIM_ClearITPendingBit
<LI><a href="#[ef]">&gt;&gt;</a>&nbsp;&nbsp;&nbsp;TIM_TimeBaseInit
<LI><a href="#[f0]">&gt;&gt;</a>&nbsp;&nbsp;&nbsp;TIM_ITConfig
<LI><a href="#[fe]">&gt;&gt;</a>&nbsp;&nbsp;&nbsp;TIM_ICInit
<LI><a href="#[ff]">&gt;&gt;</a>&nbsp;&nbsp;&nbsp;TIM_EncoderInterfaceConfig
<LI><a href="#[f1]">&gt;&gt;</a>&nbsp;&nbsp;&nbsp;TIM_Cmd
<LI><a href="#[f4]">&gt;&gt;</a>&nbsp;&nbsp;&nbsp;RCC_APB2PeriphClockCmd
<LI><a href="#[e8]">&gt;&gt;</a>&nbsp;&nbsp;&nbsp;RCC_AHB1PeriphClockCmd
<LI><a href="#[f5]">&gt;&gt;</a>&nbsp;&nbsp;&nbsp;GPIO_PinAFConfig
<LI><a href="#[e9]">&gt;&gt;</a>&nbsp;&nbsp;&nbsp;GPIO_Init
</UL>

<P><STRONG><a name="[100]"></a>Config_encoder_timer2_timer3</STRONG> (Thumb, 434 bytes, Stack size 40 bytes, main.o(.text))
<BR><BR>[Stack]<UL><LI>Max Depth = 76<LI>Call Chain = Config_encoder_timer2_timer3 &rArr; TIM_ICInit &rArr; TI1_Config
</UL>
<BR>[Calls]<UL><LI><a href="#[cc]">&gt;&gt;</a>&nbsp;&nbsp;&nbsp;TIM_SetCounter
<LI><a href="#[c7]">&gt;&gt;</a>&nbsp;&nbsp;&nbsp;TIM_ClearITPendingBit
<LI><a href="#[ef]">&gt;&gt;</a>&nbsp;&nbsp;&nbsp;TIM_TimeBaseInit
<LI><a href="#[f0]">&gt;&gt;</a>&nbsp;&nbsp;&nbsp;TIM_ITConfig
<LI><a href="#[fe]">&gt;&gt;</a>&nbsp;&nbsp;&nbsp;TIM_ICInit
<LI><a href="#[ff]">&gt;&gt;</a>&nbsp;&nbsp;&nbsp;TIM_EncoderInterfaceConfig
<LI><a href="#[f1]">&gt;&gt;</a>&nbsp;&nbsp;&nbsp;TIM_Cmd
<LI><a href="#[ee]">&gt;&gt;</a>&nbsp;&nbsp;&nbsp;RCC_APB1PeriphClockCmd
<LI><a href="#[e8]">&gt;&gt;</a>&nbsp;&nbsp;&nbsp;RCC_AHB1PeriphClockCmd
<LI><a href="#[ec]">&gt;&gt;</a>&nbsp;&nbsp;&nbsp;NVIC_PriorityGroupConfig
<LI><a href="#[ed]">&gt;&gt;</a>&nbsp;&nbsp;&nbsp;NVIC_Init
<LI><a href="#[f5]">&gt;&gt;</a>&nbsp;&nbsp;&nbsp;GPIO_PinAFConfig
<LI><a href="#[e9]">&gt;&gt;</a>&nbsp;&nbsp;&nbsp;GPIO_Init
</UL>
<BR>[Called By]<UL><LI><a href="#[b3]">&gt;&gt;</a>&nbsp;&nbsp;&nbsp;taskMain
</UL>

<P><STRONG><a name="[101]"></a>Config_encoder_timer1</STRONG> (Thumb, 246 bytes, Stack size 40 bytes, main.o(.text), UNUSED)
<BR><BR>[Calls]<UL><LI><a href="#[cc]">&gt;&gt;</a>&nbsp;&nbsp;&nbsp;TIM_SetCounter
<LI><a href="#[c7]">&gt;&gt;</a>&nbsp;&nbsp;&nbsp;TIM_ClearITPendingBit
<LI><a href="#[ef]">&gt;&gt;</a>&nbsp;&nbsp;&nbsp;TIM_TimeBaseInit
<LI><a href="#[f0]">&gt;&gt;</a>&nbsp;&nbsp;&nbsp;TIM_ITConfig
<LI><a href="#[fe]">&gt;&gt;</a>&nbsp;&nbsp;&nbsp;TIM_ICInit
<LI><a href="#[ff]">&gt;&gt;</a>&nbsp;&nbsp;&nbsp;TIM_EncoderInterfaceConfig
<LI><a href="#[f1]">&gt;&gt;</a>&nbsp;&nbsp;&nbsp;TIM_Cmd
<LI><a href="#[f4]">&gt;&gt;</a>&nbsp;&nbsp;&nbsp;RCC_APB2PeriphClockCmd
<LI><a href="#[e8]">&gt;&gt;</a>&nbsp;&nbsp;&nbsp;RCC_AHB1PeriphClockCmd
<LI><a href="#[ec]">&gt;&gt;</a>&nbsp;&nbsp;&nbsp;NVIC_PriorityGroupConfig
<LI><a href="#[ed]">&gt;&gt;</a>&nbsp;&nbsp;&nbsp;NVIC_Init
<LI><a href="#[f5]">&gt;&gt;</a>&nbsp;&nbsp;&nbsp;GPIO_PinAFConfig
<LI><a href="#[e9]">&gt;&gt;</a>&nbsp;&nbsp;&nbsp;GPIO_Init
</UL>

<P><STRONG><a name="[102]"></a>Config_encoder_timer4</STRONG> (Thumb, 242 bytes, Stack size 40 bytes, main.o(.text))
<BR><BR>[Stack]<UL><LI>Max Depth = 76<LI>Call Chain = Config_encoder_timer4 &rArr; TIM_ICInit &rArr; TI1_Config
</UL>
<BR>[Calls]<UL><LI><a href="#[cc]">&gt;&gt;</a>&nbsp;&nbsp;&nbsp;TIM_SetCounter
<LI><a href="#[c7]">&gt;&gt;</a>&nbsp;&nbsp;&nbsp;TIM_ClearITPendingBit
<LI><a href="#[ef]">&gt;&gt;</a>&nbsp;&nbsp;&nbsp;TIM_TimeBaseInit
<LI><a href="#[f0]">&gt;&gt;</a>&nbsp;&nbsp;&nbsp;TIM_ITConfig
<LI><a href="#[fe]">&gt;&gt;</a>&nbsp;&nbsp;&nbsp;TIM_ICInit
<LI><a href="#[ff]">&gt;&gt;</a>&nbsp;&nbsp;&nbsp;TIM_EncoderInterfaceConfig
<LI><a href="#[f1]">&gt;&gt;</a>&nbsp;&nbsp;&nbsp;TIM_Cmd
<LI><a href="#[ee]">&gt;&gt;</a>&nbsp;&nbsp;&nbsp;RCC_APB1PeriphClockCmd
<LI><a href="#[e8]">&gt;&gt;</a>&nbsp;&nbsp;&nbsp;RCC_AHB1PeriphClockCmd
<LI><a href="#[ec]">&gt;&gt;</a>&nbsp;&nbsp;&nbsp;NVIC_PriorityGroupConfig
<LI><a href="#[ed]">&gt;&gt;</a>&nbsp;&nbsp;&nbsp;NVIC_Init
<LI><a href="#[f5]">&gt;&gt;</a>&nbsp;&nbsp;&nbsp;GPIO_PinAFConfig
<LI><a href="#[e9]">&gt;&gt;</a>&nbsp;&nbsp;&nbsp;GPIO_Init
</UL>
<BR>[Called By]<UL><LI><a href="#[b3]">&gt;&gt;</a>&nbsp;&nbsp;&nbsp;taskMain
</UL>

<P><STRONG><a name="[103]"></a>Config_encoder_timer5</STRONG> (Thumb, 272 bytes, Stack size 40 bytes, main.o(.text))
<BR><BR>[Stack]<UL><LI>Max Depth = 76<LI>Call Chain = Config_encoder_timer5 &rArr; TIM_ICInit &rArr; TI1_Config
</UL>
<BR>[Calls]<UL><LI><a href="#[cc]">&gt;&gt;</a>&nbsp;&nbsp;&nbsp;TIM_SetCounter
<LI><a href="#[c7]">&gt;&gt;</a>&nbsp;&nbsp;&nbsp;TIM_ClearITPendingBit
<LI><a href="#[ef]">&gt;&gt;</a>&nbsp;&nbsp;&nbsp;TIM_TimeBaseInit
<LI><a href="#[f0]">&gt;&gt;</a>&nbsp;&nbsp;&nbsp;TIM_ITConfig
<LI><a href="#[fe]">&gt;&gt;</a>&nbsp;&nbsp;&nbsp;TIM_ICInit
<LI><a href="#[ff]">&gt;&gt;</a>&nbsp;&nbsp;&nbsp;TIM_EncoderInterfaceConfig
<LI><a href="#[f1]">&gt;&gt;</a>&nbsp;&nbsp;&nbsp;TIM_Cmd
<LI><a href="#[ee]">&gt;&gt;</a>&nbsp;&nbsp;&nbsp;RCC_APB1PeriphClockCmd
<LI><a href="#[e8]">&gt;&gt;</a>&nbsp;&nbsp;&nbsp;RCC_AHB1PeriphClockCmd
<LI><a href="#[ec]">&gt;&gt;</a>&nbsp;&nbsp;&nbsp;NVIC_PriorityGroupConfig
<LI><a href="#[ed]">&gt;&gt;</a>&nbsp;&nbsp;&nbsp;NVIC_Init
<LI><a href="#[f5]">&gt;&gt;</a>&nbsp;&nbsp;&nbsp;GPIO_PinAFConfig
<LI><a href="#[e9]">&gt;&gt;</a>&nbsp;&nbsp;&nbsp;GPIO_Init
</UL>
<BR>[Called By]<UL><LI><a href="#[b3]">&gt;&gt;</a>&nbsp;&nbsp;&nbsp;taskMain
</UL>

<P><STRONG><a name="[104]"></a>Config_ADC1_DMA</STRONG> (Thumb, 470 bytes, Stack size 112 bytes, main.o(.text))
<BR><BR>[Stack]<UL><LI>Max Depth = 132<LI>Call Chain = Config_ADC1_DMA &rArr; GPIO_Init
</UL>
<BR>[Calls]<UL><LI><a href="#[c3]">&gt;&gt;</a>&nbsp;&nbsp;&nbsp;DMA_Cmd
<LI><a href="#[f4]">&gt;&gt;</a>&nbsp;&nbsp;&nbsp;RCC_APB2PeriphClockCmd
<LI><a href="#[e8]">&gt;&gt;</a>&nbsp;&nbsp;&nbsp;RCC_AHB1PeriphClockCmd
<LI><a href="#[e9]">&gt;&gt;</a>&nbsp;&nbsp;&nbsp;GPIO_Init
<LI><a href="#[105]">&gt;&gt;</a>&nbsp;&nbsp;&nbsp;DMA_Init
<LI><a href="#[10c]">&gt;&gt;</a>&nbsp;&nbsp;&nbsp;ADC_SoftwareStartConv
<LI><a href="#[108]">&gt;&gt;</a>&nbsp;&nbsp;&nbsp;ADC_RegularChannelConfig
<LI><a href="#[107]">&gt;&gt;</a>&nbsp;&nbsp;&nbsp;ADC_Init
<LI><a href="#[109]">&gt;&gt;</a>&nbsp;&nbsp;&nbsp;ADC_DMARequestAfterLastTransferCmd
<LI><a href="#[10a]">&gt;&gt;</a>&nbsp;&nbsp;&nbsp;ADC_DMACmd
<LI><a href="#[106]">&gt;&gt;</a>&nbsp;&nbsp;&nbsp;ADC_CommonInit
<LI><a href="#[10b]">&gt;&gt;</a>&nbsp;&nbsp;&nbsp;ADC_Cmd
</UL>
<BR>[Called By]<UL><LI><a href="#[b3]">&gt;&gt;</a>&nbsp;&nbsp;&nbsp;taskMain
</UL>

<P><STRONG><a name="[10d]"></a>Config_int_uart1_rx</STRONG> (Thumb, 40 bytes, Stack size 8 bytes, main.o(.text), UNUSED)
<BR><BR>[Calls]<UL><LI><a href="#[ec]">&gt;&gt;</a>&nbsp;&nbsp;&nbsp;NVIC_PriorityGroupConfig
<LI><a href="#[ed]">&gt;&gt;</a>&nbsp;&nbsp;&nbsp;NVIC_Init
</UL>

<P><STRONG><a name="[10e]"></a>UART1_DMA_RX</STRONG> (Thumb, 282 bytes, Stack size 96 bytes, main.o(.text))
<BR><BR>[Stack]<UL><LI>Max Depth = 164<LI>Call Chain = UART1_DMA_RX &rArr; USART_Init &rArr; RCC_GetClocksFreq
</UL>
<BR>[Calls]<UL><LI><a href="#[c8]">&gt;&gt;</a>&nbsp;&nbsp;&nbsp;USART_Cmd
<LI><a href="#[c3]">&gt;&gt;</a>&nbsp;&nbsp;&nbsp;DMA_Cmd
<LI><a href="#[10f]">&gt;&gt;</a>&nbsp;&nbsp;&nbsp;USART_Init
<LI><a href="#[111]">&gt;&gt;</a>&nbsp;&nbsp;&nbsp;USART_DMACmd
<LI><a href="#[f4]">&gt;&gt;</a>&nbsp;&nbsp;&nbsp;RCC_APB2PeriphClockCmd
<LI><a href="#[e8]">&gt;&gt;</a>&nbsp;&nbsp;&nbsp;RCC_AHB1PeriphClockCmd
<LI><a href="#[ec]">&gt;&gt;</a>&nbsp;&nbsp;&nbsp;NVIC_PriorityGroupConfig
<LI><a href="#[ed]">&gt;&gt;</a>&nbsp;&nbsp;&nbsp;NVIC_Init
[...]
<BR>[Address Reference Count : 1]<UL><LI> main.o(.text)
</UL>
<P><STRONG><a name="[b0]"></a>taskRobotAnalytics</STRONG> (Thumb, 14 bytes, Stack size 0 bytes, main.o(.text))
<BR><BR>[Stack]<UL><LI>Max Depth = 176<LI>Call Chain = taskRobotAnalytics &rArr; robotAnalytics &rArr; robotDirectionAnalytics &rArr; fixMotorValue &rArr; __aeabi_dsub &rArr; __aeabi_dadd &rArr; _double_epilogue &rArr; _double_round
</UL>
<BR>[Calls]<UL><LI><a href="#[145]">&gt;&gt;</a>&nbsp;&nbsp;&nbsp;robotAnalytics
<LI><a href="#[119]">&gt;&gt;</a>&nbsp;&nbsp;&nbsp;vTaskDelay
</UL>
<BR>[Address Reference Count : 1]<UL><LI> main.o(.text)
</UL>
<P><STRONG><a name="[b3]"></a>taskMain</STRONG> (Thumb, 712 bytes, Stack size 24 bytes, main.o(.text))
<BR><BR>[Stack]<UL><LI>Max Depth = 288<LI>Call Chain = taskMain &rArr; bat_dau_chay_do &rArr; nhat_hop_zone3_do &rArr; chon_o_nhat_hop_do &rArr; dat_hop1_3 &rArr; robotRunAngle &rArr; __aeabi_dmul &rArr; _double_epilogue &rArr; _double_round
</UL>
<BR>[Calls]<UL><LI><a href="#[177]">&gt;&gt;</a>&nbsp;&nbsp;&nbsp;vehome_xuat_phat
<LI><a href="#[176]">&gt;&gt;</a>&nbsp;&nbsp;&nbsp;vehome
<LI><a href="#[25c]">&gt;&gt;</a>&nbsp;&nbsp;&nbsp;Nang_Ha_tay2_Manual
<LI><a href="#[25b]">&gt;&gt;</a>&nbsp;&nbsp;&nbsp;Nang_Ha_tay1_Manual
<LI><a href="#[25d]">&gt;&gt;</a>&nbsp;&nbsp;&nbsp;Xoay_tay_Manual
<LI><a href="#[15b]">&gt;&gt;</a>&nbsp;&nbsp;&nbsp;MD_qua_trai_phai_len_bac_200
<LI><a href="#[158]">&gt;&gt;</a>&nbsp;&nbsp;&nbsp;Leo_bac_200
<LI><a href="#[152]">&gt;&gt;</a>&nbsp;&nbsp;&nbsp;Nang_thuong
<LI><a href="#[138]">&gt;&gt;</a>&nbsp;&nbsp;&nbsp;robotStop
<LI><a href="#[12d]">&gt;&gt;</a>&nbsp;&nbsp;&nbsp;robotResetIMU
<LI><a href="#[159]">&gt;&gt;</a>&nbsp;&nbsp;&nbsp;RESET_ENCODER
<LI><a href="#[11c]">&gt;&gt;</a>&nbsp;&nbsp;&nbsp;UART5_DMA_TX
<LI><a href="#[115]">&gt;&gt;</a>&nbsp;&nbsp;&nbsp;UART4_DMA_RX
<LI><a href="#[114]">&gt;&gt;</a>&nbsp;&nbsp;&nbsp;UART3_DMA_RX
<LI><a href="#[113]">&gt;&gt;</a>&nbsp;&nbsp;&nbsp;UART2_DMA_TX
<LI><a href="#[10e]">&gt;&gt;</a>&nbsp;&nbsp;&nbsp;UART1_DMA_RX
<LI><a href="#[104]">&gt;&gt;</a>&nbsp;&nbsp;&nbsp;Config_ADC1_DMA
<LI><a href="#[103]">&gt;&gt;</a>&nbsp;&nbsp;&nbsp;Config_encoder_timer5
<LI><a href="#[102]">&gt;&gt;</a>&nbsp;&nbsp;&nbsp;Config_encoder_timer4
<LI><a href="#[100]">&gt;&gt;</a>&nbsp;&nbsp;&nbsp;Config_encoder_timer2_timer3
<LI><a href="#[f2]">&gt;&gt;</a>&nbsp;&nbsp;&nbsp;Config_int_time7
<LI><a href="#[ea]">&gt;&gt;</a>&nbsp;&nbsp;&nbsp;Config_in_mode
<LI><a href="#[e7]">&gt;&gt;</a>&nbsp;&nbsp;&nbsp;Config_out_mode
<LI><a href="#[cb]">&gt;&gt;</a>&nbsp;&nbsp;&nbsp;GPIO_ReadInputDataBit
<LI><a href="#[25a]">&gt;&gt;</a>&nbsp;&nbsp;&nbsp;xTaskGenericCreate
<LI><a href="#[119]">&gt;&gt;</a>&nbsp;&nbsp;&nbsp;vTaskDelay
<LI><a href="#[248]">&gt;&gt;</a>&nbsp;&nbsp;&nbsp;bat_dau_chay_do
<LI><a href="#[25f]">&gt;&gt;</a>&nbsp;&nbsp;&nbsp;Init_Action_Table_san_do
<LI><a href="#[205]">&gt;&gt;</a>&nbsp;&nbsp;&nbsp;bat_dau_chay_xanh
<LI><a href="#[1d6]">&gt;&gt;</a>&nbsp;&nbsp;&nbsp;Run_All_Blocks_From_Queue_san_xanh
<LI><a href="#[260]">&gt;&gt;</a>&nbsp;&nbsp;&nbsp;Init_Action_Table_san_xanh
<LI><a href="#[1bb]">&gt;&gt;</a>&nbsp;&nbsp;&nbsp;robotGamePadControl
<LI><a href="#[25e]">&gt;&gt;</a>&nbsp;&nbsp;&nbsp;go_qua
</UL>
<BR>[Address Reference Count : 1]<UL><LI> main.o(.text)
</UL>
<P><STRONG><a name="[262]"></a>SetSysClock</STRONG> (Thumb, 220 bytes, Stack size 12 bytes, system_stm32f4xx.o(.text))
<BR><BR>[Stack]<UL><LI>Max Depth = 12<LI>Call Chain = SetSysClock
</UL>
<BR>[Called By]<UL><LI><a href="#[b5]">&gt;&gt;</a>&nbsp;&nbsp;&nbsp;SystemInit
</UL>

<P><STRONG><a name="[271]"></a>TI4_Config</STRONG> (Thumb, 80 bytes, Stack size 20 bytes, stm32f4xx_tim.o(.text))
<BR><BR>[Stack]<UL><LI>Max Depth = 20<LI>Call Chain = TI4_Config
</UL>
<BR>[Called By]<UL><LI><a href="#[fe]">&gt;&gt;</a>&nbsp;&nbsp;&nbsp;TIM_ICInit
</UL>

<P><STRONG><a name="[26f]"></a>TI3_Config</STRONG> (Thumb, 72 bytes, Stack size 20 bytes, stm32f4xx_tim.o(.text))
<BR><BR>[Stack]<UL><LI>Max Depth = 20<LI>Call Chain = TI3_Config
</UL>
<BR>[Called By]<UL><LI><a href="#[fe]">&gt;&gt;</a>&nbsp;&nbsp;&nbsp;TIM_ICInit
</UL>

<P><STRONG><a name="[26d]"></a>TI2_Config</STRONG> (Thumb, 90 bytes, Stack size 20 bytes, stm32f4xx_tim.o(.text))
<BR><BR>[Stack]<UL><LI>Max Depth = 20<LI>Call Chain = TI2_Config
</UL>
<BR>[Called By]<UL><LI><a href="#[276]">&gt;&gt;</a>&nbsp;&nbsp;&nbsp;TIM_TIxExternalClockConfig
<LI><a href="#[273]">&gt;&gt;</a>&nbsp;&nbsp;&nbsp;TIM_PWMIConfig
<LI><a href="#[fe]">&gt;&gt;</a>&nbsp;&nbsp;&nbsp;TIM_ICInit
</UL>

<P><STRONG><a name="[26b]"></a>TI1_Config</STRONG> (Thumb, 58 bytes, Stack size 20 bytes, stm32f4xx_tim.o(.text))
<BR><BR>[Stack]<UL><LI>Max Depth = 20<LI>Call Chain = TI1_Config
</UL>
<BR>[Called By]<UL><LI><a href="#[276]">&gt;&gt;</a>&nbsp;&nbsp;&nbsp;TIM_TIxExternalClockConfig
<LI><a href="#[273]">&gt;&gt;</a>&nbsp;&nbsp;&nbsp;TIM_PWMIConfig
<LI><a href="#[fe]">&gt;&gt;</a>&nbsp;&nbsp;&nbsp;TIM_ICInit
</UL>

<P><STRONG><a name="[287]"></a>prvUnlockQueue</STRONG> (Thumb, 126 bytes, Stack size 8 bytes, queue.o(.text))
<BR><BR>[Stack]<UL><LI>Max Depth = 24<LI>Call Chain = prvUnlockQueue &rArr; xTaskRemoveFromEventList
</UL>
<BR>[Calls]<UL><LI><a href="#[280]">&gt;&gt;</a>&nbsp;&nbsp;&nbsp;xTaskRemoveFromEventList
<LI><a href="#[288]">&gt;&gt;</a>&nbsp;&nbsp;&nbsp;vTaskMissedYield
<LI><a href="#[283]">&gt;&gt;</a>&nbsp;&nbsp;&nbsp;vPortExitCritical
<LI><a href="#[27f]">&gt;&gt;</a>&nbsp;&nbsp;&nbsp;vPortEnterCritical
</UL>
<BR>[Called By]<UL><LI><a href="#[2a5]">&gt;&gt;</a>&nbsp;&nbsp;&nbsp;vQueueWaitForMessageRestricted
<LI><a href="#[298]">&gt;&gt;</a>&nbsp;&nbsp;&nbsp;xQueueGenericReceive
<LI><a href="#[28d]">&gt;&gt;</a>&nbsp;&nbsp;&nbsp;xQueueGenericSend
</UL>

<P><STRONG><a name="[289]"></a>prvIsQueueFull</STRONG> (Thumb, 32 bytes, Stack size 16 bytes, queue.o(.text))
<BR><BR>[Stack]<UL><LI>Max Depth = 24<LI>Call Chain = prvIsQueueFull &rArr; vPortExitCritical
</UL>
<BR>[Calls]<UL><LI><a href="#[283]">&gt;&gt;</a>&nbsp;&nbsp;&nbsp;vPortExitCritical
<LI><a href="#[27f]">&gt;&gt;</a>&nbsp;&nbsp;&nbsp;vPortEnterCritical
</UL>
<BR>[Called By]<UL><LI><a href="#[28d]">&gt;&gt;</a>&nbsp;&nbsp;&nbsp;xQueueGenericSend
</UL>

<P><STRONG><a name="[28a]"></a>prvCopyDataToQueue</STRONG> (Thumb, 104 bytes, Stack size 16 bytes, queue.o(.text))
<BR><BR>[Stack]<UL><LI>Max Depth = 32<LI>Call Chain = prvCopyDataToQueue &rArr; vTaskPriorityDisinherit
</UL>
<BR>[Calls]<UL><LI><a href="#[28c]">&gt;&gt;</a>&nbsp;&nbsp;&nbsp;__aeabi_memcpy
<LI><a href="#[28b]">&gt;&gt;</a>&nbsp;&nbsp;&nbsp;vTaskPriorityDisinherit
</UL>
<BR>[Called By]<UL><LI><a href="#[29c]">&gt;&gt;</a>&nbsp;&nbsp;&nbsp;xQueueGenericSendFromISR
<LI><a href="#[28d]">&gt;&gt;</a>&nbsp;&nbsp;&nbsp;xQueueGenericSend
</UL>

<P><STRONG><a name="[296]"></a>prvIsQueueEmpty</STRONG> (Thumb, 28 bytes, Stack size 16 bytes, queue.o(.text))
<BR><BR>[Stack]<UL><LI>Max Depth = 24<LI>Call Chain = prvIsQueueEmpty &rArr; vPortExitCritical
</UL>
<BR>[Calls]<UL><LI><a href="#[283]">&gt;&gt;</a>&nbsp;&nbsp;&nbsp;vPortExitCritical
<LI><a href="#[27f]">&gt;&gt;</a>&nbsp;&nbsp;&nbsp;vPortEnterCritical
</UL>
<BR>[Called By]<UL><LI><a href="#[298]">&gt;&gt;</a>&nbsp;&nbsp;&nbsp;xQueueGenericReceive
</UL>

<P><STRONG><a name="[297]"></a>prvCopyDataFromQueue</STRONG> (Thumb, 42 bytes, Stack size 16 bytes, queue.o(.text))
<BR><BR>[Stack]<UL><LI>Max Depth = 16<LI>Call Chain = prvCopyDataFromQueue
</UL>
<BR>[Calls]<UL><LI><a href="#[28c]">&gt;&gt;</a>&nbsp;&nbsp;&nbsp;__aeabi_memcpy
</UL>
<BR>[Called By]<UL><LI><a href="#[29e]">&gt;&gt;</a>&nbsp;&nbsp;&nbsp;xQueueReceiveFromISR
<LI><a href="#[298]">&gt;&gt;</a>&nbsp;&nbsp;&nbsp;xQueueGenericReceive
</UL>

<P><STRONG><a name="[2a2]"></a>vQueueUnregisterQueue</STRONG> (Thumb, 38 bytes, Stack size 0 bytes, queue.o(.text), UNUSED)
<BR><BR>[Called By]<UL><LI><a href="#[2a1]">&gt;&gt;</a>&nbsp;&nbsp;&nbsp;vQueueDelete
</UL>

<P><STRONG><a name="[2a7]"></a>prvInsertTimerInActiveList</STRONG> (Thumb, 80 bytes, Stack size 24 bytes, timers.o(.text))
<BR><BR>[Stack]<UL><LI>Max Depth = 32<LI>Call Chain = prvInsertTimerInActiveList &rArr; vListInsert
</UL>
<BR>[Calls]<UL><LI><a href="#[2a8]">&gt;&gt;</a>&nbsp;&nbsp;&nbsp;vListInsert
</UL>
<BR>[Called By]<UL><LI><a href="#[2b0]">&gt;&gt;</a>&nbsp;&nbsp;&nbsp;prvProcessExpiredTimer
<LI><a href="#[2af]">&gt;&gt;</a>&nbsp;&nbsp;&nbsp;prvProcessReceivedCommands
</UL>

<P><STRONG><a name="[2ab]"></a>prvSwitchTimerLists</STRONG> (Thumb, 138 bytes, Stack size 32 bytes, timers.o(.text))
<BR><BR>[Stack]<UL><LI>Max Depth = 152<LI>Call Chain = prvSwitchTimerLists &rArr; xTimerGenericCommand &rArr; xQueueGenericSend &rArr; xTaskResumeAll &rArr; vTaskIncrementTick
</UL>
<BR>[Calls]<UL><LI><a href="#[2a9]">&gt;&gt;</a>&nbsp;&nbsp;&nbsp;xTimerGenericCommand
<LI><a href="#[2a8]">&gt;&gt;</a>&nbsp;&nbsp;&nbsp;vListInsert
<LI><a href="#[2ac]">&gt;&gt;</a>&nbsp;&nbsp;&nbsp;uxListRemove
<LI><a href="#[27e]">&gt;&gt;</a>&nbsp;&nbsp;&nbsp;ulPortSetInterruptMask
</UL>
<BR>[Called By]<UL><LI><a href="#[2ad]">&gt;&gt;</a>&nbsp;&nbsp;&nbsp;prvSampleTimeNow
</UL>

<P><STRONG><a name="[2ad]"></a>prvSampleTimeNow</STRONG> (Thumb, 44 bytes, Stack size 16 bytes, timers.o(.text))
<BR><BR>[Stack]<UL><LI>Max Depth = 168<LI>Call Chain = prvSampleTimeNow &rArr; prvSwitchTimerLists &rArr; xTimerGenericCommand &rArr; xQueueGenericSend &rArr; xTaskResumeAll &rArr; vTaskIncrementTick
</UL>
<BR>[Calls]<UL><LI><a href="#[2ab]">&gt;&gt;</a>&nbsp;&nbsp;&nbsp;prvSwitchTimerLists
<LI><a href="#[2ae]">&gt;&gt;</a>&nbsp;&nbsp;&nbsp;xTaskGetTickCount
</UL>
<BR>[Called By]<UL><LI><a href="#[2b1]">&gt;&gt;</a>&nbsp;&nbsp;&nbsp;prvProcessTimerOrBlockTask
<LI><a href="#[2af]">&gt;&gt;</a>&nbsp;&nbsp;&nbsp;prvProcessReceivedCommands
</UL>

<P><STRONG><a name="[2af]"></a>prvProcessReceivedCommands</STRONG> (Thumb, 198 bytes, Stack size 40 bytes, timers.o(.text))
<BR><BR>[Stack]<UL><LI>Max Depth = 208<LI>Call Chain = prvProcessReceivedCommands &rArr; prvSampleTimeNow &rArr; prvSwitchTimerLists &rArr; xTimerGenericCommand &rArr; xQueueGenericSend &rArr; xTaskResumeAll &rArr; vTaskIncrementTick
</UL>
<BR>[Calls]<UL><LI><a href="#[2a9]">&gt;&gt;</a>&nbsp;&nbsp;&nbsp;xTimerGenericCommand
<LI><a href="#[2ad]">&gt;&gt;</a>&nbsp;&nbsp;&nbsp;prvSampleTimeNow
<LI><a href="#[2a7]">&gt;&gt;</a>&nbsp;&nbsp;&nbsp;prvInsertTimerInActiveList
<LI><a href="#[286]">&gt;&gt;</a>&nbsp;&nbsp;&nbsp;vPortFree
<LI><a href="#[298]">&gt;&gt;</a>&nbsp;&nbsp;&nbsp;xQueueGenericReceive
<LI><a href="#[2ac]">&gt;&gt;</a>&nbsp;&nbsp;&nbsp;uxListRemove
<LI><a href="#[27e]">&gt;&gt;</a>&nbsp;&nbsp;&nbsp;ulPortSetInterruptMask
</UL>
<BR>[Called By]<UL><LI><a href="#[b7]">&gt;&gt;</a>&nbsp;&nbsp;&nbsp;prvTimerTask
</UL>

<P><STRONG><a name="[2b0]"></a>prvProcessExpiredTimer</STRONG> (Thumb, 82 bytes, Stack size 24 bytes, timers.o(.text))
<BR><BR>[Stack]<UL><LI>Max Depth = 144<LI>Call Chain = prvProcessExpiredTimer &rArr; xTimerGenericCommand &rArr; xQueueGenericSend &rArr; xTaskResumeAll &rArr; vTaskIncrementTick
</UL>
<BR>[Calls]<UL><LI><a href="#[2a9]">&gt;&gt;</a>&nbsp;&nbsp;&nbsp;xTimerGenericCommand
<LI><a href="#[2a7]">&gt;&gt;</a>&nbsp;&nbsp;&nbsp;prvInsertTimerInActiveList
<LI><a href="#[2ac]">&gt;&gt;</a>&nbsp;&nbsp;&nbsp;uxListRemove
<LI><a href="#[27e]">&gt;&gt;</a>&nbsp;&nbsp;&nbsp;ulPortSetInterruptMask
</UL>
<BR>[Called By]<UL><LI><a href="#[2b1]">&gt;&gt;</a>&nbsp;&nbsp;&nbsp;prvProcessTimerOrBlockTask
</UL>

<P><STRONG><a name="[2b1]"></a>prvProcessTimerOrBlockTask</STRONG> (Thumb, 70 bytes, Stack size 24 bytes, timers.o(.text))
<BR><BR>[Stack]<UL><LI>Max Depth = 192<LI>Call Chain = prvProcessTimerOrBlockTask &rArr; prvSampleTimeNow &rArr; prvSwitchTimerLists &rArr; xTimerGenericCommand &rArr; xQueueGenericSend &rArr; xTaskResumeAll &rArr; vTaskIncrementTick
</UL>
<BR>[Calls]<UL><LI><a href="#[2b0]">&gt;&gt;</a>&nbsp;&nbsp;&nbsp;prvProcessExpiredTimer
<LI><a href="#[2ad]">&gt;&gt;</a>&nbsp;&nbsp;&nbsp;prvSampleTimeNow
<LI><a href="#[292]">&gt;&gt;</a>&nbsp;&nbsp;&nbsp;xTaskResumeAll
<LI><a href="#[28f]">&gt;&gt;</a>&nbsp;&nbsp;&nbsp;vTaskSuspendAll
<LI><a href="#[281]">&gt;&gt;</a>&nbsp;&nbsp;&nbsp;vPortYieldFromISR
<LI><a href="#[2a5]">&gt;&gt;</a>&nbsp;&nbsp;&nbsp;vQueueWaitForMessageRestricted
</UL>
<BR>[Called By]<UL><LI><a href="#[b7]">&gt;&gt;</a>&nbsp;&nbsp;&nbsp;prvTimerTask
</UL>

<P><STRONG><a name="[2b2]"></a>prvGetNextExpireTime</STRONG> (Thumb, 36 bytes, Stack size 0 bytes, timers.o(.text))
<BR><BR>[Called By]<UL><LI><a href="#[b7]">&gt;&gt;</a>&nbsp;&nbsp;&nbsp;prvTimerTask
</UL>

<P><STRONG><a name="[b7]"></a>prvTimerTask</STRONG> (Thumb, 26 bytes, Stack size 8 bytes, timers.o(.text))
<BR><BR>[Stack]<UL><LI>Max Depth = 216<LI>Call Chain = prvTimerTask &rArr; prvProcessReceivedCommands &rArr; prvSampleTimeNow &rArr; prvSwitchTimerLists &rArr; xTimerGenericCommand &rArr; xQueueGenericSend &rArr; xTaskResumeAll &rArr; vTaskIncrementTick
</UL>
<BR>[Calls]<UL><LI><a href="#[2b2]">&gt;&gt;</a>&nbsp;&nbsp;&nbsp;prvGetNextExpireTime
<LI><a href="#[2b1]">&gt;&gt;</a>&nbsp;&nbsp;&nbsp;prvProcessTimerOrBlockTask
<LI><a href="#[2af]">&gt;&gt;</a>&nbsp;&nbsp;&nbsp;prvProcessReceivedCommands
</UL>
<BR>[Address Reference Count : 1]<UL><LI> timers.o(.text)
</UL>
<P><STRONG><a name="[2b3]"></a>prvCheckForValidListAndQueue</STRONG> (Thumb, 56 bytes, Stack size 8 bytes, timers.o(.text))
<BR><BR>[Stack]<UL><LI>Max Depth = 96<LI>Call Chain = prvCheckForValidListAndQueue &rArr; xQueueGenericCreate &rArr; pvPortMalloc &rArr; xTaskResumeAll &rArr; vTaskIncrementTick
</UL>
<BR>[Calls]<UL><LI><a href="#[283]">&gt;&gt;</a>&nbsp;&nbsp;&nbsp;vPortExitCritical
<LI><a href="#[27f]">&gt;&gt;</a>&nbsp;&nbsp;&nbsp;vPortEnterCritical
<LI><a href="#[284]">&gt;&gt;</a>&nbsp;&nbsp;&nbsp;xQueueGenericCreate
<LI><a href="#[282]">&gt;&gt;</a>&nbsp;&nbsp;&nbsp;vListInitialise
</UL>
<BR>[Called By]<UL><LI><a href="#[2b5]">&gt;&gt;</a>&nbsp;&nbsp;&nbsp;xTimerCreate
<LI><a href="#[2b4]">&gt;&gt;</a>&nbsp;&nbsp;&nbsp;xTimerCreateTimerTask
</UL>

<P><STRONG><a name="[2bd]"></a>prvInitialiseTaskLists</STRONG> (Thumb, 70 bytes, Stack size 8 bytes, tasks.o(.text))
<BR><BR>[Stack]<UL><LI>Max Depth = 8<LI>Call Chain = prvInitialiseTaskLists
</UL>
<BR>[Calls]<UL><LI><a href="#[282]">&gt;&gt;</a>&nbsp;&nbsp;&nbsp;vListInitialise
</UL>
<BR>[Called By]<UL><LI><a href="#[25a]">&gt;&gt;</a>&nbsp;&nbsp;&nbsp;xTaskGenericCreate
</UL>

<P><STRONG><a name="[2be]"></a>prvInitialiseTCBVariables</STRONG> (Thumb, 70 bytes, Stack size 24 bytes, tasks.o(.text))
<BR><BR>[Stack]<UL><LI>Max Depth = 32<LI>Call Chain = prvInitialiseTCBVariables &rArr; strncpy
</UL>
<BR>[Calls]<UL><LI><a href="#[d1]">&gt;&gt;</a>&nbsp;&nbsp;&nbsp;strncpy
<LI><a href="#[2b6]">&gt;&gt;</a>&nbsp;&nbsp;&nbsp;vListInitialiseItem
</UL>
<BR>[Called By]<UL><LI><a href="#[25a]">&gt;&gt;</a>&nbsp;&nbsp;&nbsp;xTaskGenericCreate
</UL>

<P><STRONG><a name="[2bf]"></a>prvAllocateTCBAndStack</STRONG> (Thumb, 58 bytes, Stack size 16 bytes, tasks.o(.text))
<BR><BR>[Stack]<UL><LI>Max Depth = 72<LI>Call Chain = prvAllocateTCBAndStack &rArr; pvPortMalloc &rArr; xTaskResumeAll &rArr; vTaskIncrementTick
</UL>
<BR>[Calls]<UL><LI><a href="#[2c0]">&gt;&gt;</a>&nbsp;&nbsp;&nbsp;__aeabi_memset
<LI><a href="#[286]">&gt;&gt;</a>&nbsp;&nbsp;&nbsp;vPortFree
<LI><a href="#[285]">&gt;&gt;</a>&nbsp;&nbsp;&nbsp;pvPortMalloc
</UL>
<BR>[Called By]<UL><LI><a href="#[25a]">&gt;&gt;</a>&nbsp;&nbsp;&nbsp;xTaskGenericCreate
</UL>

<P><STRONG><a name="[2c4]"></a>prvAddCurrentTaskToDelayedList</STRONG> (Thumb, 62 bytes, Stack size 8 bytes, tasks.o(.text))
<BR><BR>[Stack]<UL><LI>Max Depth = 16<LI>Call Chain = prvAddCurrentTaskToDelayedList &rArr; vListInsert
</UL>
<BR>[Calls]<UL><LI><a href="#[2a8]">&gt;&gt;</a>&nbsp;&nbsp;&nbsp;vListInsert
</UL>
<BR>[Called By]<UL><LI><a href="#[119]">&gt;&gt;</a>&nbsp;&nbsp;&nbsp;vTaskDelay
<LI><a href="#[2c5]">&gt;&gt;</a>&nbsp;&nbsp;&nbsp;vTaskDelayUntil
<LI><a href="#[2a6]">&gt;&gt;</a>&nbsp;&nbsp;&nbsp;vTaskPlaceOnEventListRestricted
<LI><a href="#[291]">&gt;&gt;</a>&nbsp;&nbsp;&nbsp;vTaskPlaceOnEventList
</UL>

<P><STRONG><a name="[2cc]"></a>prvDeleteTCB</STRONG> (Thumb, 18 bytes, Stack size 8 bytes, tasks.o(.text))
<BR><BR>[Stack]<UL><LI>Max Depth = 56<LI>Call Chain = prvDeleteTCB &rArr; vPortFree &rArr; xTaskResumeAll &rArr; vTaskIncrementTick
</UL>
<BR>[Calls]<UL><LI><a href="#[286]">&gt;&gt;</a>&nbsp;&nbsp;&nbsp;vPortFree
</UL>
<BR>[Called By]<UL><LI><a href="#[2cd]">&gt;&gt;</a>&nbsp;&nbsp;&nbsp;prvCheckTasksWaitingTermination
</UL>

<P><STRONG><a name="[2cd]"></a>prvCheckTasksWaitingTermination</STRONG> (Thumb, 86 bytes, Stack size 16 bytes, tasks.o(.text))
<BR><BR>[Stack]<UL><LI>Max Depth = 72<LI>Call Chain = prvCheckTasksWaitingTermination &rArr; prvDeleteTCB &rArr; vPortFree &rArr; xTaskResumeAll &rArr; vTaskIncrementTick
</UL>
<BR>[Calls]<UL><LI><a href="#[2cc]">&gt;&gt;</a>&nbsp;&nbsp;&nbsp;prvDeleteTCB
<LI><a href="#[292]">&gt;&gt;</a>&nbsp;&nbsp;&nbsp;xTaskResumeAll
<LI><a href="#[28f]">&gt;&gt;</a>&nbsp;&nbsp;&nbsp;vTaskSuspendAll
<LI><a href="#[283]">&gt;&gt;</a>&nbsp;&nbsp;&nbsp;vPortExitCritical
<LI><a href="#[27f]">&gt;&gt;</a>&nbsp;&nbsp;&nbsp;vPortEnterCritical
<LI><a href="#[2ac]">&gt;&gt;</a>&nbsp;&nbsp;&nbsp;uxListRemove
</UL>
<BR>[Called By]<UL><LI><a href="#[b8]">&gt;&gt;</a>&nbsp;&nbsp;&nbsp;prvIdleTask
</UL>

<P><STRONG><a name="[b8]"></a>prvIdleTask</STRONG> (Thumb, 20 bytes, Stack size 0 bytes, tasks.o(.text))
<BR><BR>[Stack]<UL><LI>Max Depth = 72<LI>Call Chain = prvIdleTask &rArr; prvCheckTasksWaitingTermination &rArr; prvDeleteTCB &rArr; vPortFree &rArr; xTaskResumeAll &rArr; vTaskIncrementTick
</UL>
<BR>[Calls]<UL><LI><a href="#[2cd]">&gt;&gt;</a>&nbsp;&nbsp;&nbsp;prvCheckTasksWaitingTermination
<LI><a href="#[281]">&gt;&gt;</a>&nbsp;&nbsp;&nbsp;vPortYieldFromISR
</UL>
<BR>[Address Reference Count : 1]<UL><LI> tasks.o(.text)
</UL>
<P><STRONG><a name="[2d2]"></a>usTaskCheckFreeStackSpace</STRONG> (Thumb, 22 bytes, Stack size 0 bytes, tasks.o(.text), UNUSED)
<BR><BR>[Called By]<UL><LI><a href="#[2d1]">&gt;&gt;</a>&nbsp;&nbsp;&nbsp;prvListTaskWithinSingleList
</UL>

<P><STRONG><a name="[2d1]"></a>prvListTaskWithinSingleList</STRONG> (Thumb, 116 bytes, Stack size 40 bytes, tasks.o(.text), UNUSED)
<BR><BR>[Calls]<UL><LI><a href="#[db]">&gt;&gt;</a>&nbsp;&nbsp;&nbsp;strcat
<LI><a href="#[2d2]">&gt;&gt;</a>&nbsp;&nbsp;&nbsp;usTaskCheckFreeStackSpace
<LI><a href="#[d9]">&gt;&gt;</a>&nbsp;&nbsp;&nbsp;__2sprintf
</UL>
<BR>[Called By]<UL><LI><a href="#[2d3]">&gt;&gt;</a>&nbsp;&nbsp;&nbsp;vTaskList
</UL>

<P><STRONG><a name="[2e0]"></a>_printf_core</STRONG> (Thumb, 996 bytes, Stack size 104 bytes, printf8.o(i._printf_core), UNUSED)
<BR><BR>[Calls]<UL><LI><a href="#[2dd]">&gt;&gt;</a>&nbsp;&nbsp;&nbsp;__aeabi_uldivmod
<LI><a href="#[2f4]">&gt;&gt;</a>&nbsp;&nbsp;&nbsp;_printf_pre_padding
<LI><a href="#[2f5]">&gt;&gt;</a>&nbsp;&nbsp;&nbsp;_printf_post_padding
</UL>
<BR>[Called By]<UL><LI><a href="#[2e1]">&gt;&gt;</a>&nbsp;&nbsp;&nbsp;__0sprintf$8
<LI><a href="#[2df]">&gt;&gt;</a>&nbsp;&nbsp;&nbsp;__0snprintf$8
</UL>

<P><STRONG><a name="[2f5]"></a>_printf_post_padding</STRONG> (Thumb, 36 bytes, Stack size 24 bytes, printf8.o(i._printf_post_padding), UNUSED)
<BR><BR>[Called By]<UL><LI><a href="#[2e0]">&gt;&gt;</a>&nbsp;&nbsp;&nbsp;_printf_core
</UL>

<P><STRONG><a name="[2f4]"></a>_printf_pre_padding</STRONG> (Thumb, 46 bytes, Stack size 24 bytes, printf8.o(i._printf_pre_padding), UNUSED)
<BR><BR>[Called By]<UL><LI><a href="#[2e0]">&gt;&gt;</a>&nbsp;&nbsp;&nbsp;_printf_core
</UL>

<P><STRONG><a name="[b9]"></a>_snputc</STRONG> (Thumb, 22 bytes, Stack size 0 bytes, printf8.o(i._snputc))
<BR>[Address Reference Count : 1]<UL><LI> printf8.o(i.__0snprintf$8)
</UL>
<P><STRONG><a name="[ba]"></a>_sputc</STRONG> (Thumb, 10 bytes, Stack size 0 bytes, printf8.o(i._sputc))
<BR><BR>[Called By]<UL><LI><a href="#[2e1]">&gt;&gt;</a>&nbsp;&nbsp;&nbsp;__0sprintf$8
</UL>
<BR>[Address Reference Count : 1]<UL><LI> printf8.o(i.__0sprintf$8)
</UL><P>
<H3>
Undefined Global Symbols
</H3><HR></body></html>
