<html>
<body>
<pre>
<h1>µVision Build Log</h1>
<h2>Tool Versions:</h2>
IDE-Version: µVision V5.29.0.0
Copyright (C) 2019 ARM Ltd and ARM Germany GmbH. All rights reserved.
License Information: han1 bao1, nvidia1, LIC=RC93N-YKQZN-45XT5-GN4QU-F28WE-F9LH0
 
Tool Versions:
Toolchain:       MDK-ARM Plus  Version: 5.29.0.0
Toolchain Path:  C:\Keil_v5\ARM\ARMCC\Bin
C Compiler:      Armcc.exe V5.06 update 6 (build 750)
Assembler:       Armasm.exe V5.06 update 6 (build 750)
Linker/Locator:  ArmLink.exe V5.06 update 6 (build 750)
Library Manager: ArmAr.exe V5.06 update 6 (build 750)
Hex Converter:   FromElf.exe V5.06 update 6 (build 750)
CPU DLL:         SARMCM3.DLL V5.29.0.0
Dialog DLL:      DCM.DLL V1.17.3.0
Target DLL:      STLink\ST-LINKIII-KEIL_SWO.dll V3.0.7.0
Dialog DLL:      TCM.DLL V1.36.5.0
 
<h2>Project:</h2>
C:\AI_folder\ROBOCON_2026\R2_bao\ROBOT_MR1\MDK-ARM\Project.uvprojx
Project File Date:  04/06/2026

<h2>Output:</h2>
*** Using Compiler 'V5.06 update 6 (build 750)', folder: 'C:\Keil_v5\ARM\ARMCC\Bin'
Build target 'Project'
compiling main.c...
..\LID_HMI.h(16): warning:  #223-D: function "strlen" declared implicitly
      int len = strlen(_buf1);
..\LID_HMI.h(17): warning:  #223-D: function "strcmp" declared implicitly
      if (strcmp(Buffer_HMI, _buf1) != 0) {	
..\LID_HMI.h(18): warning:  #223-D: function "strncpy" declared implicitly
          strncpy(Buffer_HMI, _buf1, sizeof(Buffer_HMI) - 1);  // Sao chép n?i dung m?i vào Buffer_HMI v?i gi?i h?n kích thu?c
..\LID_HMI.h(114): warning:  #223-D: function "strcat" declared implicitly
  strcat (ky_tu,ky_tu_1);
..\LID_HMI.h(97): warning:  #177-D: variable "k"  was declared but never referenced
  	char k=0xff,i;
..\LID_HMI.h(147): warning:  #223-D: function "strcat" declared implicitly
  strcat (ky_tu,ky_tu_1);
..\LID_HMI.h(132): warning:  #177-D: variable "k"  was declared but never referenced
  	char k=0xff,i;
..\LID_HMI.h(188): warning:  #223-D: function "strcat" declared implicitly
  strcat (ky_tu,ky_tu_1);
..\LID_HMI.h(171): warning:  #177-D: variable "k"  was declared but never referenced
  	char k=0xff,i;
..\doc_tay_game.h(153): warning:  #1-D: last line of file ends without a newline
  }
..\config.h(922): warning:  #177-D: variable "NVIC_InitStructure"  was declared but never referenced
  	NVIC_InitTypeDef NVIC_InitStructure;
..\config.h(1862): warning:  #47-D: incompatible redefinition of macro "UART_BUFFER_SIZE"  (declared at line 1741)
  #define UART_BUFFER_SIZE 8
..\config.h(2136): warning:  #188-D: enumerated type mixed with another type
  											GPIO_WriteBit(GPIOC,GPIO_Pin_15,0);
..\config.h(2140): warning:  #188-D: enumerated type mixed with another type
  											GPIO_WriteBit(GPIOC,GPIO_Pin_15,1);
..\config.h(2127): warning:  #177-D: variable "camera"  was declared but never referenced
  		char*camera="11111111111111111111110111111111";
..\config.h(2130): warning:  #550-D: variable "_chu_cac_bit"  was set but never used
  									char _chu_cac_bit[40];
..\config.h(2268): warning:  #177-D: variable "_k"  was declared but never referenced
  	{int _k,_i;
..\config.h(2268): warning:  #177-D: variable "_i"  was declared but never referenced
  	{int _k,_i;
..\config.h(2280): warning:  #1-D: last line of file ends without a newline
  }
..\4OmniControler.h(390): warning:  #1035-D: single-precision operand implicitly converted to double-precision
  			robotRotate(robotAngle, (abs(robotAngle - _robotIMUAngle) > 100? (robotAngle > _robotIMUAngle ? rotate: -rotate):(robotAngle - _robotIMUAngle)*0.005), 0);
..\DieuKhienCoCau.h(23): warning:  #260-D: explicit type is missing ("int" assumed)
  extern speed_temp;
..\DieuKhienCoCau.h(110): warning:  #177-D: variable "lazeTruocNhoCouter"  was declared but never referenced
  	static unsigned int lazeTruocNhoCouter = 0, lazeTruocNho_SUM = 0;
..\DieuKhienCoCau.h(110): warning:  #177-D: variable "lazeTruocNho_SUM"  was declared but never referenced
  	static unsigned int lazeTruocNhoCouter = 0, lazeTruocNho_SUM = 0;
..\DieuKhienCoCau.h(113): warning:  #177-D: variable "bientromamxoayCouter"  was declared but never referenced
  	static unsigned int bientromamxoayCouter = 0, bientromamxoay_SUM = 0;
..\DieuKhienCoCau.h(113): warning:  #177-D: variable "bientromamxoay_SUM"  was declared but never referenced
  	static unsigned int bientromamxoayCouter = 0, bientromamxoay_SUM = 0;
..\DieuKhienCoCau.h(117): warning:  #177-D: variable "bientrodaytayCouter"  was declared but never referenced
  	static unsigned int bientrodaytayCouter = 0, bientrodaytay_SUM = 0;
..\DieuKhienCoCau.h(117): warning:  #177-D: variable "bientrodaytay_SUM"  was declared but never referenced
  	static unsigned int bientrodaytayCouter = 0, bientrodaytay_SUM = 0;
..\DieuKhienCoCau.h(118): warning:  #177-D: variable "bientronangtayCouter"  was declared but never referenced
  	static unsigned int bientronangtayCouter = 0, bientronangtay_SUM = 0;
..\DieuKhienCoCau.h(118): warning:  #177-D: variable "bientronangtay_SUM"  was declared but never referenced
  	static unsigned int bientronangtayCouter = 0, bientronangtay_SUM = 0;
..\DieuKhienCoCau.h(695): warning:  #174-D: expression has no effect
  			ha_sat_xuong;
..\DieuKhienCoCau.h(715): warning:  #174-D: expression has no effect
  					ha_sat_xuong;
..\BasicFunction.h(54): warning:  #177-D: variable "td_x"  was declared but never referenced
  	int tocdo = 40, td_x = 5;
..\San_Xanh.h(983): warning:  #177-D: variable "vitri_tay41"  was declared but never referenced
  	int vitri_tay41 = vitri_tay41_laser_trai_GapQua;
..\San_Xanh.h(1072): warning:  #177-D: variable "vitri"  was declared but never referenced
  		int vitri = 153;
..\San_Xanh.h(1073): warning:  #177-D: variable "vitri_tay41"  was declared but never referenced
  		int vitri_tay41 = vitri_tay41_laser_trai_GapQua;
..\San_Xanh.h(1112): warning:  #177-D: variable "vitri_tay23"  was declared but never referenced
  		int vitri_tay23 = vitri_tay23_laser_trai_GapQua;
..\San_Xanh.h(1256): warning:  #177-D: variable "vitri_tay41"  was declared but never referenced
  		int vitri_tay41 = vitri_tay41_laser_trai_GapQua;
..\San_Xanh.h(1257): warning:  #177-D: variable "vitri_tay23"  was declared but never referenced
  		int vitri_tay23 = vitri_tay23_laser_trai_GapQua;
..\San_Xanh.h(1439): warning:  #177-D: variable "vitri_tay23"  was declared but never referenced
  		int vitri_tay23 = vitri_tay23_phai_laser_GapQua;
..\module_san_Do.h(1207): warning:  #177-D: variable "vitri_tay41"  was declared but never referenced
  	int vitri_tay41 = vitri_tay41_laser_trai_GapQua;
..\main.c: 40 warnings, 0 errors
linking...
Program Size: Code=125448 RO-data=616 RW-data=1412 ZI-data=106436  
FromELF: creating hex file...
".\Project\Project.axf" - 0 Error(s), 40 Warning(s).

<h2>Software Packages used:</h2>

Package Vendor: ARM
                https://www.keil.com/pack/ARM.CMSIS.6.1.0.pack
                ARM.CMSIS.6.1.0
                CMSIS (Common Microcontroller Software Interface Standard)
   * Component: CORE Version: 6.1.0

Package Vendor: Keil
                https://www.keil.com/pack/Keil.STM32F4xx_DFP.3.1.1.pack
                Keil.STM32F4xx_DFP.3.1.1
                STMicroelectronics STM32F4 Series Device Support

<h2>Collection of Component include folders:</h2>
  .\RTE\_Project
  C:\Users\DELL\AppData\Local\Arm\Packs\ARM\CMSIS\6.1.0\CMSIS\Core\Include

<h2>Collection of Component Files used:</h2>

   * Component: ARM::CMSIS:CORE:6.1.0
Build Time Elapsed:  00:00:01
</pre>
</body>
</html>
